Component: ARM Compiler 5.06 update 1 (build 61) Tool: armlink [4d35a8]

==============================================================================

Section Cross References

    startup_stm32f10x_hd.o(STACK) refers (Special) to heapauxi.o(.text) for __use_two_region_memory
    startup_stm32f10x_hd.o(HEAP) refers (Special) to heapauxi.o(.text) for __use_two_region_memory
    startup_stm32f10x_hd.o(RESET) refers (Special) to heapauxi.o(.text) for __use_two_region_memory
    startup_stm32f10x_hd.o(RESET) refers to startup_stm32f10x_hd.o(STACK) for __initial_sp
    startup_stm32f10x_hd.o(RESET) refers to startup_stm32f10x_hd.o(.text) for Reset_Handler
    startup_stm32f10x_hd.o(RESET) refers to stm32f10x_it.o(.text) for NMI_Handler
    startup_stm32f10x_hd.o(RESET) refers to exti.o(.text) for EXTI0_IRQHandler
    startup_stm32f10x_hd.o(RESET) refers to usart.o(.text) for USART1_IRQHandler
    startup_stm32f10x_hd.o(.text) refers (Special) to heapauxi.o(.text) for __use_two_region_memory
    startup_stm32f10x_hd.o(.text) refers to system_stm32f10x.o(.text) for SystemInit
    startup_stm32f10x_hd.o(.text) refers to __main.o(!!!main) for __main
    startup_stm32f10x_hd.o(.text) refers to startup_stm32f10x_hd.o(HEAP) for Heap_Mem
    startup_stm32f10x_hd.o(.text) refers to startup_stm32f10x_hd.o(STACK) for Stack_Mem
    stm32f10x_gpio.o(.text) refers to stm32f10x_rcc.o(.text) for RCC_APB2PeriphResetCmd
    stm32f10x_rcc.o(.text) refers to stm32f10x_rcc.o(.data) for APBAHBPrescTable
    stm32f10x_usart.o(.text) refers to stm32f10x_rcc.o(.text) for RCC_APB2PeriphResetCmd
    stm32f10x_spi.o(.text) refers to stm32f10x_rcc.o(.text) for RCC_APB2PeriphResetCmd
    main.o(.text) refers to rt_memclr_w.o(.text) for __aeabi_memclr4
    main.o(.text) refers to delay.o(.text) for delay_init
    main.o(.text) refers to usart.o(.text) for USART1_Init
    main.o(.text) refers to mcp41010.o(.text) for MCP41010_Init
    main.o(.text) refers to exti.o(.text) for EXTIX_Init
    main.o(.text) refers to planeauto.o(.text) for PID_Init
    main.o(.text) refers to oled.o(.text) for ResetOLED
    main.o(.text) refers to strtonum.o(.text) for TempOrPressure
    main.o(.text) refers to usart.o(.data) for USART_RX3_STA
    main.o(.text) refers to usart.o(.bss) for Rx3Buf
    main.o(.text) refers to main.o(.data) for X_val
    system_stm32f10x.o(.text) refers to system_stm32f10x.o(.data) for SystemCoreClock
    mcp41010.o(.text) refers to stm32f10x_rcc.o(.text) for RCC_APB2PeriphClockCmd
    mcp41010.o(.text) refers to stm32f10x_gpio.o(.text) for GPIO_Init
    mcp41010.o(.text) refers to delay.o(.text) for delay_us
    mcp41010.o(.text) refers to dflt_clz.o(x$fpl$dflt) for __aeabi_i2d
    mcp41010.o(.text) refers to daddsub_clz.o(x$fpl$dsub) for __aeabi_dsub
    mcp41010.o(.text) refers to ddiv.o(x$fpl$ddiv) for __aeabi_ddiv
    mcp41010.o(.text) refers to dfix.o(x$fpl$dfix) for __aeabi_d2iz
    oled.o(.text) refers to stm32f10x_rcc.o(.text) for RCC_APB2PeriphClockCmd
    oled.o(.text) refers to stm32f10x_gpio.o(.text) for GPIO_Init
    oled.o(.text) refers to delay.o(.text) for delay_ms
    oled.o(.text) refers to oled.o(.bss) for OLED_GRAM
    oled.o(.text) refers to oled.o(.constdata) for asc2_1206
    usart.o(.text) refers to stm32f10x_rcc.o(.text) for RCC_APB2PeriphClockCmd
    usart.o(.text) refers to stm32f10x_usart.o(.text) for USART_DeInit
    usart.o(.text) refers to stm32f10x_gpio.o(.text) for GPIO_Init
    usart.o(.text) refers to misc.o(.text) for NVIC_Init
    usart.o(.text) refers to c89vsnprintf.o(.text) for __c89vsnprintf
    usart.o(.text) refers to usart.o(.bss) for Rx1Buf
    usart.o(.text) refers to usart.o(.data) for Rx1Flag
    delay.o(.text) refers to misc.o(.text) for SysTick_CLKSourceConfig
    delay.o(.text) refers to delay.o(.data) for fac_us
    sys.o(.text) refers to misc.o(.text) for NVIC_PriorityGroupConfig
    planeauto.o(.text) refers to mcp41010.o(.text) for SetChannelValue
    planeauto.o(.text) refers to rt_memclr_w.o(.text) for __aeabi_memclr4
    planeauto.o(.text) refers to fflt_clz.o(x$fpl$fflt) for __aeabi_i2f
    planeauto.o(.text) refers to faddsub_clz.o(x$fpl$fsub) for __aeabi_fsub
    planeauto.o(.text) refers to fmul.o(x$fpl$fmul) for __aeabi_fmul
    planeauto.o(.text) refers to faddsub_clz.o(x$fpl$frsb) for __aeabi_frsub
    planeauto.o(.text) refers to faddsub_clz.o(x$fpl$fadd) for __aeabi_fadd
    planeauto.o(.text) refers to ffix.o(x$fpl$ffix) for __aeabi_f2iz
    planeauto.o(.text) refers to usart.o(.data) for USART_RX3_STA
    planeauto.o(.text) refers to usart.o(.bss) for Rx3Buf
    planeauto.o(.text) refers to planeauto.o(.bss) for pid_X
    strtonum.o(.text) refers to strlen.o(.text) for strlen
    exti.o(.text) refers to stm32f10x_rcc.o(.text) for RCC_APB2PeriphClockCmd
    exti.o(.text) refers to stm32f10x_gpio.o(.text) for GPIO_Init
    exti.o(.text) refers to stm32f10x_exti.o(.text) for EXTI_Init
    exti.o(.text) refers to misc.o(.text) for NVIC_Init
[...]
    .ARM.Collect$$_printf_percent$$00000009  0x080001d8   Section        6  _printf_d.o(.ARM.Collect$$_printf_percent$$00000009)
    .ARM.Collect$$_printf_percent$$0000000A  0x080001de   Section        6  _printf_u.o(.ARM.Collect$$_printf_percent$$0000000A)
    .ARM.Collect$$_printf_percent$$0000000B  0x080001e4   Section        6  _printf_o.o(.ARM.Collect$$_printf_percent$$0000000B)
    .ARM.Collect$$_printf_percent$$0000000C  0x080001ea   Section        6  _printf_x.o(.ARM.Collect$$_printf_percent$$0000000C)
    .ARM.Collect$$_printf_percent$$0000000D  0x080001f0   Section        6  _printf_lli.o(.ARM.Collect$$_printf_percent$$0000000D)
    .ARM.Collect$$_printf_percent$$0000000E  0x080001f6   Section        6  _printf_lld.o(.ARM.Collect$$_printf_percent$$0000000E)
    .ARM.Collect$$_printf_percent$$0000000F  0x080001fc   Section        6  _printf_llu.o(.ARM.Collect$$_printf_percent$$0000000F)
    .ARM.Collect$$_printf_percent$$00000010  0x08000202   Section        6  _printf_llo.o(.ARM.Collect$$_printf_percent$$00000010)
    .ARM.Collect$$_printf_percent$$00000011  0x08000208   Section        6  _printf_llx.o(.ARM.Collect$$_printf_percent$$00000011)
    .ARM.Collect$$_printf_percent$$00000012  0x0800020e   Section       10  _printf_l.o(.ARM.Collect$$_printf_percent$$00000012)
    .ARM.Collect$$_printf_percent$$00000013  0x08000218   Section        6  _printf_c.o(.ARM.Collect$$_printf_percent$$00000013)
    .ARM.Collect$$_printf_percent$$00000014  0x0800021e   Section        6  _printf_s.o(.ARM.Collect$$_printf_percent$$00000014)
    .ARM.Collect$$_printf_percent$$00000015  0x08000224   Section        6  _printf_lc.o(.ARM.Collect$$_printf_percent$$00000015)
    .ARM.Collect$$_printf_percent$$00000016  0x0800022a   Section        6  _printf_ls.o(.ARM.Collect$$_printf_percent$$00000016)
    .ARM.Collect$$_printf_percent$$00000017  0x08000230   Section        4  _printf_percent_end.o(.ARM.Collect$$_printf_percent$$00000017)
    .ARM.Collect$$libinit$$00000000          0x08000234   Section        2  libinit.o(.ARM.Collect$$libinit$$00000000)
    .ARM.Collect$$libinit$$00000002          0x08000236   Section        0  libinit2.o(.ARM.Collect$$libinit$$00000002)
    .ARM.Collect$$libinit$$00000004          0x08000236   Section        0  libinit2.o(.ARM.Collect$$libinit$$00000004)
    .ARM.Collect$$libinit$$0000000A          0x08000236   Section        0  libinit2.o(.ARM.Collect$$libinit$$0000000A)
    .ARM.Collect$$libinit$$0000000C          0x08000236   Section        0  libinit2.o(.ARM.Collect$$libinit$$0000000C)
    .ARM.Collect$$libinit$$0000000E          0x08000236   Section        0  libinit2.o(.ARM.Collect$$libinit$$0000000E)
    .ARM.Collect$$libinit$$0000000F          0x08000236   Section        6  libinit2.o(.ARM.Collect$$libinit$$0000000F)
    .ARM.Collect$$libinit$$00000011          0x0800023c   Section        0  libinit2.o(.ARM.Collect$$libinit$$00000011)
    .ARM.Collect$$libinit$$00000012          0x0800023c   Section       12  libinit2.o(.ARM.Collect$$libinit$$00000012)
    .ARM.Collect$$libinit$$00000013          0x08000248   Section        0  libinit2.o(.ARM.Collect$$libinit$$00000013)
    .ARM.Collect$$libinit$$00000015          0x08000248   Section        0  libinit2.o(.ARM.Collect$$libinit$$00000015)
    .ARM.Collect$$libinit$$00000016          0x08000248   Section       10  libinit2.o(.ARM.Collect$$libinit$$00000016)
    .ARM.Collect$$libinit$$00000017          0x08000252   Section        0  libinit2.o(.ARM.Collect$$libinit$$00000017)
    .ARM.Collect$$libinit$$00000019          0x08000252   Section        0  libinit2.o(.ARM.Collect$$libinit$$00000019)
    .ARM.Collect$$libinit$$0000001B          0x08000252   Section        0  libinit2.o(.ARM.Collect$$libinit$$0000001B)
    .ARM.Collect$$libinit$$0000001D          0x08000252   Section        0  libinit2.o(.ARM.Collect$$libinit$$0000001D)
    .ARM.Collect$$libinit$$0000001F          0x08000252   Section        0  libinit2.o(.ARM.Collect$$libinit$$0000001F)
    .ARM.Collect$$libinit$$00000021          0x08000252   Section        0  libinit2.o(.ARM.Collect$$libinit$$00000021)
    .ARM.Collect$$libinit$$00000023          0x08000252   Section        0  libinit2.o(.ARM.Collect$$libinit$$00000023)
    .ARM.Collect$$libinit$$00000025          0x08000252   Section        0  libinit2.o(.ARM.Collect$$libinit$$00000025)
    .ARM.Collect$$libinit$$0000002C          0x08000252   Section        0  libinit2.o(.ARM.Collect$$libinit$$0000002C)
    .ARM.Collect$$libinit$$0000002E          0x08000252   Section        0  libinit2.o(.ARM.Collect$$libinit$$0000002E)
    .ARM.Collect$$libinit$$00000030          0x08000252   Section        0  libinit2.o(.ARM.Collect$$libinit$$00000030)
    .ARM.Collect$$libinit$$00000032          0x08000252   Section        0  libinit2.o(.ARM.Collect$$libinit$$00000032)
    .ARM.Collect$$libinit$$00000033          0x08000252   Section        2  libinit2.o(.ARM.Collect$$libinit$$00000033)
    .ARM.Collect$$libshutdown$$00000000      0x08000254   Section        2  libshutdown.o(.ARM.Collect$$libshutdown$$00000000)
    .ARM.Collect$$libshutdown$$00000002      0x08000256   Section        0  libshutdown2.o(.ARM.Collect$$libshutdown$$00000002)
    .ARM.Collect$$libshutdown$$00000004      0x08000256   Section        0  libshutdown2.o(.ARM.Collect$$libshutdown$$00000004)
    .ARM.Collect$$libshutdown$$00000007      0x08000256   Section        0  libshutdown2.o(.ARM.Collect$$libshutdown$$00000007)
    .ARM.Collect$$libshutdown$$0000000A      0x08000256   Section        0  libshutdown2.o(.ARM.Collect$$libshutdown$$0000000A)
    .ARM.Collect$$libshutdown$$0000000C      0x08000256   Section        0  libshutdown2.o(.ARM.Collect$$libshutdown$$0000000C)
    .ARM.Collect$$libshutdown$$0000000F      0x08000256   Section        0  libshutdown2.o(.ARM.Collect$$libshutdown$$0000000F)
    .ARM.Collect$$libshutdown$$00000010      0x08000256   Section        2  libshutdown2.o(.ARM.Collect$$libshutdown$$00000010)
    .ARM.Collect$$rtentry$$00000000          0x08000258   Section        0  __rtentry.o(.ARM.Collect$$rtentry$$00000000)
    .ARM.Collect$$rtentry$$00000002          0x08000258   Section        0  __rtentry2.o(.ARM.Collect$$rtentry$$00000002)
    .ARM.Collect$$rtentry$$00000004          0x08000258   Section        6  __rtentry4.o(.ARM.Collect$$rtentry$$00000004)
    .ARM.Collect$$rtentry$$00000009          0x0800025e   Section        0  __rtentry2.o(.ARM.Collect$$rtentry$$00000009)
    .ARM.Collect$$rtentry$$0000000A          0x0800025e   Section        4  __rtentry2.o(.ARM.Collect$$rtentry$$0000000A)
    .ARM.Collect$$rtentry$$0000000C          0x08000262   Section        0  __rtentry2.o(.ARM.Collect$$rtentry$$0000000C)
    .ARM.Collect$$rtentry$$0000000D          0x08000262   Section        8  __rtentry2.o(.ARM.Collect$$rtentry$$0000000D)
    .ARM.Collect$$rtexit$$00000000           0x0800026a   Section        2  rtexit.o(.ARM.Collect$$rtexit$$00000000)
    .ARM.Collect$$rtexit$$00000002           0x0800026c   Section        0  rtexit2.o(.ARM.Collect$$rtexit$$00000002)
    .ARM.Collect$$rtexit$$00000003           0x0800026c   Section        4  rtexit2.o(.ARM.Collect$$rtexit$$00000003)
    .ARM.Collect$$rtexit$$00000004           0x08000270   Section        6  rtexit2.o(.ARM.Collect$$rtexit$$00000004)
    .text                                    0x08000278   Section       64  startup_stm32f10x_hd.o(.text)
    .text                                    0x080002b8   Section        0  misc.o(.text)
    .text                                    0x08000394   Section        0  stm32f10x_gpio.o(.text)
    .text                                    0x080006f0   Section        0  stm32f10x_rcc.o(.text)
    .text                                    0x08000a94   Section        0  stm32f10x_usart.o(.text)
    .text                                    0x08000e9c   Section        0  stm32f10x_exti.o(.text)
    .text                                    0x08000fb8   Section        0  main.o(.text)
    .text                                    0x08001140   Section        0  stm32f10x_it.o(.text)
    .text                                    0x0800115c   Section        0  system_stm32f10x.o(.text)
    SetSysClockTo72                          0x0800115d   Thumb Code   214  system_stm32f10x.o(.text)
    SetSysClock                              0x08001233   Thumb Code     8  system_stm32f10x.o(.text)
    .text                                    0x0800133c   Section        0  mcp41010.o(.text)
    Set_PITCH_Resistor                       0x080013b7   Thumb Code   200  mcp41010.o(.text)
    Set_ROLL_Resistor                        0x0800147f   Thumb Code   204  mcp41010.o(.text)
    Set_YAW_Resistor                         0x0800154b   Thumb Code   200  mcp41010.o(.text)
    Set_ACCE_Resistor                        0x08001613   Thumb Code   200  mcp41010.o(.text)
    .text                                    0x080018c0   Section        0  oled.o(.text)
    OLED_DrawLine                            0x08001e27   Thumb Code   178  oled.o(.text)
    .text                                    0x0800204c   Section        0  usart.o(.text)
    .text                                    0x08002450   Section        0  delay.o(.text)
    .text                                    0x080024fc   Section        0  planeauto.o(.text)
    .text                                    0x08002890   Section        0  strtonum.o(.text)
    powerTen                                 0x080028bd   Thumb Code    28  strtonum.o(.text)
    .text                                    0x080029b4   Section        0  exti.o(.text)
    .text                                    0x08002e90   Section        0  c89vsnprintf.o(.text)
    .text                                    0x08002ec4   Section        0  strlen.o(.text)
    .text                                    0x08002f02   Section       78  rt_memclr_w.o(.text)
    .text                                    0x08002f50   Section        0  heapauxi.o(.text)
    .text                                    0x08002f56   Section        0  _printf_pad.o(.text)
    .text                                    0x08002fa4   Section        0  _printf_truncate.o(.text)
    .text                                    0x08002fc8   Section        0  _printf_str.o(.text)
    .text                                    0x0800301c   Section        0  _printf_dec.o(.text)
    .text                                    0x08003094   Section        0  _printf_charcount.o(.text)
    .text                                    0x080030bc   Section        0  _printf_char_common.o(.text)
    _printf_input_char                       0x080030bd   Thumb Code    10  _printf_char_common.o(.text)
    .text                                    0x080030ec   Section        0  _sputc.o(.text)
    .text                                    0x080030f6   Section        0  _snputc.o(.text)
    .text                                    0x08003108   Section        0  _printf_wctomb.o(.text)
    .text                                    0x080031c4   Section        0  _printf_longlong_dec.o(.text)
    .text                                    0x08003240   Section        0  _printf_oct_int_ll.o(.text)
    _printf_longlong_oct_internal            0x08003241   Thumb Code     0  _printf_oct_int_ll.o(.text)
    .text                                    0x080032b0   Section        0  _printf_hex_int_ll_ptr.o(.text)
    _printf_hex_common                       0x080032b1   Thumb Code     0  _printf_hex_int_ll_ptr.o(.text)
    .text                                    0x08003344   Section        0  __printf_flags_ss_wp.o(.text)
    .text                                    0x080034cc   Section      138  lludiv10.o(.text)
    .text                                    0x08003556   Section        0  _printf_intcommon.o(.text)
    .text                                    0x08003608   Section        0  _printf_fp_dec.o(.text)
    _fp_digits                               0x0800360b   Thumb Code   428  _printf_fp_dec.o(.text)
    .text                                    0x08003a22   Section        0  _printf_char.o(.text)
    .text                                    0x08003a4e   Section        0  _printf_wchar.o(.text)
    .text                                    0x08003a7a   Section        0  _wcrtomb.o(.text)
    .text                                    0x08003aba   Section       74  sys_stackheap_outer.o(.text)
    .text                                    0x08003b04   Section       16  rt_ctype_table.o(.text)
    .text                                    0x08003b14   Section        8  rt_locale_intlibspace.o(.text)
    .text                                    0x08003b1c   Section        0  _printf_fp_infnan.o(.text)
    .text                                    0x08003b9c   Section        0  bigflt0.o(.text)
    .text                                    0x08003c78   Section        0  exit.o(.text)
    .text                                    0x08003c8c   Section        8  libspace.o(.text)
    .text                                    0x08003c94   Section      128  strcmpv7m.o(.text)
    .text                                    0x08003d14   Section        0  sys_exit.o(.text)
    .text                                    0x08003d20   Section        2  use_no_semi.o(.text)
    .text                                    0x08003d22   Section        0  indicate_semi.o(.text)
    CL$$btod_d2e                             0x08003d22   Section       62  btod.o(CL$$btod_d2e)
    CL$$btod_d2e_denorm_low                  0x08003d60   Section       70  btod.o(CL$$btod_d2e_denorm_low)
    CL$$btod_d2e_norm_op1                    0x08003da6   Section       96  btod.o(CL$$btod_d2e_norm_op1)
    CL$$btod_div_common                      0x08003e06   Section      824  btod.o(CL$$btod_div_common)
    CL$$btod_e2e                             0x0800413e   Section      198  btod.o(CL$$btod_e2e)
    CL$$btod_ediv                            0x08004204   Section       40  btod.o(CL$$btod_ediv)
    CL$$btod_emul                            0x0800422c   Section       40  btod.o(CL$$btod_emul)
    CL$$btod_mult_common                     0x08004254   Section      580  btod.o(CL$$btod_mult_common)
    i.__ARM_fpclassify                       0x08004498   Section        0  fpclassify.o(i.__ARM_fpclassify)
    i._is_digit                              0x080044c0   Section        0  __printf_wp.o(i._is_digit)
    locale$$code                             0x080044d0   Section       44  lc_numeric_c.o(locale$$code)
    locale$$code                             0x080044fc   Section       44  lc_ctype_c.o(locale$$code)
    x$fpl$dadd                               0x08004528   Section      336  daddsub_clz.o(x$fpl$dadd)
    _dadd1                                   0x08004539   Thumb Code     0  daddsub_clz.o(x$fpl$dadd)
    x$fpl$ddiv                               0x08004678   Section      688  ddiv.o(x$fpl$ddiv)
    ddiv_entry                               0x0800467f   Thumb Code     0  ddiv.o(x$fpl$ddiv)
    x$fpl$dfix                               0x08004928   Section       94  dfix.o(x$fpl$dfix)
    x$fpl$dflt                               0x08004986   Section       46  dflt_clz.o(x$fpl$dflt)
    x$fpl$dnaninf                            0x080049b4   Section      156  dnaninf.o(x$fpl$dnaninf)
    x$fpl$dretinf                            0x08004a50   Section       12  dretinf.o(x$fpl$dretinf)
    x$fpl$dsub                               0x08004a5c   Section      468  daddsub_clz.o(x$fpl$dsub)
    _dsub1                                   0x08004a6d   Thumb Code     0  daddsub_clz.o(x$fpl$dsub)
    x$fpl$fadd                               0x08004c30   Section      196  faddsub_clz.o(x$fpl$fadd)
    _fadd1                                   0x08004c3f   Thumb Code     0  faddsub_clz.o(x$fpl$fadd)
    x$fpl$ffix                               0x08004cf4   Section       54  ffix.o(x$fpl$ffix)
    x$fpl$fflt                               0x08004d2c   Section       48  fflt_clz.o(x$fpl$fflt)
    x$fpl$fmul                               0x08004d5c   Section      258  fmul.o(x$fpl$fmul)
    x$fpl$fnaninf                            0x08004e5e   Section      140  fnaninf.o(x$fpl$fnaninf)
    x$fpl$fretinf                            0x08004eea   Section       10  fretinf.o(x$fpl$fretinf)
    x$fpl$frsb                               0x08004ef4   Section       20  faddsub_clz.o(x$fpl$frsb)
    x$fpl$fsub                               0x08004f08   Section      234  faddsub_clz.o(x$fpl$fsub)
    _fsub1                                   0x08004f17   Thumb Code     0  faddsub_clz.o(x$fpl$fsub)
    x$fpl$printf1                            0x08004ff2   Section        4  printf1.o(x$fpl$printf1)
    .constdata                               0x08004ff6   Section     6080  oled.o(.constdata)
    x$fpl$usenofp                            0x08004ff6   Section        0  usenofp.o(x$fpl$usenofp)
    .constdata                               0x080067b8   Section        8  _printf_wctomb.o(.constdata)
    initial_mbstate                          0x080067b8   Data           8  _printf_wctomb.o(.constdata)
    .constdata                               0x080067c0   Section       40  _printf_hex_int_ll_ptr.o(.constdata)
    uc_hextab                                0x080067c0   Data          20  _printf_hex_int_ll_ptr.o(.constdata)
    lc_hextab                                0x080067d4   Data          20  _printf_hex_int_ll_ptr.o(.constdata)
    .constdata                               0x080067e8   Section       17  __printf_flags_ss_wp.o(.constdata)
    maptable                                 0x080067e8   Data          17  __printf_flags_ss_wp.o(.constdata)
    .constdata                               0x080067fc   Section      148  bigflt0.o(.constdata)
    tenpwrs_x                                0x080067fc   Data          60  bigflt0.o(.constdata)
    tenpwrs_i                                0x08006838   Data          64  bigflt0.o(.constdata)
    locale$$data                             0x080068b0   Section       28  lc_numeric_c.o(locale$$data)
    __lcnum_c_name                           0x080068b4   Data           2  lc_numeric_c.o(locale$$data)
    __lcnum_c_start                          0x080068bc   Data           0  lc_numeric_c.o(locale$$data)
    __lcnum_c_point                          0x080068c8   Data           0  lc_numeric_c.o(locale$$data)
    __lcnum_c_thousands                      0x080068ca   Data           0  lc_numeric_c.o(locale$$data)
    __lcnum_c_grouping                       0x080068cb   Data           0  lc_numeric_c.o(locale$$data)
    locale$$data                             0x080068cc   Section      272  lc_ctype_c.o(locale$$data)
    __lcnum_c_end                            0x080068cc   Data           0  lc_numeric_c.o(locale$$data)
    __lcctype_c_name                         0x080068d0   Data           2  lc_ctype_c.o(locale$$data)
    __lcctype_c_start                        0x080068d8   Data           0  lc_ctype_c.o(locale$$data)
    __lcctype_c_end                          0x080069dc   Data           0  lc_ctype_c.o(locale$$data)
    .data                                    0x20000000   Section       20  stm32f10x_rcc.o(.data)
    APBAHBPrescTable                         0x20000000   Data          16  stm32f10x_rcc.o(.data)
    ADCPrescTable                            0x20000010   Data           4  stm32f10x_rcc.o(.data)
    .data                                    0x20000014   Section       12  main.o(.data)
    .data                                    0x20000020   Section       20  system_stm32f10x.o(.data)
    .data                                    0x20000034   Section       12  usart.o(.data)
    .data                                    0x20000040   Section        4  delay.o(.data)
    fac_us                                   0x20000040   Data           1  delay.o(.data)
    fac_ms                                   0x20000042   Data           2  delay.o(.data)
    .bss                                     0x20000044   Section     1024  oled.o(.bss)
    .bss                                     0x20000444   Section      500  usart.o(.bss)
    .bss                                     0x20000638   Section       96  planeauto.o(.bss)
    .bss                                     0x20000698   Section       96  libspace.o(.bss)
    HEAP                                     0x200006f8   Section      512  startup_stm32f10x_hd.o(HEAP)
    Heap_Mem                                 0x200006f8   Data         512  startup_stm32f10x_hd.o(HEAP)
    STACK                                    0x200008f8   Section     1024  startup_stm32f10x_hd.o(STACK)
    Stack_Mem                                0x200008f8   Data        1024  startup_stm32f10x_hd.o(STACK)
    __initial_sp                             0x20000cf8   Data           0  startup_stm32f10x_hd.o(STACK)

    Global Symbols

    Symbol Name                              Value     Ov Type        Size  Object(Section)

    BuildAttributes$$THM_ISAv4$P$D$K$B$S$PE$A:L22UL41UL21$X:L11$S22US41US21$IEEE1$IW$USESV6$~STKCKD$USESV7$~SHL$OTIME$ROPI$IEEEJ$EBA8$UX$STANDARDLIB$REQ8$PRES8$EABIv2 0x00000000   Number         0  anon$$obj.o ABSOLUTE
    __ARM_use_no_argv                        0x00000000   Number         0  main.o ABSOLUTE
    _printf_flags                            0x00000000   Number         0  printf_stubs.o ABSOLUTE
    _printf_return_value                     0x00000000   Number         0  printf_stubs.o ABSOLUTE
    _printf_sizespec                         0x00000000   Number         0  printf_stubs.o ABSOLUTE
    _printf_widthprec                        0x00000000   Number         0  printf_stubs.o ABSOLUTE
    __ARM_exceptions_init                     - Undefined Weak Reference
    __alloca_initialize                       - Undefined Weak Reference
    __arm_preinit_                            - Undefined Weak Reference
    __cpp_initialize__aeabi_                  - Undefined Weak Reference
    __cxa_finalize                            - Undefined Weak Reference
    __sigvec_lookup                           - Undefined Weak Reference
    _atexit_init                              - Undefined Weak Reference
    _call_atexit_fns                          - Undefined Weak Reference
    _clock_init                               - Undefined Weak Reference
    _fp_trap_init                             - Undefined Weak Reference
    _fp_trap_shutdown                         - Undefined Weak Reference
    _get_lc_collate                           - Undefined Weak Reference
    _get_lc_monetary                          - Undefined Weak Reference
    _get_lc_time                              - Undefined Weak Reference
    _getenv_init                              - Undefined Weak Reference
    _handle_redirection                       - Undefined Weak Reference
    _init_alloc                               - Undefined Weak Reference
    _init_user_alloc                          - Undefined Weak Reference
    _initio                                   - Undefined Weak Reference
    _printf_fp_hex                            - Undefined Weak Reference
    _printf_mbtowc                            - Undefined Weak Reference
    _printf_wc                                - Undefined Weak Reference
    _rand_init                                - Undefined Weak Reference
    _signal_finish                            - Undefined Weak Reference
    _signal_init                              - Undefined Weak Reference
    _terminate_alloc                          - Undefined Weak Reference
    _terminate_user_alloc                     - Undefined Weak Reference
    _terminateio                              - Undefined Weak Reference
    __Vectors_Size                           0x00000130   Number         0  startup_stm32f10x_hd.o ABSOLUTE
    __Vectors                                0x08000000   Data           4  startup_stm32f10x_hd.o(RESET)
    __Vectors_End                            0x08000130   Data           0  startup_stm32f10x_hd.o(RESET)
    __main                                   0x08000131   Thumb Code     8  __main.o(!!!main)
    __scatterload                            0x08000139   Thumb Code     0  __scatter.o(!!!scatter)
    __scatterload_rt2                        0x08000139   Thumb Code    44  __scatter.o(!!!scatter)
    __scatterload_rt2_thumb_only             0x08000139   Thumb Code     0  __scatter.o(!!!scatter)
    __scatterload_null                       0x08000147   Thumb Code     0  __scatter.o(!!!scatter)
    __scatterload_copy                       0x0800016d   Thumb Code    26  __scatter_copy.o(!!handler_copy)
    __scatterload_zeroinit                   0x08000189   Thumb Code    28  __scatter_zi.o(!!handler_zi)
    _printf_n                                0x080001a5   Thumb Code     0  _printf_n.o(.ARM.Collect$$_printf_percent$$00000001)
    _printf_percent                          0x080001a5   Thumb Code     0  _printf_percent.o(.ARM.Collect$$_printf_percent$$00000000)
    _printf_p                                0x080001ab   Thumb Code     0  _printf_p.o(.ARM.Collect$$_printf_percent$$00000002)
    _printf_f                                0x080001b1   Thumb Code     0  _printf_f.o(.ARM.Collect$$_printf_percent$$00000003)
    _printf_e                                0x080001b7   Thumb Code     0  _printf_e.o(.ARM.Collect$$_printf_percent$$00000004)
    _printf_g                                0x080001bd   Thumb Code     0  _printf_g.o(.ARM.Collect$$_printf_percent$$00000005)
    _printf_a                                0x080001c3   Thumb Code     0  _printf_a.o(.ARM.Collect$$_printf_percent$$00000006)
    _printf_ll                               0x080001c9   Thumb Code     0  _printf_ll.o(.ARM.Collect$$_printf_percent$$00000007)
    _printf_i                                0x080001d3   Thumb Code     0  _printf_i.o(.ARM.Collect$$_printf_percent$$00000008)
    _printf_d                                0x080001d9   Thumb Code     0  _printf_d.o(.ARM.Collect$$_printf_percent$$00000009)
    _printf_u                                0x080001df   Thumb Code     0  _printf_u.o(.ARM.Collect$$_printf_percent$$0000000A)
    _printf_o                                0x080001e5   Thumb Code     0  _printf_o.o(.ARM.Collect$$_printf_percent$$0000000B)
    _printf_x                                0x080001eb   Thumb Code     0  _printf_x.o(.ARM.Collect$$_printf_percent$$0000000C)
    _printf_lli                              0x080001f1   Thumb Code     0  _printf_lli.o(.ARM.Collect$$_printf_percent$$0000000D)
    _printf_lld                              0x080001f7   Thumb Code     0  _printf_lld.o(.ARM.Collect$$_printf_percent$$0000000E)
    _printf_llu                              0x080001fd   Thumb Code     0  _printf_llu.o(.ARM.Collect$$_printf_percent$$0000000F)
    _printf_llo                              0x08000203   Thumb Code     0  _printf_llo.o(.ARM.Collect$$_printf_percent$$00000010)
    _printf_llx                              0x08000209   Thumb Code     0  _printf_llx.o(.ARM.Collect$$_printf_percent$$00000011)
    _printf_l                                0x0800020f   Thumb Code     0  _printf_l.o(.ARM.Collect$$_printf_percent$$00000012)
    _printf_c                                0x08000219   Thumb Code     0  _printf_c.o(.ARM.Collect$$_printf_percent$$00000013)
    _printf_s                                0x0800021f   Thumb Code     0  _printf_s.o(.ARM.Collect$$_printf_percent$$00000014)
    _printf_lc                               0x08000225   Thumb Code     0  _printf_lc.o(.ARM.Collect$$_printf_percent$$00000015)
    _printf_ls                               0x0800022b   Thumb Code     0  _printf_ls.o(.ARM.Collect$$_printf_percent$$00000016)
    _printf_percent_end                      0x08000231   Thumb Code     0  _printf_percent_end.o(.ARM.Collect$$_printf_percent$$00000017)
    __rt_lib_init                            0x08000235   Thumb Code     0  libinit.o(.ARM.Collect$$libinit$$00000000)
    __rt_lib_init_fp_1                       0x08000237   Thumb Code     0  libinit2.o(.ARM.Collect$$libinit$$00000002)
    __rt_lib_init_heap_1                     0x08000237   Thumb Code     0  libinit2.o(.ARM.Collect$$libinit$$0000000A)
    __rt_lib_init_lc_common                  0x08000237   Thumb Code     0  libinit2.o(.ARM.Collect$$libinit$$0000000F)
    __rt_lib_init_preinit_1                  0x08000237   Thumb Code     0  libinit2.o(.ARM.Collect$$libinit$$00000004)
    __rt_lib_init_rand_1                     0x08000237   Thumb Code     0  libinit2.o(.ARM.Collect$$libinit$$0000000E)
    __rt_lib_init_user_alloc_1               0x08000237   Thumb Code     0  libinit2.o(.ARM.Collect$$libinit$$0000000C)
    __rt_lib_init_lc_collate_1               0x0800023d   Thumb Code     0  libinit2.o(.ARM.Collect$$libinit$$00000011)
    __rt_lib_init_lc_ctype_2                 0x0800023d   Thumb Code     0  libinit2.o(.ARM.Collect$$libinit$$00000012)
    __rt_lib_init_lc_ctype_1                 0x08000249   Thumb Code     0  libinit2.o(.ARM.Collect$$libinit$$00000013)
    __rt_lib_init_lc_monetary_1              0x08000249   Thumb Code     0  libinit2.o(.ARM.Collect$$libinit$$00000015)
    __rt_lib_init_lc_numeric_2               0x08000249   Thumb Code     0  libinit2.o(.ARM.Collect$$libinit$$00000016)
    __rt_lib_init_alloca_1                   0x08000253   Thumb Code     0  libinit2.o(.ARM.Collect$$libinit$$0000002E)
    __rt_lib_init_argv_1                     0x08000253   Thumb Code     0  libinit2.o(.ARM.Collect$$libinit$$0000002C)
    __rt_lib_init_atexit_1                   0x08000253   Thumb Code     0  libinit2.o(.ARM.Collect$$libinit$$0000001B)
    __rt_lib_init_clock_1                    0x08000253   Thumb Code     0  libinit2.o(.ARM.Collect$$libinit$$00000021)
    __rt_lib_init_cpp_1                      0x08000253   Thumb Code     0  libinit2.o(.ARM.Collect$$libinit$$00000032)
    __rt_lib_init_exceptions_1               0x08000253   Thumb Code     0  libinit2.o(.ARM.Collect$$libinit$$00000030)
    __rt_lib_init_fp_trap_1                  0x08000253   Thumb Code     0  libinit2.o(.ARM.Collect$$libinit$$0000001F)
    __rt_lib_init_getenv_1                   0x08000253   Thumb Code     0  libinit2.o(.ARM.Collect$$libinit$$00000023)
    __rt_lib_init_lc_numeric_1               0x08000253   Thumb Code     0  libinit2.o(.ARM.Collect$$libinit$$00000017)
    __rt_lib_init_lc_time_1                  0x08000253   Thumb Code     0  libinit2.o(.ARM.Collect$$libinit$$00000019)
    __rt_lib_init_return                     0x08000253   Thumb Code     0  libinit2.o(.ARM.Collect$$libinit$$00000033)
    __rt_lib_init_signal_1                   0x08000253   Thumb Code     0  libinit2.o(.ARM.Collect$$libinit$$0000001D)
    __rt_lib_init_stdio_1                    0x08000253   Thumb Code     0  libinit2.o(.ARM.Collect$$libinit$$00000025)
    __rt_lib_shutdown                        0x08000255   Thumb Code     0  libshutdown.o(.ARM.Collect$$libshutdown$$00000000)
    __rt_lib_shutdown_cpp_1                  0x08000257   Thumb Code     0  libshutdown2.o(.ARM.Collect$$libshutdown$$00000002)
    __rt_lib_shutdown_fp_trap_1              0x08000257   Thumb Code     0  libshutdown2.o(.ARM.Collect$$libshutdown$$00000007)
    __rt_lib_shutdown_heap_1                 0x08000257   Thumb Code     0  libshutdown2.o(.ARM.Collect$$libshutdown$$0000000F)
    __rt_lib_shutdown_return                 0x08000257   Thumb Code     0  libshutdown2.o(.ARM.Collect$$libshutdown$$00000010)
    __rt_lib_shutdown_signal_1               0x08000257   Thumb Code     0  libshutdown2.o(.ARM.Collect$$libshutdown$$0000000A)
    __rt_lib_shutdown_stdio_1                0x08000257   Thumb Code     0  libshutdown2.o(.ARM.Collect$$libshutdown$$00000004)
    __rt_lib_shutdown_user_alloc_1           0x08000257   Thumb Code     0  libshutdown2.o(.ARM.Collect$$libshutdown$$0000000C)
    __rt_entry                               0x08000259   Thumb Code     0  __rtentry.o(.ARM.Collect$$rtentry$$00000000)
    __rt_entry_presh_1                       0x08000259   Thumb Code     0  __rtentry2.o(.ARM.Collect$$rtentry$$00000002)
    __rt_entry_sh                            0x08000259   Thumb Code     0  __rtentry4.o(.ARM.Collect$$rtentry$$00000004)
    __rt_entry_li                            0x0800025f   Thumb Code     0  __rtentry2.o(.ARM.Collect$$rtentry$$0000000A)
    __rt_entry_postsh_1                      0x0800025f   Thumb Code     0  __rtentry2.o(.ARM.Collect$$rtentry$$00000009)
    __rt_entry_main                          0x08000263   Thumb Code     0  __rtentry2.o(.ARM.Collect$$rtentry$$0000000D)
    __rt_entry_postli_1                      0x08000263   Thumb Code     0  __rtentry2.o(.ARM.Collect$$rtentry$$0000000C)
    __rt_exit                                0x0800026b   Thumb Code     0  rtexit.o(.ARM.Collect$$rtexit$$00000000)
    __rt_exit_ls                             0x0800026d   Thumb Code     0  rtexit2.o(.ARM.Collect$$rtexit$$00000003)
    __rt_exit_prels_1                        0x0800026d   Thumb Code     0  rtexit2.o(.ARM.Collect$$rtexit$$00000002)
    __rt_exit_exit                           0x08000271   Thumb Code     0  rtexit2.o(.ARM.Collect$$rtexit$$00000004)
    Reset_Handler                            0x08000279   Thumb Code     8  startup_stm32f10x_hd.o(.text)
    ADC1_2_IRQHandler                        0x08000293   Thumb Code     0  startup_stm32f10x_hd.o(.text)
    ADC3_IRQHandler                          0x08000293   Thumb Code     0  startup_stm32f10x_hd.o(.text)
    CAN1_RX1_IRQHandler                      0x08000293   Thumb Code     0  startup_stm32f10x_hd.o(.text)
    CAN1_SCE_IRQHandler                      0x08000293   Thumb Code     0  startup_stm32f10x_hd.o(.text)
    DMA1_Channel1_IRQHandler                 0x08000293   Thumb Code     0  startup_stm32f10x_hd.o(.text)
    DMA1_Channel2_IRQHandler                 0x08000293   Thumb Code     0  startup_stm32f10x_hd.o(.text)
    DMA1_Channel3_IRQHandler                 0x08000293   Thumb Code     0  startup_stm32f10x_hd.o(.text)
    DMA1_Channel4_IRQHandler                 0x08000293   Thumb Code     0  startup_stm32f10x_hd.o(.text)
    DMA1_Channel5_IRQHandler                 0x08000293   Thumb Code     0  startup_stm32f10x_hd.o(.text)
    DMA1_Channel6_IRQHandler                 0x08000293   Thumb Code     0  startup_stm32f10x_hd.o(.text)
    DMA1_Channel7_IRQHandler                 0x08000293   Thumb Code     0  startup_stm32f10x_hd.o(.text)
    DMA2_Channel1_IRQHandler                 0x08000293   Thumb Code     0  startup_stm32f10x_hd.o(.text)
    DMA2_Channel2_IRQHandler                 0x08000293   Thumb Code     0  startup_stm32f10x_hd.o(.text)
    DMA2_Channel3_IRQHandler                 0x08000293   Thumb Code     0  startup_stm32f10x_hd.o(.text)
    DMA2_Channel4_5_IRQHandler               0x08000293   Thumb Code     0  startup_stm32f10x_hd.o(.text)
    EXTI15_10_IRQHandler                     0x08000293   Thumb Code     0  startup_stm32f10x_hd.o(.text)
    EXTI9_5_IRQHandler                       0x08000293   Thumb Code     0  startup_stm32f10x_hd.o(.text)
    FLASH_IRQHandler                         0x08000293   Thumb Code     0  startup_stm32f10x_hd.o(.text)
    FSMC_IRQHandler                          0x08000293   Thumb Code     0  startup_stm32f10x_hd.o(.text)
    I2C1_ER_IRQHandler                       0x08000293   Thumb Code     0  startup_stm32f10x_hd.o(.text)
    I2C1_EV_IRQHandler                       0x08000293   Thumb Code     0  startup_stm32f10x_hd.o(.text)
    I2C2_ER_IRQHandler                       0x08000293   Thumb Code     0  startup_stm32f10x_hd.o(.text)
    I2C2_EV_IRQHandler                       0x08000293   Thumb Code     0  startup_stm32f10x_hd.o(.text)
    PVD_IRQHandler                           0x08000293   Thumb Code     0  startup_stm32f10x_hd.o(.text)
    RCC_IRQHandler                           0x08000293   Thumb Code     0  startup_stm32f10x_hd.o(.text)
    RTCAlarm_IRQHandler                      0x08000293   Thumb Code     0  startup_stm32f10x_hd.o(.text)
    RTC_IRQHandler                           0x08000293   Thumb Code     0  startup_stm32f10x_hd.o(.text)
    SDIO_IRQHandler                          0x08000293   Thumb Code     0  startup_stm32f10x_hd.o(.text)
    SPI1_IRQHandler                          0x08000293   Thumb Code     0  startup_stm32f10x_hd.o(.text)
    SPI2_IRQHandler                          0x08000293   Thumb Code     0  startup_stm32f10x_hd.o(.text)
    SPI3_IRQHandler                          0x08000293   Thumb Code     0  startup_stm32f10x_hd.o(.text)
    TAMPER_IRQHandler                        0x08000293   Thumb Code     0  startup_stm32f10x_hd.o(.text)
    TIM1_BRK_IRQHandler                      0x08000293   Thumb Code     0  startup_stm32f10x_hd.o(.text)
    TIM1_CC_IRQHandler                       0x08000293   Thumb Code     0  startup_stm32f10x_hd.o(.text)
    TIM1_TRG_COM_IRQHandler                  0x08000293   Thumb Code     0  startup_stm32f10x_hd.o(.text)
    TIM1_UP_IRQHandler                       0x08000293   Thumb Code     0  startup_stm32f10x_hd.o(.text)
    TIM2_IRQHandler                          0x08000293   Thumb Code     0  startup_stm32f10x_hd.o(.text)
    TIM3_IRQHandler                          0x08000293   Thumb Code     0  startup_stm32f10x_hd.o(.text)
    TIM4_IRQHandler                          0x08000293   Thumb Code     0  startup_stm32f10x_hd.o(.text)
    TIM5_IRQHandler                          0x08000293   Thumb Code     0  startup_stm32f10x_hd.o(.text)
    TIM6_IRQHandler                          0x08000293   Thumb Code     0  startup_stm32f10x_hd.o(.text)
    TIM7_IRQHandler                          0x08000293   Thumb Code     0  startup_stm32f10x_hd.o(.text)
    TIM8_BRK_IRQHandler                      0x08000293   Thumb Code     0  startup_stm32f10x_hd.o(.text)
    TIM8_CC_IRQHandler                       0x08000293   Thumb Code     0  startup_stm32f10x_hd.o(.text)
    TIM8_TRG_COM_IRQHandler                  0x08000293   Thumb Code     0  startup_stm32f10x_hd.o(.text)
    TIM8_UP_IRQHandler                       0x08000293   Thumb Code     0  startup_stm32f10x_hd.o(.text)
    UART4_IRQHandler                         0x08000293   Thumb Code     0  startup_stm32f10x_hd.o(.text)
    UART5_IRQHandler                         0x08000293   Thumb Code     0  startup_stm32f10x_hd.o(.text)
    USBWakeUp_IRQHandler                     0x08000293   Thumb Code     0  startup_stm32f10x_hd.o(.text)
    USB_HP_CAN1_TX_IRQHandler                0x08000293   Thumb Code     0  startup_stm32f10x_hd.o(.text)
    USB_LP_CAN1_RX0_IRQHandler               0x08000293   Thumb Code     0  startup_stm32f10x_hd.o(.text)
    WWDG_IRQHandler                          0x08000293   Thumb Code     0  startup_stm32f10x_hd.o(.text)
    __user_initial_stackheap                 0x08000295   Thumb Code     0  startup_stm32f10x_hd.o(.text)
    NVIC_PriorityGroupConfig                 0x080002b9   Thumb Code    10  misc.o(.text)
    NVIC_Init                                0x080002c3   Thumb Code   100  misc.o(.text)
    NVIC_SetVectorTable                      0x08000327   Thumb Code    14  misc.o(.text)
    NVIC_SystemLPConfig                      0x08000335   Thumb Code    34  misc.o(.text)
    SysTick_CLKSourceConfig                  0x08000357   Thumb Code    40  misc.o(.text)
    GPIO_DeInit                              0x08000395   Thumb Code   172  stm32f10x_gpio.o(.text)
    GPIO_AFIODeInit                          0x08000441   Thumb Code    20  stm32f10x_gpio.o(.text)
    GPIO_Init                                0x08000455   Thumb Code   278  stm32f10x_gpio.o(.text)
    GPIO_StructInit                          0x0800056b   Thumb Code    16  stm32f10x_gpio.o(.text)
    GPIO_ReadInputDataBit                    0x0800057b   Thumb Code    18  stm32f10x_gpio.o(.text)
    GPIO_ReadInputData                       0x0800058d   Thumb Code     8  stm32f10x_gpio.o(.text)
    GPIO_ReadOutputDataBit                   0x08000595   Thumb Code    18  stm32f10x_gpio.o(.text)
    GPIO_ReadOutputData                      0x080005a7   Thumb Code     8  stm32f10x_gpio.o(.text)
    GPIO_SetBits                             0x080005af   Thumb Code     4  stm32f10x_gpio.o(.text)
    GPIO_ResetBits                           0x080005b3   Thumb Code     4  stm32f10x_gpio.o(.text)
    GPIO_WriteBit                            0x080005b7   Thumb Code    10  stm32f10x_gpio.o(.text)
    GPIO_Write                               0x080005c1   Thumb Code     4  stm32f10x_gpio.o(.text)
    GPIO_PinLockConfig                       0x080005c5   Thumb Code    18  stm32f10x_gpio.o(.text)
    GPIO_EventOutputConfig                   0x080005d7   Thumb Code    26  stm32f10x_gpio.o(.text)
    GPIO_EventOutputCmd                      0x080005f1   Thumb Code     6  stm32f10x_gpio.o(.text)
    GPIO_PinRemapConfig                      0x080005f7   Thumb Code   138  stm32f10x_gpio.o(.text)
    GPIO_EXTILineConfig                      0x08000681   Thumb Code    66  stm32f10x_gpio.o(.text)
    GPIO_ETH_MediaInterfaceConfig            0x080006c3   Thumb Code     8  stm32f10x_gpio.o(.text)
    RCC_DeInit                               0x080006f1   Thumb Code    64  stm32f10x_rcc.o(.text)
    RCC_HSEConfig                            0x08000731   Thumb Code    70  stm32f10x_rcc.o(.text)
    RCC_GetFlagStatus                        0x08000777   Thumb Code    56  stm32f10x_rcc.o(.text)
    RCC_WaitForHSEStartUp                    0x080007af   Thumb Code    56  stm32f10x_rcc.o(.text)
    RCC_AdjustHSICalibrationValue            0x080007e7   Thumb Code    20  stm32f10x_rcc.o(.text)
    RCC_HSICmd                               0x080007fb   Thumb Code     6  stm32f10x_rcc.o(.text)
    RCC_PLLConfig                            0x08000801   Thumb Code    24  stm32f10x_rcc.o(.text)
    RCC_PLLCmd                               0x08000819   Thumb Code     6  stm32f10x_rcc.o(.text)
    RCC_SYSCLKConfig                         0x0800081f   Thumb Code    18  stm32f10x_rcc.o(.text)
    RCC_GetSYSCLKSource                      0x08000831   Thumb Code    10  stm32f10x_rcc.o(.text)
    RCC_HCLKConfig                           0x0800083b   Thumb Code    18  stm32f10x_rcc.o(.text)
    RCC_PCLK1Config                          0x0800084d   Thumb Code    18  stm32f10x_rcc.o(.text)
    RCC_PCLK2Config                          0x0800085f   Thumb Code    20  stm32f10x_rcc.o(.text)
    RCC_ITConfig                             0x08000873   Thumb Code    26  stm32f10x_rcc.o(.text)
    RCC_USBCLKConfig                         0x0800088d   Thumb Code     8  stm32f10x_rcc.o(.text)
    RCC_ADCCLKConfig                         0x08000895   Thumb Code    18  stm32f10x_rcc.o(.text)
    RCC_LSEConfig                            0x080008a7   Thumb Code    50  stm32f10x_rcc.o(.text)
    RCC_LSICmd                               0x080008d9   Thumb Code     6  stm32f10x_rcc.o(.text)
    RCC_RTCCLKConfig                         0x080008df   Thumb Code    12  stm32f10x_rcc.o(.text)
    RCC_RTCCLKCmd                            0x080008eb   Thumb Code     8  stm32f10x_rcc.o(.text)
    RCC_GetClocksFreq                        0x080008f3   Thumb Code   192  stm32f10x_rcc.o(.text)
    RCC_AHBPeriphClockCmd                    0x080009b3   Thumb Code    26  stm32f10x_rcc.o(.text)
    RCC_APB2PeriphClockCmd                   0x080009cd   Thumb Code    26  stm32f10x_rcc.o(.text)
    RCC_APB1PeriphClockCmd                   0x080009e7   Thumb Code    26  stm32f10x_rcc.o(.text)
    RCC_APB2PeriphResetCmd                   0x08000a01   Thumb Code    26  stm32f10x_rcc.o(.text)
    RCC_APB1PeriphResetCmd                   0x08000a1b   Thumb Code    26  stm32f10x_rcc.o(.text)
    RCC_BackupResetCmd                       0x08000a35   Thumb Code     8  stm32f10x_rcc.o(.text)
    RCC_ClockSecuritySystemCmd               0x08000a3d   Thumb Code     6  stm32f10x_rcc.o(.text)
    RCC_MCOConfig                            0x08000a43   Thumb Code     6  stm32f10x_rcc.o(.text)
    RCC_ClearFlag                            0x08000a49   Thumb Code    14  stm32f10x_rcc.o(.text)
    RCC_GetITStatus                          0x08000a57   Thumb Code    20  stm32f10x_rcc.o(.text)
    RCC_ClearITPendingBit                    0x08000a6b   Thumb Code     6  stm32f10x_rcc.o(.text)
    USART_DeInit                             0x08000a95   Thumb Code   134  stm32f10x_usart.o(.text)
    USART_Init                               0x08000b1b   Thumb Code   210  stm32f10x_usart.o(.text)
    USART_StructInit                         0x08000bed   Thumb Code    24  stm32f10x_usart.o(.text)
    USART_ClockInit                          0x08000c05   Thumb Code    34  stm32f10x_usart.o(.text)
    USART_ClockStructInit                    0x08000c27   Thumb Code    12  stm32f10x_usart.o(.text)
    USART_Cmd                                0x08000c33   Thumb Code    24  stm32f10x_usart.o(.text)
    USART_ITConfig                           0x08000c4b   Thumb Code    74  stm32f10x_usart.o(.text)
    USART_DMACmd                             0x08000c95   Thumb Code    18  stm32f10x_usart.o(.text)
    USART_SetAddress                         0x08000ca7   Thumb Code    18  stm32f10x_usart.o(.text)
    USART_WakeUpConfig                       0x08000cb9   Thumb Code    18  stm32f10x_usart.o(.text)
    USART_ReceiverWakeUpCmd                  0x08000ccb   Thumb Code    24  stm32f10x_usart.o(.text)
    USART_LINBreakDetectLengthConfig         0x08000ce3   Thumb Code    18  stm32f10x_usart.o(.text)
    USART_LINCmd                             0x08000cf5   Thumb Code    24  stm32f10x_usart.o(.text)
    USART_SendData                           0x08000d0d   Thumb Code     8  stm32f10x_usart.o(.text)
    USART_ReceiveData                        0x08000d15   Thumb Code    10  stm32f10x_usart.o(.text)
    USART_SendBreak                          0x08000d1f   Thumb Code    10  stm32f10x_usart.o(.text)
    USART_SetGuardTime                       0x08000d29   Thumb Code    16  stm32f10x_usart.o(.text)
    USART_SetPrescaler                       0x08000d39   Thumb Code    16  stm32f10x_usart.o(.text)
    USART_SmartCardCmd                       0x08000d49   Thumb Code    24  stm32f10x_usart.o(.text)
    USART_SmartCardNACKCmd                   0x08000d61   Thumb Code    24  stm32f10x_usart.o(.text)
    USART_HalfDuplexCmd                      0x08000d79   Thumb Code    24  stm32f10x_usart.o(.text)
    USART_OverSampling8Cmd                   0x08000d91   Thumb Code    22  stm32f10x_usart.o(.text)
    USART_OneBitMethodCmd                    0x08000da7   Thumb Code    24  stm32f10x_usart.o(.text)
    USART_IrDAConfig                         0x08000dbf   Thumb Code    18  stm32f10x_usart.o(.text)
    USART_IrDACmd                            0x08000dd1   Thumb Code    24  stm32f10x_usart.o(.text)
    USART_GetFlagStatus                      0x08000de9   Thumb Code    26  stm32f10x_usart.o(.text)
    USART_ClearFlag                          0x08000e03   Thumb Code    18  stm32f10x_usart.o(.text)
    USART_GetITStatus                        0x08000e15   Thumb Code    84  stm32f10x_usart.o(.text)
    USART_ClearITPendingBit                  0x08000e69   Thumb Code    52  stm32f10x_usart.o(.text)
    EXTI_DeInit                              0x08000e9d   Thumb Code    28  stm32f10x_exti.o(.text)
    EXTI_Init                                0x08000eb9   Thumb Code   142  stm32f10x_exti.o(.text)
    EXTI_StructInit                          0x08000f47   Thumb Code    16  stm32f10x_exti.o(.text)
    EXTI_GenerateSWInterrupt                 0x08000f57   Thumb Code    16  stm32f10x_exti.o(.text)
    EXTI_GetFlagStatus                       0x08000f67   Thumb Code    22  stm32f10x_exti.o(.text)
    EXTI_ClearFlag                           0x08000f7d   Thumb Code     8  stm32f10x_exti.o(.text)
    EXTI_GetITStatus                         0x08000f85   Thumb Code    34  stm32f10x_exti.o(.text)
    EXTI_ClearITPendingBit                   0x08000fa7   Thumb Code     8  stm32f10x_exti.o(.text)
    main                                     0x08000fb9   Thumb Code   328  main.o(.text)
    NMI_Handler                              0x08001141   Thumb Code     2  stm32f10x_it.o(.text)
    HardFault_Handler                        0x08001143   Thumb Code     4  stm32f10x_it.o(.text)
    MemManage_Handler                        0x08001147   Thumb Code     4  stm32f10x_it.o(.text)
    BusFault_Handler                         0x0800114b   Thumb Code     4  stm32f10x_it.o(.text)
    UsageFault_Handler                       0x0800114f   Thumb Code     4  stm32f10x_it.o(.text)
    SVC_Handler                              0x08001153   Thumb Code     2  stm32f10x_it.o(.text)
    DebugMon_Handler                         0x08001155   Thumb Code     2  stm32f10x_it.o(.text)
    PendSV_Handler                           0x08001157   Thumb Code     2  stm32f10x_it.o(.text)
    SysTick_Handler                          0x08001159   Thumb Code     2  stm32f10x_it.o(.text)
    SystemInit                               0x0800123b   Thumb Code    78  system_stm32f10x.o(.text)
    SystemCoreClockUpdate                    0x08001289   Thumb Code   142  system_stm32f10x.o(.text)
    MCP41010_Init                            0x0800133d   Thumb Code   122  mcp41010.o(.text)
    MCP41010_SetResistor                     0x080016db   Thumb Code   194  mcp41010.o(.text)
    SetChannelValue                          0x0800179d   Thumb Code   246  mcp41010.o(.text)
    OLED_WR_Byte                             0x080018c1   Thumb Code    82  oled.o(.text)
    OLED_Refresh_Gram                        0x08001913   Thumb Code    70  oled.o(.text)
    OLED_Display_On                          0x08001959   Thumb Code    28  oled.o(.text)
    OLED_Display_Off                         0x08001975   Thumb Code    28  oled.o(.text)
    OLED_Clear                               0x08001991   Thumb Code    42  oled.o(.text)
    OLED_DrawPoint                           0x080019bb   Thumb Code   100  oled.o(.text)
    OLED_Fill                                0x08001a1f   Thumb Code    58  oled.o(.text)
    OLED_ShowChar                            0x08001a59   Thumb Code   254  oled.o(.text)
    mypow                                    0x08001b57   Thumb Code    22  oled.o(.text)
    OLED_ShowNum                             0x08001b6d   Thumb Code   148  oled.o(.text)
    OLED_ShowString                          0x08001c01   Thumb Code    94  oled.o(.text)
    ResetOLED                                0x08001c5f   Thumb Code    58  oled.o(.text)
    OLED_Init                                0x08001c99   Thumb Code   366  oled.o(.text)
    Key_Init                                 0x08001e07   Thumb Code    32  oled.o(.text)
    OLED_DrawAxes                            0x08001ed9   Thumb Code   156  oled.o(.text)
    OLED_ShowTrace                           0x08001f75   Thumb Code   102  oled.o(.text)
    OLED_DispTrace                           0x08001fdb   Thumb Code   102  oled.o(.text)
    USART1_Init                              0x0800204d   Thumb Code   158  usart.o(.text)
    USART2_Init                              0x080020eb   Thumb Code   154  usart.o(.text)
    USART3_Init                              0x08002185   Thumb Code   158  usart.o(.text)
    USART1_IRQHandler                        0x08002223   Thumb Code    64  usart.o(.text)
    USART2_IRQHandler                        0x08002263   Thumb Code    64  usart.o(.text)
    USART3_IRQHandler                        0x080022a3   Thumb Code   122  usart.o(.text)
    printf1                                  0x0800231d   Thumb Code    88  usart.o(.text)
    printf2                                  0x08002375   Thumb Code    88  usart.o(.text)
    printf3                                  0x080023cd   Thumb Code    88  usart.o(.text)
    delay_init                               0x08002451   Thumb Code    52  delay.o(.text)
    delay_ms                                 0x08002485   Thumb Code    56  delay.o(.text)
    delay_us                                 0x080024bd   Thumb Code    56  delay.o(.text)
    Plane_UNLOCK                             0x080024fd   Thumb Code    44  planeauto.o(.text)
    Plane_LOCK                               0x08002529   Thumb Code    44  planeauto.o(.text)
    Plane_LAND                               0x08002555   Thumb Code     2  planeauto.o(.text)
    Plane_LAUNCH                             0x08002557   Thumb Code    80  planeauto.o(.text)
    Plane_Init                               0x080025a7   Thumb Code    94  planeauto.o(.text)
    PID_Init                                 0x08002605   Thumb Code    64  planeauto.o(.text)
    Plane_PID                                0x08002645   Thumb Code   538  planeauto.o(.text)
    TempOrPressure                           0x08002891   Thumb Code    44  strtonum.o(.text)
    ValueOfMea                               0x080028d9   Thumb Code   220  strtonum.o(.text)
    TEST_Init                                0x080029b5   Thumb Code   224  exti.o(.text)
    EXTIX_Init                               0x08002a95   Thumb Code   360  exti.o(.text)
    EXTI0_IRQHandler                         0x08002bfd   Thumb Code    60  exti.o(.text)
    EXTI1_IRQHandler                         0x08002c39   Thumb Code    70  exti.o(.text)
    EXTI2_IRQHandler                         0x08002c7f   Thumb Code    70  exti.o(.text)
    EXTI3_IRQHandler                         0x08002cc5   Thumb Code    70  exti.o(.text)
    EXTI4_IRQHandler                         0x08002d0b   Thumb Code   372  exti.o(.text)
    __c89vsnprintf                           0x08002e91   Thumb Code    48  c89vsnprintf.o(.text)
    strlen                                   0x08002ec5   Thumb Code    62  strlen.o(.text)
    __aeabi_memclr4                          0x08002f03   Thumb Code     0  rt_memclr_w.o(.text)
    __aeabi_memclr8                          0x08002f03   Thumb Code     0  rt_memclr_w.o(.text)
    __rt_memclr_w                            0x08002f03   Thumb Code    78  rt_memclr_w.o(.text)
    _memset_w                                0x08002f07   Thumb Code     0  rt_memclr_w.o(.text)
    __use_two_region_memory                  0x08002f51   Thumb Code     2  heapauxi.o(.text)
    __rt_heap_escrow$2region                 0x08002f53   Thumb Code     2  heapauxi.o(.text)
    __rt_heap_expand$2region                 0x08002f55   Thumb Code     2  heapauxi.o(.text)
    _printf_pre_padding                      0x08002f57   Thumb Code    44  _printf_pad.o(.text)
    _printf_post_padding                     0x08002f83   Thumb Code    34  _printf_pad.o(.text)
    _printf_truncate_signed                  0x08002fa5   Thumb Code    18  _printf_truncate.o(.text)
    _printf_truncate_unsigned                0x08002fb7   Thumb Code    18  _printf_truncate.o(.text)
    _printf_str                              0x08002fc9   Thumb Code    82  _printf_str.o(.text)
    _printf_int_dec                          0x0800301d   Thumb Code   104  _printf_dec.o(.text)
    _printf_charcount                        0x08003095   Thumb Code    40  _printf_charcount.o(.text)
    _printf_char_common                      0x080030c7   Thumb Code    32  _printf_char_common.o(.text)
    _sputc                                   0x080030ed   Thumb Code    10  _sputc.o(.text)
    _snputc                                  0x080030f7   Thumb Code    16  _snputc.o(.text)
    _printf_wctomb                           0x08003109   Thumb Code   182  _printf_wctomb.o(.text)
    _printf_longlong_dec                     0x080031c5   Thumb Code   108  _printf_longlong_dec.o(.text)
    _printf_longlong_oct                     0x08003241   Thumb Code    68  _printf_oct_int_ll.o(.text)
    _printf_int_oct                          0x08003285   Thumb Code    24  _printf_oct_int_ll.o(.text)
    _printf_ll_oct                           0x0800329d   Thumb Code    12  _printf_oct_int_ll.o(.text)
    _printf_longlong_hex                     0x080032b1   Thumb Code    86  _printf_hex_int_ll_ptr.o(.text)
    _printf_int_hex                          0x08003307   Thumb Code    28  _printf_hex_int_ll_ptr.o(.text)
    _printf_ll_hex                           0x08003323   Thumb Code    12  _printf_hex_int_ll_ptr.o(.text)
    _printf_hex_ptr                          0x0800332f   Thumb Code    18  _printf_hex_int_ll_ptr.o(.text)
    __printf                                 0x08003345   Thumb Code   388  __printf_flags_ss_wp.o(.text)
    _ll_udiv10                               0x080034cd   Thumb Code   138  lludiv10.o(.text)
    _printf_int_common                       0x08003557   Thumb Code   178  _printf_intcommon.o(.text)
    __lib_sel_fp_printf                      0x08003609   Thumb Code     2  _printf_fp_dec.o(.text)
    _printf_fp_dec_real                      0x080037b7   Thumb Code   620  _printf_fp_dec.o(.text)
    _printf_cs_common                        0x08003a23   Thumb Code    20  _printf_char.o(.text)
    _printf_char                             0x08003a37   Thumb Code    16  _printf_char.o(.text)
    _printf_string                           0x08003a47   Thumb Code     8  _printf_char.o(.text)
    _printf_lcs_common                       0x08003a4f   Thumb Code    20  _printf_wchar.o(.text)
    _printf_wchar                            0x08003a63   Thumb Code    16  _printf_wchar.o(.text)
    _printf_wstring                          0x08003a73   Thumb Code     8  _printf_wchar.o(.text)
    _wcrtomb                                 0x08003a7b   Thumb Code    64  _wcrtomb.o(.text)
    __user_setup_stackheap                   0x08003abb   Thumb Code    74  sys_stackheap_outer.o(.text)
    __rt_ctype_table                         0x08003b05   Thumb Code    16  rt_ctype_table.o(.text)
    __rt_locale                              0x08003b15   Thumb Code     8  rt_locale_intlibspace.o(.text)
    _printf_fp_infnan                        0x08003b1d   Thumb Code   112  _printf_fp_infnan.o(.text)
    _btod_etento                             0x08003b9d   Thumb Code   216  bigflt0.o(.text)
    exit                                     0x08003c79   Thumb Code    18  exit.o(.text)
    __user_libspace                          0x08003c8d   Thumb Code     8  libspace.o(.text)
    __user_perproc_libspace                  0x08003c8d   Thumb Code     0  libspace.o(.text)
    __user_perthread_libspace                0x08003c8d   Thumb Code     0  libspace.o(.text)
    strcmp                                   0x08003c95   Thumb Code   128  strcmpv7m.o(.text)
    _sys_exit                                0x08003d15   Thumb Code     8  sys_exit.o(.text)
    __I$use$semihosting                      0x08003d21   Thumb Code     0  use_no_semi.o(.text)
    __use_no_semihosting_swi                 0x08003d21   Thumb Code     2  use_no_semi.o(.text)
    __semihosting_library_function           0x08003d23   Thumb Code     0  indicate_semi.o(.text)
    _btod_d2e                                0x08003d23   Thumb Code    62  btod.o(CL$$btod_d2e)
    _d2e_denorm_low                          0x08003d61   Thumb Code    70  btod.o(CL$$btod_d2e_denorm_low)
    _d2e_norm_op1                            0x08003da7   Thumb Code    96  btod.o(CL$$btod_d2e_norm_op1)
    __btod_div_common                        0x08003e07   Thumb Code   696  btod.o(CL$$btod_div_common)
    _e2e                                     0x0800413f   Thumb Code   198  btod.o(CL$$btod_e2e)
    _btod_ediv                               0x08004205   Thumb Code    40  btod.o(CL$$btod_ediv)
    _btod_emul                               0x0800422d   Thumb Code    40  btod.o(CL$$btod_emul)
    __btod_mult_common                       0x08004255   Thumb Code   580  btod.o(CL$$btod_mult_common)
    __ARM_fpclassify                         0x08004499   Thumb Code    40  fpclassify.o(i.__ARM_fpclassify)
    _is_digit                                0x080044c1   Thumb Code    14  __printf_wp.o(i._is_digit)
    _get_lc_numeric                          0x080044d1   Thumb Code    44  lc_numeric_c.o(locale$$code)
    _get_lc_ctype                            0x080044fd   Thumb Code    44  lc_ctype_c.o(locale$$code)
    __aeabi_dadd                             0x08004529   Thumb Code     0  daddsub_clz.o(x$fpl$dadd)
    _dadd                                    0x08004529   Thumb Code   332  daddsub_clz.o(x$fpl$dadd)
    __aeabi_ddiv                             0x08004679   Thumb Code     0  ddiv.o(x$fpl$ddiv)
    _ddiv                                    0x08004679   Thumb Code   552  ddiv.o(x$fpl$ddiv)
    __aeabi_d2iz                             0x08004929   Thumb Code     0  dfix.o(x$fpl$dfix)
    _dfix                                    0x08004929   Thumb Code    94  dfix.o(x$fpl$dfix)
    __aeabi_i2d                              0x08004987   Thumb Code     0  dflt_clz.o(x$fpl$dflt)
    _dflt                                    0x08004987   Thumb Code    46  dflt_clz.o(x$fpl$dflt)
    __fpl_dnaninf                            0x080049b5   Thumb Code   156  dnaninf.o(x$fpl$dnaninf)
    __fpl_dretinf                            0x08004a51   Thumb Code    12  dretinf.o(x$fpl$dretinf)
    __aeabi_dsub                             0x08004a5d   Thumb Code     0  daddsub_clz.o(x$fpl$dsub)
    _dsub                                    0x08004a5d   Thumb Code   464  daddsub_clz.o(x$fpl$dsub)
    __aeabi_fadd                             0x08004c31   Thumb Code     0  faddsub_clz.o(x$fpl$fadd)
    _fadd                                    0x08004c31   Thumb Code   196  faddsub_clz.o(x$fpl$fadd)
    __aeabi_f2iz                             0x08004cf5   Thumb Code     0  ffix.o(x$fpl$ffix)
    _ffix                                    0x08004cf5   Thumb Code    54  ffix.o(x$fpl$ffix)
    __aeabi_i2f                              0x08004d2d   Thumb Code     0  fflt_clz.o(x$fpl$fflt)
    _fflt                                    0x08004d2d   Thumb Code    48  fflt_clz.o(x$fpl$fflt)
    __aeabi_fmul                             0x08004d5d   Thumb Code     0  fmul.o(x$fpl$fmul)
    _fmul                                    0x08004d5d   Thumb Code   258  fmul.o(x$fpl$fmul)
    __fpl_fnaninf                            0x08004e5f   Thumb Code   140  fnaninf.o(x$fpl$fnaninf)
    __fpl_fretinf                            0x08004eeb   Thumb Code    10  fretinf.o(x$fpl$fretinf)
    __aeabi_frsub                            0x08004ef5   Thumb Code     0  faddsub_clz.o(x$fpl$frsb)
    _frsb                                    0x08004ef5   Thumb Code    20  faddsub_clz.o(x$fpl$frsb)
    __aeabi_fsub                             0x08004f09   Thumb Code     0  faddsub_clz.o(x$fpl$fsub)
    _fsub                                    0x08004f09   Thumb Code   234  faddsub_clz.o(x$fpl$fsub)
    _printf_fp_dec                           0x08004ff3   Thumb Code     4  printf1.o(x$fpl$printf1)
    __I$use$fp                               0x08004ff6   Number         0  usenofp.o(x$fpl$usenofp)
    asc2_1206                                0x08004ff6   Data        1140  oled.o(.constdata)
    asc2_1608                                0x0800546a   Data        1520  oled.o(.constdata)
    asc2_2412                                0x08005a5a   Data        3420  oled.o(.constdata)
    Region$$Table$$Base                      0x08006890   Number         0  anon$$obj.o(Region$$Table)
    Region$$Table$$Limit                     0x080068b0   Number         0  anon$$obj.o(Region$$Table)
    __ctype                                  0x080068d9   Data           0  lc_ctype_c.o(locale$$data)
    X_val                                    0x20000014   Data           4  main.o(.data)
    Y_val                                    0x20000018   Data           4  main.o(.data)
    D_val                                    0x2000001c   Data           4  main.o(.data)
    SystemCoreClock                          0x20000020   Data           4  system_stm32f10x.o(.data)
    AHBPrescTable                            0x20000024   Data          16  system_stm32f10x.o(.data)
    Rx1Flag                                  0x20000034   Data           2  usart.o(.data)
    Rx2Flag                                  0x20000036   Data           2  usart.o(.data)
    Rx3Flag                                  0x20000038   Data           2  usart.o(.data)
    Rx4Flag                                  0x2000003a   Data           2  usart.o(.data)
    Rx5Flag                                  0x2000003c   Data           2  usart.o(.data)
    USART_RX3_STA                            0x2000003e   Data           2  usart.o(.data)
    OLED_GRAM                                0x20000044   Data        1024  oled.o(.bss)
    Rx1Buf                                   0x20000444   Data         100  usart.o(.bss)
    Rx2Buf                                   0x200004a8   Data         100  usart.o(.bss)
    Rx3Buf                                   0x2000050c   Data         100  usart.o(.bss)
    Rx4Buf                                   0x20000570   Data         100  usart.o(.bss)
    Rx5Buf                                   0x200005d4   Data         100  usart.o(.bss)
    pid_X                                    0x20000638   Data          32  planeauto.o(.bss)
    pid_Y                                    0x20000658   Data          32  planeauto.o(.bss)
    pid_D                                    0x20000678   Data          32  planeauto.o(.bss)
    __libspace_start                         0x20000698   Data          96  libspace.o(.bss)
    __temporary_stack_top$libspace           0x200006f8   Data           0  libspace.o(.bss)



==============================================================================

Memory Map of the image

  Image Entry point : 0x08000131

  Load Region LR_IROM1 (Base: 0x08000000, Size: 0x00006a20, Max: 0x00080000, ABSOLUTE)

    Execution Region ER_IROM1 (Base: 0x08000000, Size: 0x000069dc, Max: 0x00080000, ABSOLUTE)

    Base Addr    Size         Type   Attr      Idx    E Section Name        Object

    0x08000000   0x00000130   Data   RO           19    RESET               startup_stm32f10x_hd.o
    0x08000130   0x00000008   Code   RO          554  * !!!main             c_w.l(__main.o)
    0x08000138   0x00000034   Code   RO          914    !!!scatter          c_w.l(__scatter.o)
    0x0800016c   0x0000001a   Code   RO          916    !!handler_copy      c_w.l(__scatter_copy.o)
    0x08000186   0x00000002   PAD
    0x08000188   0x0000001c   Code   RO          918    !!handler_zi        c_w.l(__scatter_zi.o)
    0x080001a4   0x00000000   Code   RO          678    .ARM.Collect$$_printf_percent$$00000000  c_w.l(_printf_percent.o)
    0x080001a4   0x00000006   Code   RO          667    .ARM.Collect$$_printf_percent$$00000001  c_w.l(_printf_n.o)
    0x080001aa   0x00000006   Code   RO          669    .ARM.Collect$$_printf_percent$$00000002  c_w.l(_printf_p.o)
    0x080001b0   0x00000006   Code   RO          674    .ARM.Collect$$_printf_percent$$00000003  c_w.l(_printf_f.o)
    0x080001b6   0x00000006   Code   RO          675    .ARM.Collect$$_printf_percent$$00000004  c_w.l(_printf_e.o)
    0x080001bc   0x00000006   Code   RO          676    .ARM.Collect$$_printf_percent$$00000005  c_w.l(_printf_g.o)
    0x080001c2   0x00000006   Code   RO          677    .ARM.Collect$$_printf_percent$$00000006  c_w.l(_printf_a.o)
    0x080001c8   0x0000000a   Code   RO          682    .ARM.Collect$$_printf_percent$$00000007  c_w.l(_printf_ll.o)
    0x080001d2   0x00000006   Code   RO          671    .ARM.Collect$$_printf_percent$$00000008  c_w.l(_printf_i.o)
    0x080001d8   0x00000006   Code   RO          672    .ARM.Collect$$_printf_percent$$00000009  c_w.l(_printf_d.o)
    0x080001de   0x00000006   Code   RO          673    .ARM.Collect$$_printf_percent$$0000000A  c_w.l(_printf_u.o)
    0x080001e4   0x00000006   Code   RO          670    .ARM.Collect$$_printf_percent$$0000000B  c_w.l(_printf_o.o)
    0x080001ea   0x00000006   Code   RO          668    .ARM.Collect$$_printf_percent$$0000000C  c_w.l(_printf_x.o)
    0x080001f0   0x00000006   Code   RO          679    .ARM.Collect$$_printf_percent$$0000000D  c_w.l(_printf_lli.o)
    0x080001f6   0x00000006   Code   RO          680    .ARM.Collect$$_printf_percent$$0000000E  c_w.l(_printf_lld.o)
    0x080001fc   0x00000006   Code   RO          681    .ARM.Collect$$_printf_percent$$0000000F  c_w.l(_printf_llu.o)
    0x08000202   0x00000006   Code   RO          686    .ARM.Collect$$_printf_percent$$00000010  c_w.l(_printf_llo.o)
    0x08000208   0x00000006   Code   RO          687    .ARM.Collect$$_printf_percent$$00000011  c_w.l(_printf_llx.o)
    0x0800020e   0x0000000a   Code   RO          683    .ARM.Collect$$_printf_percent$$00000012  c_w.l(_printf_l.o)
    0x08000218   0x00000006   Code   RO          665    .ARM.Collect$$_printf_percent$$00000013  c_w.l(_printf_c.o)
    0x0800021e   0x00000006   Code   RO          666    .ARM.Collect$$_printf_percent$$00000014  c_w.l(_printf_s.o)
    0x08000224   0x00000006   Code   RO          684    .ARM.Collect$$_printf_percent$$00000015  c_w.l(_printf_lc.o)
    0x0800022a   0x00000006   Code   RO          685    .ARM.Collect$$_printf_percent$$00000016  c_w.l(_printf_ls.o)
    0x08000230   0x00000004   Code   RO          726    .ARM.Collect$$_printf_percent$$00000017  c_w.l(_printf_percent_end.o)
    0x08000234   0x00000002   Code   RO          775    .ARM.Collect$$libinit$$00000000  c_w.l(libinit.o)
    0x08000236   0x00000000   Code   RO          791    .ARM.Collect$$libinit$$00000002  c_w.l(libinit2.o)
    0x08000236   0x00000000   Code   RO          793    .ARM.Collect$$libinit$$00000004  c_w.l(libinit2.o)
    0x08000236   0x00000000   Code   RO          796    .ARM.Collect$$libinit$$0000000A  c_w.l(libinit2.o)
    0x08000236   0x00000000   Code   RO          798    .ARM.Collect$$libinit$$0000000C  c_w.l(libinit2.o)
    0x08000236   0x00000000   Code   RO          800    .ARM.Collect$$libinit$$0000000E  c_w.l(libinit2.o)
    0x08000236   0x00000006   Code   RO          801    .ARM.Collect$$libinit$$0000000F  c_w.l(libinit2.o)
    0x0800023c   0x00000000   Code   RO          803    .ARM.Collect$$libinit$$00000011  c_w.l(libinit2.o)
    0x0800023c   0x0000000c   Code   RO          804    .ARM.Collect$$libinit$$00000012  c_w.l(libinit2.o)
    0x08000248   0x00000000   Code   RO          805    .ARM.Collect$$libinit$$00000013  c_w.l(libinit2.o)
    0x08000248   0x00000000   Code   RO          807    .ARM.Collect$$libinit$$00000015  c_w.l(libinit2.o)
    0x08000248   0x0000000a   Code   RO          808    .ARM.Collect$$libinit$$00000016  c_w.l(libinit2.o)
    0x08000252   0x00000000   Code   RO          809    .ARM.Collect$$libinit$$00000017  c_w.l(libinit2.o)
    0x08000252   0x00000000   Code   RO          811    .ARM.Collect$$libinit$$00000019  c_w.l(libinit2.o)
    0x08000252   0x00000000   Code   RO          813    .ARM.Collect$$libinit$$0000001B  c_w.l(libinit2.o)
    0x08000252   0x00000000   Code   RO          815    .ARM.Collect$$libinit$$0000001D  c_w.l(libinit2.o)
    0x08000252   0x00000000   Code   RO          817    .ARM.Collect$$libinit$$0000001F  c_w.l(libinit2.o)
    0x08000252   0x00000000   Code   RO          819    .ARM.Collect$$libinit$$00000021  c_w.l(libinit2.o)
    0x08000252   0x00000000   Code   RO          821    .ARM.Collect$$libinit$$00000023  c_w.l(libinit2.o)
    0x08000252   0x00000000   Code   RO          823    .ARM.Collect$$libinit$$00000025  c_w.l(libinit2.o)
    0x08000252   0x00000000   Code   RO          827    .ARM.Collect$$libinit$$0000002C  c_w.l(libinit2.o)
    0x08000252   0x00000000   Code   RO          829    .ARM.Collect$$libinit$$0000002E  c_w.l(libinit2.o)
    0x08000252   0x00000000   Code   RO          831    .ARM.Collect$$libinit$$00000030  c_w.l(libinit2.o)
    0x08000252   0x00000000   Code   RO          833    .ARM.Collect$$libinit$$00000032  c_w.l(libinit2.o)
    0x08000252   0x00000002   Code   RO          834    .ARM.Collect$$libinit$$00000033  c_w.l(libinit2.o)
    0x08000254   0x00000002   Code   RO          854    .ARM.Collect$$libshutdown$$00000000  c_w.l(libshutdown.o)
    0x08000256   0x00000000   Code   RO          867    .ARM.Collect$$libshutdown$$00000002  c_w.l(libshutdown2.o)
    0x08000256   0x00000000   Code   RO          869    .ARM.Collect$$libshutdown$$00000004  c_w.l(libshutdown2.o)
    0x08000256   0x00000000   Code   RO          872    .ARM.Collect$$libshutdown$$00000007  c_w.l(libshutdown2.o)
    0x08000256   0x00000000   Code   RO          875    .ARM.Collect$$libshutdown$$0000000A  c_w.l(libshutdown2.o)
    0x08000256   0x00000000   Code   RO          877    .ARM.Collect$$libshutdown$$0000000C  c_w.l(libshutdown2.o)
    0x08000256   0x00000000   Code   RO          880    .ARM.Collect$$libshutdown$$0000000F  c_w.l(libshutdown2.o)
    0x08000256   0x00000002   Code   RO          881    .ARM.Collect$$libshutdown$$00000010  c_w.l(libshutdown2.o)
    0x08000258   0x00000000   Code   RO          594    .ARM.Collect$$rtentry$$00000000  c_w.l(__rtentry.o)
    0x08000258   0x00000000   Code   RO          700    .ARM.Collect$$rtentry$$00000002  c_w.l(__rtentry2.o)
    0x08000258   0x00000006   Code   RO          712    .ARM.Collect$$rtentry$$00000004  c_w.l(__rtentry4.o)
    0x0800025e   0x00000000   Code   RO          702    .ARM.Collect$$rtentry$$00000009  c_w.l(__rtentry2.o)
    0x0800025e   0x00000004   Code   RO          703    .ARM.Collect$$rtentry$$0000000A  c_w.l(__rtentry2.o)
    0x08000262   0x00000000   Code   RO          705    .ARM.Collect$$rtentry$$0000000C  c_w.l(__rtentry2.o)
    0x08000262   0x00000008   Code   RO          706    .ARM.Collect$$rtentry$$0000000D  c_w.l(__rtentry2.o)
    0x0800026a   0x00000002   Code   RO          783    .ARM.Collect$$rtexit$$00000000  c_w.l(rtexit.o)
    0x0800026c   0x00000000   Code   RO          836    .ARM.Collect$$rtexit$$00000002  c_w.l(rtexit2.o)
    0x0800026c   0x00000004   Code   RO          837    .ARM.Collect$$rtexit$$00000003  c_w.l(rtexit2.o)
    0x08000270   0x00000006   Code   RO          838    .ARM.Collect$$rtexit$$00000004  c_w.l(rtexit2.o)
    0x08000276   0x00000002   PAD
    0x08000278   0x00000040   Code   RO           20    .text               startup_stm32f10x_hd.o
    0x080002b8   0x000000dc   Code   RO           24    .text               misc.o
    0x08000394   0x0000035c   Code   RO          119    .text               stm32f10x_gpio.o
    0x080006f0   0x000003a4   Code   RO          131    .text               stm32f10x_rcc.o
    0x08000a94   0x00000408   Code   RO          145    .text               stm32f10x_usart.o
    0x08000e9c   0x0000011c   Code   RO          157    .text               stm32f10x_exti.o
    0x08000fb8   0x00000188   Code   RO          181    .text               main.o
    0x08001140   0x0000001a   Code   RO          260    .text               stm32f10x_it.o
    0x0800115a   0x00000002   PAD
    0x0800115c   0x000001e0   Code   RO          275    .text               system_stm32f10x.o
    0x0800133c   0x00000584   Code   RO          293    .text               mcp41010.o
    0x080018c0   0x0000078c   Code   RO          336    .text               oled.o
    0x0800204c   0x00000404   Code   RO          367    .text               usart.o
    0x08002450   0x000000ac   Code   RO          392    .text               delay.o
    0x080024fc   0x00000394   Code   RO          424    .text               planeauto.o
    0x08002890   0x00000124   Code   RO          463    .text               strtonum.o
    0x080029b4   0x000004dc   Code   RO          481    .text               exti.o
    0x08002e90   0x00000034   Code   RO          546    .text               c_w.l(c89vsnprintf.o)
    0x08002ec4   0x0000003e   Code   RO          548    .text               c_w.l(strlen.o)
    0x08002f02   0x0000004e   Code   RO          550    .text               c_w.l(rt_memclr_w.o)
    0x08002f50   0x00000006   Code   RO          552    .text               c_w.l(heapauxi.o)
    0x08002f56   0x0000004e   Code   RO          597    .text               c_w.l(_printf_pad.o)
    0x08002fa4   0x00000024   Code   RO          599    .text               c_w.l(_printf_truncate.o)
    0x08002fc8   0x00000052   Code   RO          601    .text               c_w.l(_printf_str.o)
    0x0800301a   0x00000002   PAD
    0x0800301c   0x00000078   Code   RO          603    .text               c_w.l(_printf_dec.o)
    0x08003094   0x00000028   Code   RO          605    .text               c_w.l(_printf_charcount.o)
    0x080030bc   0x00000030   Code   RO          607    .text               c_w.l(_printf_char_common.o)
    0x080030ec   0x0000000a   Code   RO          609    .text               c_w.l(_sputc.o)
    0x080030f6   0x00000010   Code   RO          611    .text               c_w.l(_snputc.o)
    0x08003106   0x00000002   PAD
    0x08003108   0x000000bc   Code   RO          613    .text               c_w.l(_printf_wctomb.o)
    0x080031c4   0x0000007c   Code   RO          616    .text               c_w.l(_printf_longlong_dec.o)
    0x08003240   0x00000070   Code   RO          622    .text               c_w.l(_printf_oct_int_ll.o)
    0x080032b0   0x00000094   Code   RO          642    .text               c_w.l(_printf_hex_int_ll_ptr.o)
    0x08003344   0x00000188   Code   RO          662    .text               c_w.l(__printf_flags_ss_wp.o)
    0x080034cc   0x0000008a   Code   RO          714    .text               c_w.l(lludiv10.o)
    0x08003556   0x000000b2   Code   RO          716    .text               c_w.l(_printf_intcommon.o)
    0x08003608   0x0000041a   Code   RO          718    .text               c_w.l(_printf_fp_dec.o)
    0x08003a22   0x0000002c   Code   RO          722    .text               c_w.l(_printf_char.o)
    0x08003a4e   0x0000002c   Code   RO          724    .text               c_w.l(_printf_wchar.o)
    0x08003a7a   0x00000040   Code   RO          727    .text               c_w.l(_wcrtomb.o)
    0x08003aba   0x0000004a   Code   RO          729    .text               c_w.l(sys_stackheap_outer.o)
    0x08003b04   0x00000010   Code   RO          731    .text               c_w.l(rt_ctype_table.o)
    0x08003b14   0x00000008   Code   RO          736    .text               c_w.l(rt_locale_intlibspace.o)
    0x08003b1c   0x00000080   Code   RO          738    .text               c_w.l(_printf_fp_infnan.o)
    0x08003b9c   0x000000dc   Code   RO          740    .text               c_w.l(bigflt0.o)
    0x08003c78   0x00000012   Code   RO          768    .text               c_w.l(exit.o)
    0x08003c8a   0x00000002   PAD
    0x08003c8c   0x00000008   Code   RO          780    .text               c_w.l(libspace.o)
    0x08003c94   0x00000080   Code   RO          788    .text               c_w.l(strcmpv7m.o)
    0x08003d14   0x0000000c   Code   RO          846    .text               c_w.l(sys_exit.o)
    0x08003d20   0x00000002   Code   RO          857    .text               c_w.l(use_no_semi.o)
    0x08003d22   0x00000000   Code   RO          859    .text               c_w.l(indicate_semi.o)
    0x08003d22   0x0000003e   Code   RO          743    CL$$btod_d2e        c_w.l(btod.o)
    0x08003d60   0x00000046   Code   RO          745    CL$$btod_d2e_denorm_low  c_w.l(btod.o)
    0x08003da6   0x00000060   Code   RO          744    CL$$btod_d2e_norm_op1  c_w.l(btod.o)
    0x08003e06   0x00000338   Code   RO          753    CL$$btod_div_common  c_w.l(btod.o)
    0x0800413e   0x000000c6   Code   RO          750    CL$$btod_e2e        c_w.l(btod.o)
    0x08004204   0x00000028   Code   RO          747    CL$$btod_ediv       c_w.l(btod.o)
    0x0800422c   0x00000028   Code   RO          746    CL$$btod_emul       c_w.l(btod.o)
    0x08004254   0x00000244   Code   RO          752    CL$$btod_mult_common  c_w.l(btod.o)
    0x08004498   0x00000028   Code   RO          778    i.__ARM_fpclassify  m_ws.l(fpclassify.o)
    0x080044c0   0x0000000e   Code   RO          655    i._is_digit         c_w.l(__printf_wp.o)
    0x080044ce   0x00000002   PAD
    0x080044d0   0x0000002c   Code   RO          766    locale$$code        c_w.l(lc_numeric_c.o)
    0x080044fc   0x0000002c   Code   RO          786    locale$$code        c_w.l(lc_ctype_c.o)
    0x08004528   0x00000150   Code   RO          556    x$fpl$dadd          fz_ws.l(daddsub_clz.o)
    0x08004678   0x000002b0   Code   RO          563    x$fpl$ddiv          fz_ws.l(ddiv.o)
    0x08004928   0x0000005e   Code   RO          566    x$fpl$dfix          fz_ws.l(dfix.o)
    0x08004986   0x0000002e   Code   RO          571    x$fpl$dflt          fz_ws.l(dflt_clz.o)
    0x080049b4   0x0000009c   Code   RO          688    x$fpl$dnaninf       fz_ws.l(dnaninf.o)
    0x08004a50   0x0000000c   Code   RO          690    x$fpl$dretinf       fz_ws.l(dretinf.o)
    0x08004a5c   0x000001d4   Code   RO          558    x$fpl$dsub          fz_ws.l(daddsub_clz.o)
    0x08004c30   0x000000c4   Code   RO          576    x$fpl$fadd          fz_ws.l(faddsub_clz.o)
    0x08004cf4   0x00000036   Code   RO          582    x$fpl$ffix          fz_ws.l(ffix.o)
    0x08004d2a   0x00000002   PAD
    0x08004d2c   0x00000030   Code   RO          587    x$fpl$fflt          fz_ws.l(fflt_clz.o)
    0x08004d5c   0x00000102   Code   RO          592    x$fpl$fmul          fz_ws.l(fmul.o)
    0x08004e5e   0x0000008c   Code   RO          692    x$fpl$fnaninf       fz_ws.l(fnaninf.o)
    0x08004eea   0x0000000a   Code   RO          694    x$fpl$fretinf       fz_ws.l(fretinf.o)
    0x08004ef4   0x00000014   Code   RO          577    x$fpl$frsb          fz_ws.l(faddsub_clz.o)
    0x08004f08   0x000000ea   Code   RO          578    x$fpl$fsub          fz_ws.l(faddsub_clz.o)
    0x08004ff2   0x00000004   Code   RO          696    x$fpl$printf1       fz_ws.l(printf1.o)
    0x08004ff6   0x00000000   Code   RO          698    x$fpl$usenofp       fz_ws.l(usenofp.o)
    0x08004ff6   0x000017c0   Data   RO          338    .constdata          oled.o
    0x080067b6   0x00000002   PAD
    0x080067b8   0x00000008   Data   RO          614    .constdata          c_w.l(_printf_wctomb.o)
    0x080067c0   0x00000028   Data   RO          643    .constdata          c_w.l(_printf_hex_int_ll_ptr.o)
    0x080067e8   0x00000011   Data   RO          663    .constdata          c_w.l(__printf_flags_ss_wp.o)
    0x080067f9   0x00000003   PAD
    0x080067fc   0x00000094   Data   RO          741    .constdata          c_w.l(bigflt0.o)
    0x08006890   0x00000020   Data   RO          912    Region$$Table       anon$$obj.o
    0x080068b0   0x0000001c   Data   RO          765    locale$$data        c_w.l(lc_numeric_c.o)
    0x080068cc   0x00000110   Data   RO          785    locale$$data        c_w.l(lc_ctype_c.o)


    Execution Region RW_IRAM1 (Base: 0x20000000, Size: 0x00000cf8, Max: 0x00010000, ABSOLUTE)

    Base Addr    Size         Type   Attr      Idx    E Section Name        Object

    0x20000000   0x00000014   Data   RW          132    .data               stm32f10x_rcc.o
    0x20000014   0x0000000c   Data   RW          182    .data               main.o
    0x20000020   0x00000014   Data   RW          276    .data               system_stm32f10x.o
    0x20000034   0x0000000c   Data   RW          369    .data               usart.o
    0x20000040   0x00000004   Data   RW          393    .data               delay.o
    0x20000044   0x00000400   Zero   RW          337    .bss                oled.o
    0x20000444   0x000001f4   Zero   RW          368    .bss                usart.o
    0x20000638   0x00000060   Zero   RW          425    .bss                planeauto.o
    0x20000698   0x00000060   Zero   RW          781    .bss                c_w.l(libspace.o)
    0x200006f8   0x00000200   Zero   RW           18    HEAP                startup_stm32f10x_hd.o
    0x200008f8   0x00000400   Zero   RW           17    STACK               startup_stm32f10x_hd.o


==============================================================================

Image component sizes


      Code (inc. data)   RO Data    RW Data    ZI Data      Debug   Object Name

         0          0          0          0          0       4572   core_cm3.o
       172          8          0          4          0       1171   delay.o
      1244         50          0          0          0       2124   exti.o
       392         64          0         12          0     204283   main.o
      1412         84          0          0          0       2917   mcp41010.o
       220         22          0          0          0     232101   misc.o
      1932         62       6080          0       1024       7182   oled.o
       916         50          0          0         96       3204   planeauto.o
        64         26        304          0       1536        816   startup_stm32f10x_hd.o
       284         10          0          0          0       2283   stm32f10x_exti.o
       860         38          0          0          0       5761   stm32f10x_gpio.o
        26          0          0          0          0       1250   stm32f10x_it.o
       932         36          0         20          0       8976   stm32f10x_rcc.o
      1032         22          0          0          0       8480   stm32f10x_usart.o
       292          0          0          0          0       2052   strtonum.o
       480         38          0         20          0       1911   system_stm32f10x.o
      1028         44          0         12        500       4723   usart.o

    ----------------------------------------------------------------------
     11288        554       6418         68       3156     493806   Object Totals
         0          0         32          0          0          0   (incl. Generated)
         2          0          2          0          0          0   (incl. Padding)

    ----------------------------------------------------------------------

      Code (inc. data)   RO Data    RW Data    ZI Data      Debug   Library Member Name

         8          0          0          0          0         68   __main.o
       392          4         17          0          0         92   __printf_flags_ss_wp.o
        14          0          0          0          0         68   __printf_wp.o
         0          0          0          0          0          0   __rtentry.o
        12          0          0          0          0          0   __rtentry2.o
         6          0          0          0          0          0   __rtentry4.o
        52          8          0          0          0          0   __scatter.o
        26          0          0          0          0          0   __scatter_copy.o
        28          0          0          0          0          0   __scatter_zi.o
         6          0          0          0          0          0   _printf_a.o
         6          0          0          0          0          0   _printf_c.o
        44          0          0          0          0        108   _printf_char.o
        48          6          0          0          0         96   _printf_char_common.o
        40          0          0          0          0         68   _printf_charcount.o
         6          0          0          0          0          0   _printf_d.o
       120         16          0          0          0         92   _printf_dec.o
         6          0          0          0          0          0   _printf_e.o
         6          0          0          0          0          0   _printf_f.o
      1050          0          0          0          0        216   _printf_fp_dec.o
       128         16          0          0          0         84   _printf_fp_infnan.o
         6          0          0          0          0          0   _printf_g.o
       148          4         40          0          0        160   _printf_hex_int_ll_ptr.o
         6          0          0          0          0          0   _printf_i.o
       178          0          0          0          0         88   _printf_intcommon.o
        10          0          0          0          0          0   _printf_l.o
         6          0          0          0          0          0   _printf_lc.o
        10          0          0          0          0          0   _printf_ll.o
         6          0          0          0          0          0   _printf_lld.o
         6          0          0          0          0          0   _printf_lli.o
         6          0          0          0          0          0   _printf_llo.o
         6          0          0          0          0          0   _printf_llu.o
         6          0          0          0          0          0   _printf_llx.o
       124         16          0          0          0         92   _printf_longlong_dec.o
         6          0          0          0          0          0   _printf_ls.o
         6          0          0          0          0          0   _printf_n.o
         6          0          0          0          0          0   _printf_o.o
       112          8          0          0          0        124   _printf_oct_int_ll.o
         6          0          0          0          0          0   _printf_p.o
        78          0          0          0          0        108   _printf_pad.o
         0          0          0          0          0          0   _printf_percent.o
         4          0          0          0          0          0   _printf_percent_end.o
         6          0          0          0          0          0   _printf_s.o
        82          0          0          0          0         80   _printf_str.o
        36          0          0          0          0         84   _printf_truncate.o
         6          0          0          0          0          0   _printf_u.o
        44          0          0          0          0        108   _printf_wchar.o
       188          6          8          0          0         92   _printf_wctomb.o
         6          0          0          0          0          0   _printf_x.o
        16          0          0          0          0         68   _snputc.o
        10          0          0          0          0         68   _sputc.o
        64          0          0          0          0         92   _wcrtomb.o
       220          4        148          0          0         96   bigflt0.o
      1910        128          0          0          0        672   btod.o
        52          4          0          0          0         80   c89vsnprintf.o
        18          0          0          0          0         80   exit.o
         6          0          0          0          0        152   heapauxi.o
         0          0          0          0          0          0   indicate_semi.o
        44         10        272          0          0         76   lc_ctype_c.o
        44         10         28          0          0         76   lc_numeric_c.o
         2          0          0          0          0          0   libinit.o
        30          0          0          0          0          0   libinit2.o
         2          0          0          0          0          0   libshutdown.o
         2          0          0          0          0          0   libshutdown2.o
         8          4          0          0         96         68   libspace.o
       138          0          0          0          0         80   lludiv10.o
        16          4          0          0          0         76   rt_ctype_table.o
         8          4          0          0          0         68   rt_locale_intlibspace.o
        78          0          0          0          0         80   rt_memclr_w.o
         2          0          0          0          0          0   rtexit.o
        10          0          0          0          0          0   rtexit2.o
       128          0          0          0          0         68   strcmpv7m.o
        62          0          0          0          0         76   strlen.o
        12          4          0          0          0         68   sys_exit.o
        74          0          0          0          0         80   sys_stackheap_outer.o
         2          0          0          0          0         68   use_no_semi.o
       804         16          0          0          0        272   daddsub_clz.o
       688        140          0          0          0        208   ddiv.o
        94          4          0          0          0         92   dfix.o
        46          0          0          0          0         68   dflt_clz.o
       156          4          0          0          0         92   dnaninf.o
        12          0          0          0          0         68   dretinf.o
       450          8          0          0          0        236   faddsub_clz.o
        54          4          0          0          0         84   ffix.o
        48          0          0          0          0         68   fflt_clz.o
       258          4          0          0          0         84   fmul.o
       140          4          0          0          0         84   fnaninf.o
        10          0          0          0          0         68   fretinf.o
         4          0          0          0          0         68   printf1.o
         0          0          0          0          0          0   usenofp.o
        40          0          0          0          0         68   fpclassify.o

    ----------------------------------------------------------------------
      8878        440        516          0         96       5580   Library Totals
        14          0          3          0          0          0   (incl. Padding)

    ----------------------------------------------------------------------

      Code (inc. data)   RO Data    RW Data    ZI Data      Debug   Library Name

      6060        256        513          0         96       4020   c_w.l
      2764        184          0          0          0       1492   fz_ws.l
        40          0          0          0          0         68   m_ws.l

    ----------------------------------------------------------------------
      8878        440        516          0         96       5580   Library Totals

    ----------------------------------------------------------------------

==============================================================================


      Code (inc. data)   RO Data    RW Data    ZI Data      Debug   

     20166        994       6934         68       3252     495170   Grand Totals
     20166        994       6934         68       3252     495170   ELF Image Totals
     20166        994       6934         68          0          0   ROM Totals

==============================================================================

    Total RO  Size (Code + RO Data)                27100 (  26.46kB)
    Total RW  Size (RW Data + ZI Data)              3320 (   3.24kB)
    Total ROM Size (Code + RO Data + RW Data)      27168 (  26.53kB)

==============================================================================

