Product: MDK-ARM Standard 5.10
Component: ARM Compiler 5.04 update 1 (build 49)
Tool: armlink [5040049]

==============================================================================

Section Cross References

    startup_stm32f10x_hd.o(STACK) refers (Special) to heapauxi.o(.text) for __use_two_region_memory
    startup_stm32f10x_hd.o(HEAP) refers (Special) to heapauxi.o(.text) for __use_two_region_memory
    startup_stm32f10x_hd.o(RESET) refers (Special) to heapauxi.o(.text) for __use_two_region_memory
    startup_stm32f10x_hd.o(RESET) refers to startup_stm32f10x_hd.o(STACK) for __initial_sp
    startup_stm32f10x_hd.o(RESET) refers to startup_stm32f10x_hd.o(.text) for Reset_Handler
    startup_stm32f10x_hd.o(RESET) refers to stm32f10x_it.o(.text) for NMI_Handler
    startup_stm32f10x_hd.o(RESET) refers to exti.o(.text) for EXTI0_IRQHandler
    startup_stm32f10x_hd.o(RESET) refers to usart.o(.text) for USART1_IRQHandler
    startup_stm32f10x_hd.o(.text) refers (Special) to heapauxi.o(.text) for __use_two_region_memory
    startup_stm32f10x_hd.o(.text) refers to system_stm32f10x.o(.text) for SystemInit
    startup_stm32f10x_hd.o(.text) refers to __main.o(!!!main) for __main
    startup_stm32f10x_hd.o(.text) refers to startup_stm32f10x_hd.o(HEAP) for Heap_Mem
    startup_stm32f10x_hd.o(.text) refers to startup_stm32f10x_hd.o(STACK) for Stack_Mem
    stm32f10x_gpio.o(.text) refers to stm32f10x_rcc.o(.text) for RCC_APB2PeriphResetCmd
    stm32f10x_rcc.o(.text) refers to stm32f10x_rcc.o(.data) for APBAHBPrescTable
    stm32f10x_usart.o(.text) refers to stm32f10x_rcc.o(.text) for RCC_APB2PeriphResetCmd
    main.o(.text) refers to rt_memclr_w.o(.text) for __aeabi_memclr4
    main.o(.text) refers to delay.o(.text) for delay_init
    main.o(.text) refers to usart.o(.text) for USART1_Init
    main.o(.text) refers to mcp41010.o(.text) for MCP41010_Init
    main.o(.text) refers to exti.o(.text) for EXTIX_Init
    system_stm32f10x.o(.text) refers to system_stm32f10x.o(.data) for SystemCoreClock
    mcp41010.o(.text) refers to stm32f10x_rcc.o(.text) for RCC_APB2PeriphClockCmd
    mcp41010.o(.text) refers to stm32f10x_gpio.o(.text) for GPIO_Init
    mcp41010.o(.text) refers to delay.o(.text) for delay_us
    mcp41010.o(.text) refers to dflt_clz.o(x$fpl$dflt) for __aeabi_i2d
    mcp41010.o(.text) refers to daddsub_clz.o(x$fpl$dsub) for __aeabi_dsub
    mcp41010.o(.text) refers to ddiv.o(x$fpl$ddiv) for __aeabi_ddiv
    mcp41010.o(.text) refers to dfix.o(x$fpl$dfix) for __aeabi_d2iz
    delay.o(.text) refers to misc.o(.text) for SysTick_CLKSourceConfig
    delay.o(.text) refers to delay.o(.data) for fac_us
    sys.o(.text) refers to misc.o(.text) for NVIC_PriorityGroupConfig
    usart.o(.text) refers to stm32f10x_rcc.o(.text) for RCC_APB2PeriphClockCmd
    usart.o(.text) refers to stm32f10x_usart.o(.text) for USART_DeInit
    usart.o(.text) refers to stm32f10x_gpio.o(.text) for GPIO_Init
    usart.o(.text) refers to misc.o(.text) for NVIC_Init
    usart.o(.text) refers to c89vsnprintf.o(.text) for __c89vsnprintf
    usart.o(.text) refers to usart.o(.bss) for Rx1Buf
    usart.o(.text) refers to usart.o(.data) for Rx1Flag
    planeauto.o(.text) refers to mcp41010.o(.text) for SetChannelValue
    planeauto.o(.text) refers to rt_memclr_w.o(.text) for __aeabi_memclr4
    planeauto.o(.text) refers to delay.o(.text) for delay_ms
    planeauto.o(.text) refers to strtonum.o(.text) for TempOrPressure
    planeauto.o(.text) refers to usart.o(.text) for printf1
    planeauto.o(.text) refers to usart.o(.data) for USART_RX3_STA
    planeauto.o(.text) refers to usart.o(.bss) for Rx3Buf
    planeauto.o(.text) refers to planeauto.o(.data) for FlagOfCatch
    strtonum.o(.text) refers to strlen.o(.text) for strlen
    exti.o(.text) refers to stm32f10x_rcc.o(.text) for RCC_APB2PeriphClockCmd
    exti.o(.text) refers to stm32f10x_gpio.o(.text) for GPIO_Init
    exti.o(.text) refers to stm32f10x_exti.o(.text) for EXTI_Init
    exti.o(.text) refers to misc.o(.text) for NVIC_Init
    exti.o(.text) refers to delay.o(.text) for delay_ms
    c89vsnprintf.o(.text) refers (Special) to _printf_a.o(.ARM.Collect$$_printf_percent$$00000006) for _printf_a
    c89vsnprintf.o(.text) refers (Special) to _printf_c.o(.ARM.Collect$$_printf_percent$$00000013) for _printf_c
    c89vsnprintf.o(.text) refers (Special) to _printf_charcount.o(.text) for _printf_charcount
    c89vsnprintf.o(.text) refers (Special) to _printf_d.o(.ARM.Collect$$_printf_percent$$00000009) for _printf_d
    c89vsnprintf.o(.text) refers (Special) to _printf_e.o(.ARM.Collect$$_printf_percent$$00000004) for _printf_e
    c89vsnprintf.o(.text) refers (Special) to _printf_f.o(.ARM.Collect$$_printf_percent$$00000003) for _printf_f
    c89vsnprintf.o(.text) refers (Special) to printf1.o(x$fpl$printf1) for _printf_fp_dec
    c89vsnprintf.o(.text) refers (Special) to _printf_g.o(.ARM.Collect$$_printf_percent$$00000005) for _printf_g
[...]
    ../clib/printf.c                         0x00000000   Number         0  _printf_intcommon.o ABSOLUTE
    ../clib/printf.c                         0x00000000   Number         0  _printf_charcount.o ABSOLUTE
    ../clib/printf.c                         0x00000000   Number         0  _printf_char_common.o ABSOLUTE
    ../clib/printf.c                         0x00000000   Number         0  _sputc.o ABSOLUTE
    ../clib/printf.c                         0x00000000   Number         0  _snputc.o ABSOLUTE
    ../clib/printf.c                         0x00000000   Number         0  _printf_wctomb.o ABSOLUTE
    ../clib/printf.c                         0x00000000   Number         0  _printf_longlong_dec.o ABSOLUTE
    ../clib/printf.c                         0x00000000   Number         0  _printf_oct_ll.o ABSOLUTE
    ../clib/printf.c                         0x00000000   Number         0  _printf_fp_infnan.o ABSOLUTE
    ../clib/printf.c                         0x00000000   Number         0  _printf_oct_int.o ABSOLUTE
    ../clib/printf.c                         0x00000000   Number         0  _printf_oct_int_ll.o ABSOLUTE
    ../clib/printf.c                         0x00000000   Number         0  _printf_hex_ll.o ABSOLUTE
    ../clib/printf_percent.s                 0x00000000   Number         0  _printf_f.o ABSOLUTE
    ../clib/printf_percent.s                 0x00000000   Number         0  _printf_u.o ABSOLUTE
    ../clib/printf_percent.s                 0x00000000   Number         0  _printf_d.o ABSOLUTE
    ../clib/printf_percent.s                 0x00000000   Number         0  _printf_i.o ABSOLUTE
    ../clib/printf_percent.s                 0x00000000   Number         0  _printf_o.o ABSOLUTE
    ../clib/printf_percent.s                 0x00000000   Number         0  _printf_e.o ABSOLUTE
    ../clib/printf_percent.s                 0x00000000   Number         0  _printf_p.o ABSOLUTE
    ../clib/printf_percent.s                 0x00000000   Number         0  _printf_n.o ABSOLUTE
    ../clib/printf_percent.s                 0x00000000   Number         0  _printf_ll.o ABSOLUTE
    ../clib/printf_percent.s                 0x00000000   Number         0  _printf_x.o ABSOLUTE
    ../clib/printf_percent.s                 0x00000000   Number         0  _printf_s.o ABSOLUTE
    ../clib/printf_percent.s                 0x00000000   Number         0  _printf_c.o ABSOLUTE
    ../clib/printf_percent.s                 0x00000000   Number         0  _printf_llu.o ABSOLUTE
    ../clib/printf_percent.s                 0x00000000   Number         0  _printf_l.o ABSOLUTE
    ../clib/printf_percent.s                 0x00000000   Number         0  _printf_lld.o ABSOLUTE
    ../clib/printf_percent.s                 0x00000000   Number         0  _printf_ls.o ABSOLUTE
    ../clib/printf_percent.s                 0x00000000   Number         0  _printf_lli.o ABSOLUTE
    ../clib/printf_percent.s                 0x00000000   Number         0  _printf_llo.o ABSOLUTE
    ../clib/printf_percent.s                 0x00000000   Number         0  _printf_percent.o ABSOLUTE
    ../clib/printf_percent.s                 0x00000000   Number         0  _printf_lc.o ABSOLUTE
    ../clib/printf_percent.s                 0x00000000   Number         0  _printf_a.o ABSOLUTE
    ../clib/printf_percent.s                 0x00000000   Number         0  _printf_percent_end.o ABSOLUTE
    ../clib/printf_percent.s                 0x00000000   Number         0  _printf_g.o ABSOLUTE
    ../clib/printf_percent.s                 0x00000000   Number         0  _printf_llx.o ABSOLUTE
    ../clib/signal.c                         0x00000000   Number         0  defsig_cppl_inner.o ABSOLUTE
    ../clib/signal.c                         0x00000000   Number         0  defsig_other.o ABSOLUTE
    ../clib/signal.c                         0x00000000   Number         0  defsig_rtred_inner.o ABSOLUTE
    ../clib/signal.c                         0x00000000   Number         0  defsig_segv_inner.o ABSOLUTE
    ../clib/signal.c                         0x00000000   Number         0  defsig_fpe_inner.o ABSOLUTE
    ../clib/signal.c                         0x00000000   Number         0  defsig_abrt_inner.o ABSOLUTE
    ../clib/signal.c                         0x00000000   Number         0  defsig_pvfn_inner.o ABSOLUTE
    ../clib/signal.c                         0x00000000   Number         0  defsig_stak_inner.o ABSOLUTE
    ../clib/signal.c                         0x00000000   Number         0  defsig_general.o ABSOLUTE
    ../clib/signal.c                         0x00000000   Number         0  __raise.o ABSOLUTE
    ../clib/signal.c                         0x00000000   Number         0  defsig_rtmem_inner.o ABSOLUTE
    ../clib/signal.c                         0x00000000   Number         0  defsig_exit.o ABSOLUTE
    ../clib/signal.c                         0x00000000   Number         0  defsig_rtmem_outer.o ABSOLUTE
    ../clib/signal.c                         0x00000000   Number         0  defsig_rtmem_formal.o ABSOLUTE
    ../clib/signal.s                         0x00000000   Number         0  defsig.o ABSOLUTE
    ../clib/stdlib.c                         0x00000000   Number         0  exit.o ABSOLUTE
    ../clib/string.c                         0x00000000   Number         0  strlen.o ABSOLUTE
    ../fplib/daddsub.s                       0x00000000   Number         0  daddsub_clz.o ABSOLUTE
    ../fplib/ddiv.s                          0x00000000   Number         0  ddiv.o ABSOLUTE
    ../fplib/dfix.s                          0x00000000   Number         0  dfix.o ABSOLUTE
    ../fplib/dflt.s                          0x00000000   Number         0  dflt_clz.o ABSOLUTE
    ../fplib/dnaninf.s                       0x00000000   Number         0  dnaninf.o ABSOLUTE
    ../fplib/dretinf.s                       0x00000000   Number         0  dretinf.o ABSOLUTE
    ../fplib/fpinit.s                        0x00000000   Number         0  fpinit.o ABSOLUTE
    ../fplib/istatus.s                       0x00000000   Number         0  istatus.o ABSOLUTE
    ../fplib/printf1.s                       0x00000000   Number         0  printf1.o ABSOLUTE
    ../fplib/usenofp.s                       0x00000000   Number         0  usenofp.o ABSOLUTE
    ../mathlib/fpclassify.c                  0x00000000   Number         0  fpclassify.o ABSOLUTE
    CORE\\core_cm3.c                         0x00000000   Number         0  core_cm3.o ABSOLUTE
    CORE\core_cm3.c                          0x00000000   Number         0  core_cm3.o ABSOLUTE
    CORE\startup_stm32f10x_hd.s              0x00000000   Number         0  startup_stm32f10x_hd.o ABSOLUTE
    HARDWARE\MCP41010\MCP41010.c             0x00000000   Number         0  mcp41010.o ABSOLUTE
    LIB\src\misc.c                           0x00000000   Number         0  misc.o ABSOLUTE
    LIB\src\stm32f10x_exti.c                 0x00000000   Number         0  stm32f10x_exti.o ABSOLUTE
    LIB\src\stm32f10x_gpio.c                 0x00000000   Number         0  stm32f10x_gpio.o ABSOLUTE
    LIB\src\stm32f10x_rcc.c                  0x00000000   Number         0  stm32f10x_rcc.o ABSOLUTE
    LIB\src\stm32f10x_usart.c                0x00000000   Number         0  stm32f10x_usart.o ABSOLUTE
    SOFTWARE\EXTI\exti.c                     0x00000000   Number         0  exti.o ABSOLUTE
    SOFTWARE\PlaneAuto\PlaneAuto.c           0x00000000   Number         0  planeauto.o ABSOLUTE
    SOFTWARE\StrToNum\StrToNum.c             0x00000000   Number         0  strtonum.o ABSOLUTE
    SYSTEM\delay\delay.c                     0x00000000   Number         0  delay.o ABSOLUTE
    SYSTEM\sys\sys.c                         0x00000000   Number         0  sys.o ABSOLUTE
    SYSTEM\usart\usart.c                     0x00000000   Number         0  usart.o ABSOLUTE
    USER\main.c                              0x00000000   Number         0  main.o ABSOLUTE
    USER\stm32f10x_it.c                      0x00000000   Number         0  stm32f10x_it.o ABSOLUTE
    USER\system_stm32f10x.c                  0x00000000   Number         0  system_stm32f10x.o ABSOLUTE
    dc.s                                     0x00000000   Number         0  dc.o ABSOLUTE
    RESET                                    0x08000000   Section      304  startup_stm32f10x_hd.o(RESET)
    !!!main                                  0x08000130   Section        8  __main.o(!!!main)
    !!!scatter                               0x08000138   Section       52  __scatter.o(!!!scatter)
    !!handler_copy                           0x0800016c   Section       26  __scatter_copy.o(!!handler_copy)
    !!handler_zi                             0x08000188   Section       28  __scatter_zi.o(!!handler_zi)
    .ARM.Collect$$_printf_percent$$00000000  0x080001a4   Section        0  _printf_percent.o(.ARM.Collect$$_printf_percent$$00000000)
    .ARM.Collect$$_printf_percent$$00000001  0x080001a4   Section        6  _printf_n.o(.ARM.Collect$$_printf_percent$$00000001)
    .ARM.Collect$$_printf_percent$$00000002  0x080001aa   Section        6  _printf_p.o(.ARM.Collect$$_printf_percent$$00000002)
    .ARM.Collect$$_printf_percent$$00000003  0x080001b0   Section        6  _printf_f.o(.ARM.Collect$$_printf_percent$$00000003)
    .ARM.Collect$$_printf_percent$$00000004  0x080001b6   Section        6  _printf_e.o(.ARM.Collect$$_printf_percent$$00000004)
    .ARM.Collect$$_printf_percent$$00000005  0x080001bc   Section        6  _printf_g.o(.ARM.Collect$$_printf_percent$$00000005)
    .ARM.Collect$$_printf_percent$$00000006  0x080001c2   Section        6  _printf_a.o(.ARM.Collect$$_printf_percent$$00000006)
    .ARM.Collect$$_printf_percent$$00000007  0x080001c8   Section       10  _printf_ll.o(.ARM.Collect$$_printf_percent$$00000007)
    .ARM.Collect$$_printf_percent$$00000008  0x080001d2   Section        6  _printf_i.o(.ARM.Collect$$_printf_percent$$00000008)
    .ARM.Collect$$_printf_percent$$00000009  0x080001d8   Section        6  _printf_d.o(.ARM.Collect$$_printf_percent$$00000009)
    .ARM.Collect$$_printf_percent$$0000000A  0x080001de   Section        6  _printf_u.o(.ARM.Collect$$_printf_percent$$0000000A)
    .ARM.Collect$$_printf_percent$$0000000B  0x080001e4   Section        6  _printf_o.o(.ARM.Collect$$_printf_percent$$0000000B)
    .ARM.Collect$$_printf_percent$$0000000C  0x080001ea   Section        6  _printf_x.o(.ARM.Collect$$_printf_percent$$0000000C)
    .ARM.Collect$$_printf_percent$$0000000D  0x080001f0   Section        6  _printf_lli.o(.ARM.Collect$$_printf_percent$$0000000D)
    .ARM.Collect$$_printf_percent$$0000000E  0x080001f6   Section        6  _printf_lld.o(.ARM.Collect$$_printf_percent$$0000000E)
    .ARM.Collect$$_printf_percent$$0000000F  0x080001fc   Section        6  _printf_llu.o(.ARM.Collect$$_printf_percent$$0000000F)
    .ARM.Collect$$_printf_percent$$00000010  0x08000202   Section        6  _printf_llo.o(.ARM.Collect$$_printf_percent$$00000010)
    .ARM.Collect$$_printf_percent$$00000011  0x08000208   Section        6  _printf_llx.o(.ARM.Collect$$_printf_percent$$00000011)
    .ARM.Collect$$_printf_percent$$00000012  0x0800020e   Section       10  _printf_l.o(.ARM.Collect$$_printf_percent$$00000012)
    .ARM.Collect$$_printf_percent$$00000013  0x08000218   Section        6  _printf_c.o(.ARM.Collect$$_printf_percent$$00000013)
    .ARM.Collect$$_printf_percent$$00000014  0x0800021e   Section        6  _printf_s.o(.ARM.Collect$$_printf_percent$$00000014)
    .ARM.Collect$$_printf_percent$$00000015  0x08000224   Section        6  _printf_lc.o(.ARM.Collect$$_printf_percent$$00000015)
    .ARM.Collect$$_printf_percent$$00000016  0x0800022a   Section        6  _printf_ls.o(.ARM.Collect$$_printf_percent$$00000016)
    .ARM.Collect$$_printf_percent$$00000017  0x08000230   Section        4  _printf_percent_end.o(.ARM.Collect$$_printf_percent$$00000017)
    .ARM.Collect$$libinit$$00000000          0x08000234   Section        2  libinit.o(.ARM.Collect$$libinit$$00000000)
    .ARM.Collect$$libinit$$00000002          0x08000236   Section        0  libinit2.o(.ARM.Collect$$libinit$$00000002)
    .ARM.Collect$$libinit$$00000008          0x08000236   Section        0  libinit2.o(.ARM.Collect$$libinit$$00000008)
    .ARM.Collect$$libinit$$0000000A          0x08000236   Section        0  libinit2.o(.ARM.Collect$$libinit$$0000000A)
    .ARM.Collect$$libinit$$0000000C          0x08000236   Section        0  libinit2.o(.ARM.Collect$$libinit$$0000000C)
    .ARM.Collect$$libinit$$0000000D          0x08000236   Section        6  libinit2.o(.ARM.Collect$$libinit$$0000000D)
    .ARM.Collect$$libinit$$0000000F          0x0800023c   Section        0  libinit2.o(.ARM.Collect$$libinit$$0000000F)
    .ARM.Collect$$libinit$$00000010          0x0800023c   Section       12  libinit2.o(.ARM.Collect$$libinit$$00000010)
    .ARM.Collect$$libinit$$00000011          0x08000248   Section        0  libinit2.o(.ARM.Collect$$libinit$$00000011)
    .ARM.Collect$$libinit$$00000013          0x08000248   Section        0  libinit2.o(.ARM.Collect$$libinit$$00000013)
    .ARM.Collect$$libinit$$00000014          0x08000248   Section       10  libinit2.o(.ARM.Collect$$libinit$$00000014)
    .ARM.Collect$$libinit$$00000015          0x08000252   Section        0  libinit2.o(.ARM.Collect$$libinit$$00000015)
    .ARM.Collect$$libinit$$00000017          0x08000252   Section        0  libinit2.o(.ARM.Collect$$libinit$$00000017)
    .ARM.Collect$$libinit$$00000019          0x08000252   Section        0  libinit2.o(.ARM.Collect$$libinit$$00000019)
    .ARM.Collect$$libinit$$0000001B          0x08000252   Section        0  libinit2.o(.ARM.Collect$$libinit$$0000001B)
    .ARM.Collect$$libinit$$0000001D          0x08000252   Section        0  libinit2.o(.ARM.Collect$$libinit$$0000001D)
    .ARM.Collect$$libinit$$0000001F          0x08000252   Section        0  libinit2.o(.ARM.Collect$$libinit$$0000001F)
    .ARM.Collect$$libinit$$00000021          0x08000252   Section        0  libinit2.o(.ARM.Collect$$libinit$$00000021)
    .ARM.Collect$$libinit$$00000023          0x08000252   Section        0  libinit2.o(.ARM.Collect$$libinit$$00000023)
    .ARM.Collect$$libinit$$0000002A          0x08000252   Section        0  libinit2.o(.ARM.Collect$$libinit$$0000002A)
    .ARM.Collect$$libinit$$0000002C          0x08000252   Section        0  libinit2.o(.ARM.Collect$$libinit$$0000002C)
    .ARM.Collect$$libinit$$0000002E          0x08000252   Section        0  libinit2.o(.ARM.Collect$$libinit$$0000002E)
    .ARM.Collect$$libinit$$00000030          0x08000252   Section        0  libinit2.o(.ARM.Collect$$libinit$$00000030)
    .ARM.Collect$$libinit$$00000031          0x08000252   Section        2  libinit2.o(.ARM.Collect$$libinit$$00000031)
    .ARM.Collect$$libshutdown$$00000000      0x08000254   Section        2  libshutdown.o(.ARM.Collect$$libshutdown$$00000000)
    .ARM.Collect$$libshutdown$$00000003      0x08000256   Section        0  libshutdown2.o(.ARM.Collect$$libshutdown$$00000003)
    .ARM.Collect$$libshutdown$$00000006      0x08000256   Section        0  libshutdown2.o(.ARM.Collect$$libshutdown$$00000006)
    .ARM.Collect$$libshutdown$$00000009      0x08000256   Section        0  libshutdown2.o(.ARM.Collect$$libshutdown$$00000009)
    .ARM.Collect$$libshutdown$$0000000B      0x08000256   Section        0  libshutdown2.o(.ARM.Collect$$libshutdown$$0000000B)
    .ARM.Collect$$libshutdown$$0000000E      0x08000256   Section        0  libshutdown2.o(.ARM.Collect$$libshutdown$$0000000E)
    .ARM.Collect$$libshutdown$$0000000F      0x08000256   Section        2  libshutdown2.o(.ARM.Collect$$libshutdown$$0000000F)
    .ARM.Collect$$rtentry$$00000000          0x08000258   Section        0  rtentry.o(.ARM.Collect$$rtentry$$00000000)
    .ARM.Collect$$rtentry$$00000002          0x08000258   Section        0  rtentry2.o(.ARM.Collect$$rtentry$$00000002)
    .ARM.Collect$$rtentry$$00000004          0x08000258   Section        6  rtentry4.o(.ARM.Collect$$rtentry$$00000004)
    .ARM.Collect$$rtentry$$00000009          0x0800025e   Section        0  rtentry2.o(.ARM.Collect$$rtentry$$00000009)
    .ARM.Collect$$rtentry$$0000000A          0x0800025e   Section        4  rtentry2.o(.ARM.Collect$$rtentry$$0000000A)
    .ARM.Collect$$rtentry$$0000000C          0x08000262   Section        0  rtentry2.o(.ARM.Collect$$rtentry$$0000000C)
    .ARM.Collect$$rtentry$$0000000D          0x08000262   Section        8  rtentry2.o(.ARM.Collect$$rtentry$$0000000D)
    .ARM.Collect$$rtexit$$00000000           0x0800026a   Section        2  rtexit.o(.ARM.Collect$$rtexit$$00000000)
    .ARM.Collect$$rtexit$$00000002           0x0800026c   Section        0  rtexit2.o(.ARM.Collect$$rtexit$$00000002)
    .ARM.Collect$$rtexit$$00000003           0x0800026c   Section        4  rtexit2.o(.ARM.Collect$$rtexit$$00000003)
    .ARM.Collect$$rtexit$$00000004           0x08000270   Section        6  rtexit2.o(.ARM.Collect$$rtexit$$00000004)
    .text                                    0x08000278   Section       64  startup_stm32f10x_hd.o(.text)
    .text                                    0x080002b8   Section        0  misc.o(.text)
    .text                                    0x08000394   Section        0  stm32f10x_gpio.o(.text)
    .text                                    0x080006f0   Section        0  stm32f10x_rcc.o(.text)
    .text                                    0x08000a94   Section        0  stm32f10x_usart.o(.text)
    .text                                    0x08000e9c   Section        0  stm32f10x_exti.o(.text)
    .text                                    0x08000fb8   Section        0  main.o(.text)
    .text                                    0x08001010   Section        0  stm32f10x_it.o(.text)
    .text                                    0x0800102c   Section        0  system_stm32f10x.o(.text)
    SetSysClockTo72                          0x0800102d   Thumb Code   214  system_stm32f10x.o(.text)
    SetSysClock                              0x08001103   Thumb Code     8  system_stm32f10x.o(.text)
    .text                                    0x0800120c   Section        0  mcp41010.o(.text)
    Set_PITCH_Resistor                       0x08001287   Thumb Code   200  mcp41010.o(.text)
    Set_ROLL_Resistor                        0x0800134f   Thumb Code   204  mcp41010.o(.text)
    Set_YAW_Resistor                         0x0800141b   Thumb Code   200  mcp41010.o(.text)
    Set_ACCE_Resistor                        0x080014e3   Thumb Code   200  mcp41010.o(.text)
    .text                                    0x08001790   Section        0  delay.o(.text)
    .text                                    0x0800183c   Section        0  usart.o(.text)
    .text                                    0x08001c40   Section        0  exti.o(.text)
    .text                                    0x08001fa4   Section        0  c89vsnprintf.o(.text)
    .text                                    0x08001fd8   Section       78  rt_memclr_w.o(.text)
    .text                                    0x08002026   Section        0  heapauxi.o(.text)
    .text                                    0x0800202c   Section        0  _printf_pad.o(.text)
    .text                                    0x0800207a   Section        0  _printf_truncate.o(.text)
    .text                                    0x0800209e   Section        0  _printf_str.o(.text)
    .text                                    0x080020f0   Section        0  _printf_dec.o(.text)
    .text                                    0x08002164   Section        0  _printf_charcount.o(.text)
    .text                                    0x0800218c   Section        0  _printf_char_common.o(.text)
    _printf_input_char                       0x0800218d   Thumb Code    10  _printf_char_common.o(.text)
    .text                                    0x080021bc   Section        0  _sputc.o(.text)
    .text                                    0x080021c6   Section        0  _snputc.o(.text)
    .text                                    0x080021d8   Section        0  _printf_wctomb.o(.text)
    .text                                    0x08002294   Section        0  _printf_longlong_dec.o(.text)
    .text                                    0x0800230c   Section        0  _printf_oct_int_ll.o(.text)
    _printf_longlong_oct_internal            0x0800230d   Thumb Code     0  _printf_oct_int_ll.o(.text)
    .text                                    0x0800237c   Section        0  _printf_hex_int_ll_ptr.o(.text)
    _printf_hex_common                       0x0800237d   Thumb Code     0  _printf_hex_int_ll_ptr.o(.text)
    .text                                    0x08002410   Section        0  __printf_flags_ss_wp.o(.text)
    .text                                    0x08002598   Section      138  lludiv10.o(.text)
    .text                                    0x08002622   Section        0  _printf_intcommon.o(.text)
    .text                                    0x080026d4   Section        0  _printf_fp_dec.o(.text)
    _fp_digits                               0x080026d7   Thumb Code   428  _printf_fp_dec.o(.text)
    .text                                    0x08002aea   Section        0  _printf_char.o(.text)
    .text                                    0x08002b16   Section        0  _printf_wchar.o(.text)
    .text                                    0x08002b42   Section        0  _wcrtomb.o(.text)
    .text                                    0x08002b82   Section       74  sys_stackheap_outer.o(.text)
    .text                                    0x08002bcc   Section       16  rt_ctype_table.o(.text)
    .text                                    0x08002bdc   Section        8  rt_locale_intlibspace.o(.text)
    .text                                    0x08002be4   Section        0  _printf_fp_infnan.o(.text)
    .text                                    0x08002c64   Section        0  bigflt0.o(.text)
    .text                                    0x08002d3c   Section        0  exit.o(.text)
    .text                                    0x08002d48   Section        8  libspace.o(.text)
    .text                                    0x08002d50   Section      128  strcmpv7m.o(.text)
    .text                                    0x08002dd0   Section        0  sys_exit.o(.text)
    .text                                    0x08002ddc   Section        2  use_no_semi.o(.text)
    .text                                    0x08002dde   Section        0  indicate_semi.o(.text)
    CL$$btod_d2e                             0x08002dde   Section       62  btod.o(CL$$btod_d2e)
    CL$$btod_d2e_denorm_low                  0x08002e1c   Section       70  btod.o(CL$$btod_d2e_denorm_low)
    CL$$btod_d2e_norm_op1                    0x08002e62   Section       96  btod.o(CL$$btod_d2e_norm_op1)
    CL$$btod_div_common                      0x08002ec2   Section      824  btod.o(CL$$btod_div_common)
    CL$$btod_e2e                             0x080031fa   Section      198  btod.o(CL$$btod_e2e)
    CL$$btod_ediv                            0x080032c0   Section       40  btod.o(CL$$btod_ediv)
    CL$$btod_emul                            0x080032e8   Section       40  btod.o(CL$$btod_emul)
    CL$$btod_mult_common                     0x08003310   Section      580  btod.o(CL$$btod_mult_common)
    i.__ARM_fpclassify                       0x08003554   Section        0  fpclassify.o(i.__ARM_fpclassify)
    i._is_digit                              0x0800357c   Section        0  __printf_wp.o(i._is_digit)
    locale$$code                             0x0800358c   Section       44  lc_numeric_c.o(locale$$code)
    locale$$code                             0x080035b8   Section       44  lc_ctype_c.o(locale$$code)
    x$fpl$dadd                               0x080035e4   Section      336  daddsub_clz.o(x$fpl$dadd)
    _dadd1                                   0x080035f5   Thumb Code     0  daddsub_clz.o(x$fpl$dadd)
    x$fpl$ddiv                               0x08003734   Section      688  ddiv.o(x$fpl$ddiv)
    ddiv_entry                               0x0800373b   Thumb Code     0  ddiv.o(x$fpl$ddiv)
    x$fpl$dfix                               0x080039e4   Section       94  dfix.o(x$fpl$dfix)
    x$fpl$dflt                               0x08003a42   Section       46  dflt_clz.o(x$fpl$dflt)
    x$fpl$dnaninf                            0x08003a70   Section      156  dnaninf.o(x$fpl$dnaninf)
    x$fpl$dretinf                            0x08003b0c   Section       12  dretinf.o(x$fpl$dretinf)
    x$fpl$dsub                               0x08003b18   Section      468  daddsub_clz.o(x$fpl$dsub)
    _dsub1                                   0x08003b29   Thumb Code     0  daddsub_clz.o(x$fpl$dsub)
    x$fpl$printf1                            0x08003cec   Section        4  printf1.o(x$fpl$printf1)
    .constdata                               0x08003cf0   Section        8  _printf_wctomb.o(.constdata)
    x$fpl$usenofp                            0x08003cf0   Section        0  usenofp.o(x$fpl$usenofp)
    initial_mbstate                          0x08003cf0   Data           8  _printf_wctomb.o(.constdata)
    .constdata                               0x08003cf8   Section       40  _printf_hex_int_ll_ptr.o(.constdata)
    uc_hextab                                0x08003cf8   Data          20  _printf_hex_int_ll_ptr.o(.constdata)
    lc_hextab                                0x08003d0c   Data          20  _printf_hex_int_ll_ptr.o(.constdata)
    .constdata                               0x08003d20   Section       17  __printf_flags_ss_wp.o(.constdata)
    maptable                                 0x08003d20   Data          17  __printf_flags_ss_wp.o(.constdata)
    .constdata                               0x08003d34   Section      148  bigflt0.o(.constdata)
    tenpwrs_x                                0x08003d34   Data          60  bigflt0.o(.constdata)
    tenpwrs_i                                0x08003d70   Data          64  bigflt0.o(.constdata)
    locale$$data                             0x08003de8   Section       28  lc_numeric_c.o(locale$$data)
    __lcnum_c_name                           0x08003dec   Data           2  lc_numeric_c.o(locale$$data)
    __lcnum_c_start                          0x08003df4   Data           0  lc_numeric_c.o(locale$$data)
    __lcnum_c_point                          0x08003e00   Data           0  lc_numeric_c.o(locale$$data)
    __lcnum_c_thousands                      0x08003e02   Data           0  lc_numeric_c.o(locale$$data)
    __lcnum_c_grouping                       0x08003e03   Data           0  lc_numeric_c.o(locale$$data)
    locale$$data                             0x08003e04   Section      272  lc_ctype_c.o(locale$$data)
    __lcnum_c_end                            0x08003e04   Data           0  lc_numeric_c.o(locale$$data)
    __lcctype_c_name                         0x08003e08   Data           2  lc_ctype_c.o(locale$$data)
    __lcctype_c_start                        0x08003e10   Data           0  lc_ctype_c.o(locale$$data)
    __lcctype_c_end                          0x08003f14   Data           0  lc_ctype_c.o(locale$$data)
    .data                                    0x20000000   Section       20  stm32f10x_rcc.o(.data)
    APBAHBPrescTable                         0x20000000   Data          16  stm32f10x_rcc.o(.data)
    ADCPrescTable                            0x20000010   Data           4  stm32f10x_rcc.o(.data)
    .data                                    0x20000014   Section       20  system_stm32f10x.o(.data)
    .data                                    0x20000028   Section        4  delay.o(.data)
    fac_us                                   0x20000028   Data           1  delay.o(.data)
    fac_ms                                   0x2000002a   Data           2  delay.o(.data)
    .data                                    0x2000002c   Section       12  usart.o(.data)
    .bss                                     0x20000038   Section      500  usart.o(.bss)
    .bss                                     0x2000022c   Section       96  libspace.o(.bss)
    HEAP                                     0x20000290   Section      512  startup_stm32f10x_hd.o(HEAP)
    Heap_Mem                                 0x20000290   Data         512  startup_stm32f10x_hd.o(HEAP)
    STACK                                    0x20000490   Section     1024  startup_stm32f10x_hd.o(STACK)
    Stack_Mem                                0x20000490   Data        1024  startup_stm32f10x_hd.o(STACK)
    __initial_sp                             0x20000890   Data           0  startup_stm32f10x_hd.o(STACK)

    Global Symbols

    Symbol Name                              Value     Ov Type        Size  Object(Section)

    BuildAttributes$$THM_ISAv4$P$D$K$B$S$PE$A:L22UL41UL21$X:L11$S22US41US21$IEEE1$IW$USESV6$~STKCKD$USESV7$~SHL$OTIME$ROPI$IEEEJ$EBA8$UX$STANDARDLIB$REQ8$PRES8$EABIv2 0x00000000   Number         0  anon$$obj.o ABSOLUTE
    __ARM_use_no_argv                        0x00000000   Number         0  main.o ABSOLUTE
    _printf_flags                            0x00000000   Number         0  printf_stubs.o ABSOLUTE
    _printf_return_value                     0x00000000   Number         0  printf_stubs.o ABSOLUTE
    _printf_sizespec                         0x00000000   Number         0  printf_stubs.o ABSOLUTE
    _printf_widthprec                        0x00000000   Number         0  printf_stubs.o ABSOLUTE
    __ARM_exceptions_init                     - Undefined Weak Reference
    __alloca_initialize                       - Undefined Weak Reference
    __cpp_initialize__aeabi_                  - Undefined Weak Reference
    __cxa_finalize                            - Undefined Weak Reference
    __sigvec_lookup                           - Undefined Weak Reference
    _atexit_init                              - Undefined Weak Reference
    _call_atexit_fns                          - Undefined Weak Reference
    _clock_init                               - Undefined Weak Reference
    _fp_trap_init                             - Undefined Weak Reference
    _fp_trap_shutdown                         - Undefined Weak Reference
    _get_lc_collate                           - Undefined Weak Reference
    _get_lc_monetary                          - Undefined Weak Reference
    _get_lc_time                              - Undefined Weak Reference
    _getenv_init                              - Undefined Weak Reference
    _handle_redirection                       - Undefined Weak Reference
    _init_alloc                               - Undefined Weak Reference
    _init_user_alloc                          - Undefined Weak Reference
    _initio                                   - Undefined Weak Reference
    _printf_fp_hex                            - Undefined Weak Reference
    _printf_mbtowc                            - Undefined Weak Reference
    _printf_wc                                - Undefined Weak Reference
    _rand_init                                - Undefined Weak Reference
    _signal_finish                            - Undefined Weak Reference
    _signal_init                              - Undefined Weak Reference
    _terminate_alloc                          - Undefined Weak Reference
    _terminate_user_alloc                     - Undefined Weak Reference
    _terminateio                              - Undefined Weak Reference
    __Vectors_Size                           0x00000130   Number         0  startup_stm32f10x_hd.o ABSOLUTE
    __Vectors                                0x08000000   Data           4  startup_stm32f10x_hd.o(RESET)
    __Vectors_End                            0x08000130   Data           0  startup_stm32f10x_hd.o(RESET)
    __main                                   0x08000131   Thumb Code     8  __main.o(!!!main)
    __scatterload                            0x08000139   Thumb Code     0  __scatter.o(!!!scatter)
    __scatterload_rt2                        0x08000139   Thumb Code    44  __scatter.o(!!!scatter)
    __scatterload_rt2_thumb_only             0x08000139   Thumb Code     0  __scatter.o(!!!scatter)
    __scatterload_null                       0x08000147   Thumb Code     0  __scatter.o(!!!scatter)
    __scatterload_copy                       0x0800016d   Thumb Code    26  __scatter_copy.o(!!handler_copy)
    __scatterload_zeroinit                   0x08000189   Thumb Code    28  __scatter_zi.o(!!handler_zi)
    _printf_n                                0x080001a5   Thumb Code     0  _printf_n.o(.ARM.Collect$$_printf_percent$$00000001)
    _printf_percent                          0x080001a5   Thumb Code     0  _printf_percent.o(.ARM.Collect$$_printf_percent$$00000000)
    _printf_p                                0x080001ab   Thumb Code     0  _printf_p.o(.ARM.Collect$$_printf_percent$$00000002)
    _printf_f                                0x080001b1   Thumb Code     0  _printf_f.o(.ARM.Collect$$_printf_percent$$00000003)
    _printf_e                                0x080001b7   Thumb Code     0  _printf_e.o(.ARM.Collect$$_printf_percent$$00000004)
    _printf_g                                0x080001bd   Thumb Code     0  _printf_g.o(.ARM.Collect$$_printf_percent$$00000005)
    _printf_a                                0x080001c3   Thumb Code     0  _printf_a.o(.ARM.Collect$$_printf_percent$$00000006)
    _printf_ll                               0x080001c9   Thumb Code     0  _printf_ll.o(.ARM.Collect$$_printf_percent$$00000007)
    _printf_i                                0x080001d3   Thumb Code     0  _printf_i.o(.ARM.Collect$$_printf_percent$$00000008)
    _printf_d                                0x080001d9   Thumb Code     0  _printf_d.o(.ARM.Collect$$_printf_percent$$00000009)
    _printf_u                                0x080001df   Thumb Code     0  _printf_u.o(.ARM.Collect$$_printf_percent$$0000000A)
    _printf_o                                0x080001e5   Thumb Code     0  _printf_o.o(.ARM.Collect$$_printf_percent$$0000000B)
    _printf_x                                0x080001eb   Thumb Code     0  _printf_x.o(.ARM.Collect$$_printf_percent$$0000000C)
    _printf_lli                              0x080001f1   Thumb Code     0  _printf_lli.o(.ARM.Collect$$_printf_percent$$0000000D)
    _printf_lld                              0x080001f7   Thumb Code     0  _printf_lld.o(.ARM.Collect$$_printf_percent$$0000000E)
    _printf_llu                              0x080001fd   Thumb Code     0  _printf_llu.o(.ARM.Collect$$_printf_percent$$0000000F)
    _printf_llo                              0x08000203   Thumb Code     0  _printf_llo.o(.ARM.Collect$$_printf_percent$$00000010)
    _printf_llx                              0x08000209   Thumb Code     0  _printf_llx.o(.ARM.Collect$$_printf_percent$$00000011)
    _printf_l                                0x0800020f   Thumb Code     0  _printf_l.o(.ARM.Collect$$_printf_percent$$00000012)
    _printf_c                                0x08000219   Thumb Code     0  _printf_c.o(.ARM.Collect$$_printf_percent$$00000013)
    _printf_s                                0x0800021f   Thumb Code     0  _printf_s.o(.ARM.Collect$$_printf_percent$$00000014)
    _printf_lc                               0x08000225   Thumb Code     0  _printf_lc.o(.ARM.Collect$$_printf_percent$$00000015)
    _printf_ls                               0x0800022b   Thumb Code     0  _printf_ls.o(.ARM.Collect$$_printf_percent$$00000016)
    _printf_percent_end                      0x08000231   Thumb Code     0  _printf_percent_end.o(.ARM.Collect$$_printf_percent$$00000017)
    __rt_lib_init                            0x08000235   Thumb Code     0  libinit.o(.ARM.Collect$$libinit$$00000000)
    __rt_lib_init_fp_1                       0x08000237   Thumb Code     0  libinit2.o(.ARM.Collect$$libinit$$00000002)
    __rt_lib_init_heap_1                     0x08000237   Thumb Code     0  libinit2.o(.ARM.Collect$$libinit$$00000008)
    __rt_lib_init_lc_common                  0x08000237   Thumb Code     0  libinit2.o(.ARM.Collect$$libinit$$0000000D)
    __rt_lib_init_rand_1                     0x08000237   Thumb Code     0  libinit2.o(.ARM.Collect$$libinit$$0000000C)
    __rt_lib_init_user_alloc_1               0x08000237   Thumb Code     0  libinit2.o(.ARM.Collect$$libinit$$0000000A)
    __rt_lib_init_lc_collate_1               0x0800023d   Thumb Code     0  libinit2.o(.ARM.Collect$$libinit$$0000000F)
    __rt_lib_init_lc_ctype_2                 0x0800023d   Thumb Code     0  libinit2.o(.ARM.Collect$$libinit$$00000010)
    __rt_lib_init_lc_ctype_1                 0x08000249   Thumb Code     0  libinit2.o(.ARM.Collect$$libinit$$00000011)
    __rt_lib_init_lc_monetary_1              0x08000249   Thumb Code     0  libinit2.o(.ARM.Collect$$libinit$$00000013)
    __rt_lib_init_lc_numeric_2               0x08000249   Thumb Code     0  libinit2.o(.ARM.Collect$$libinit$$00000014)
    __rt_lib_init_alloca_1                   0x08000253   Thumb Code     0  libinit2.o(.ARM.Collect$$libinit$$0000002C)
    __rt_lib_init_argv_1                     0x08000253   Thumb Code     0  libinit2.o(.ARM.Collect$$libinit$$0000002A)
    __rt_lib_init_atexit_1                   0x08000253   Thumb Code     0  libinit2.o(.ARM.Collect$$libinit$$00000019)
    __rt_lib_init_clock_1                    0x08000253   Thumb Code     0  libinit2.o(.ARM.Collect$$libinit$$0000001F)
    __rt_lib_init_cpp_1                      0x08000253   Thumb Code     0  libinit2.o(.ARM.Collect$$libinit$$00000030)
    __rt_lib_init_exceptions_1               0x08000253   Thumb Code     0  libinit2.o(.ARM.Collect$$libinit$$0000002E)
    __rt_lib_init_fp_trap_1                  0x08000253   Thumb Code     0  libinit2.o(.ARM.Collect$$libinit$$0000001D)
    __rt_lib_init_getenv_1                   0x08000253   Thumb Code     0  libinit2.o(.ARM.Collect$$libinit$$00000021)
    __rt_lib_init_lc_numeric_1               0x08000253   Thumb Code     0  libinit2.o(.ARM.Collect$$libinit$$00000015)
    __rt_lib_init_lc_time_1                  0x08000253   Thumb Code     0  libinit2.o(.ARM.Collect$$libinit$$00000017)
    __rt_lib_init_return                     0x08000253   Thumb Code     0  libinit2.o(.ARM.Collect$$libinit$$00000031)
    __rt_lib_init_signal_1                   0x08000253   Thumb Code     0  libinit2.o(.ARM.Collect$$libinit$$0000001B)
    __rt_lib_init_stdio_1                    0x08000253   Thumb Code     0  libinit2.o(.ARM.Collect$$libinit$$00000023)
    __rt_lib_shutdown                        0x08000255   Thumb Code     0  libshutdown.o(.ARM.Collect$$libshutdown$$00000000)
    __rt_lib_shutdown_fp_trap_1              0x08000257   Thumb Code     0  libshutdown2.o(.ARM.Collect$$libshutdown$$00000006)
    __rt_lib_shutdown_heap_1                 0x08000257   Thumb Code     0  libshutdown2.o(.ARM.Collect$$libshutdown$$0000000E)
    __rt_lib_shutdown_return                 0x08000257   Thumb Code     0  libshutdown2.o(.ARM.Collect$$libshutdown$$0000000F)
    __rt_lib_shutdown_signal_1               0x08000257   Thumb Code     0  libshutdown2.o(.ARM.Collect$$libshutdown$$00000009)
    __rt_lib_shutdown_stdio_1                0x08000257   Thumb Code     0  libshutdown2.o(.ARM.Collect$$libshutdown$$00000003)
    __rt_lib_shutdown_user_alloc_1           0x08000257   Thumb Code     0  libshutdown2.o(.ARM.Collect$$libshutdown$$0000000B)
    __rt_entry                               0x08000259   Thumb Code     0  rtentry.o(.ARM.Collect$$rtentry$$00000000)
    __rt_entry_presh_1                       0x08000259   Thumb Code     0  rtentry2.o(.ARM.Collect$$rtentry$$00000002)
    __rt_entry_sh                            0x08000259   Thumb Code     0  rtentry4.o(.ARM.Collect$$rtentry$$00000004)
    __rt_entry_li                            0x0800025f   Thumb Code     0  rtentry2.o(.ARM.Collect$$rtentry$$0000000A)
    __rt_entry_postsh_1                      0x0800025f   Thumb Code     0  rtentry2.o(.ARM.Collect$$rtentry$$00000009)
    __rt_entry_main                          0x08000263   Thumb Code     0  rtentry2.o(.ARM.Collect$$rtentry$$0000000D)
    __rt_entry_postli_1                      0x08000263   Thumb Code     0  rtentry2.o(.ARM.Collect$$rtentry$$0000000C)
    __rt_exit                                0x0800026b   Thumb Code     0  rtexit.o(.ARM.Collect$$rtexit$$00000000)
    __rt_exit_ls                             0x0800026d   Thumb Code     0  rtexit2.o(.ARM.Collect$$rtexit$$00000003)
    __rt_exit_prels_1                        0x0800026d   Thumb Code     0  rtexit2.o(.ARM.Collect$$rtexit$$00000002)
    __rt_exit_exit                           0x08000271   Thumb Code     0  rtexit2.o(.ARM.Collect$$rtexit$$00000004)
    Reset_Handler                            0x08000279   Thumb Code     8  startup_stm32f10x_hd.o(.text)
    ADC1_2_IRQHandler                        0x08000293   Thumb Code     0  startup_stm32f10x_hd.o(.text)
    ADC3_IRQHandler                          0x08000293   Thumb Code     0  startup_stm32f10x_hd.o(.text)
    CAN1_RX1_IRQHandler                      0x08000293   Thumb Code     0  startup_stm32f10x_hd.o(.text)
    CAN1_SCE_IRQHandler                      0x08000293   Thumb Code     0  startup_stm32f10x_hd.o(.text)
    DMA1_Channel1_IRQHandler                 0x08000293   Thumb Code     0  startup_stm32f10x_hd.o(.text)
    DMA1_Channel2_IRQHandler                 0x08000293   Thumb Code     0  startup_stm32f10x_hd.o(.text)
    DMA1_Channel3_IRQHandler                 0x08000293   Thumb Code     0  startup_stm32f10x_hd.o(.text)
    DMA1_Channel4_IRQHandler                 0x08000293   Thumb Code     0  startup_stm32f10x_hd.o(.text)
    DMA1_Channel5_IRQHandler                 0x08000293   Thumb Code     0  startup_stm32f10x_hd.o(.text)
    DMA1_Channel6_IRQHandler                 0x08000293   Thumb Code     0  startup_stm32f10x_hd.o(.text)
    DMA1_Channel7_IRQHandler                 0x08000293   Thumb Code     0  startup_stm32f10x_hd.o(.text)
    DMA2_Channel1_IRQHandler                 0x08000293   Thumb Code     0  startup_stm32f10x_hd.o(.text)
    DMA2_Channel2_IRQHandler                 0x08000293   Thumb Code     0  startup_stm32f10x_hd.o(.text)
    DMA2_Channel3_IRQHandler                 0x08000293   Thumb Code     0  startup_stm32f10x_hd.o(.text)
    DMA2_Channel4_5_IRQHandler               0x08000293   Thumb Code     0  startup_stm32f10x_hd.o(.text)
    EXTI15_10_IRQHandler                     0x08000293   Thumb Code     0  startup_stm32f10x_hd.o(.text)
    EXTI9_5_IRQHandler                       0x08000293   Thumb Code     0  startup_stm32f10x_hd.o(.text)
    FLASH_IRQHandler                         0x08000293   Thumb Code     0  startup_stm32f10x_hd.o(.text)
    FSMC_IRQHandler                          0x08000293   Thumb Code     0  startup_stm32f10x_hd.o(.text)
    I2C1_ER_IRQHandler                       0x08000293   Thumb Code     0  startup_stm32f10x_hd.o(.text)
    I2C1_EV_IRQHandler                       0x08000293   Thumb Code     0  startup_stm32f10x_hd.o(.text)
    I2C2_ER_IRQHandler                       0x08000293   Thumb Code     0  startup_stm32f10x_hd.o(.text)
    I2C2_EV_IRQHandler                       0x08000293   Thumb Code     0  startup_stm32f10x_hd.o(.text)
    PVD_IRQHandler                           0x08000293   Thumb Code     0  startup_stm32f10x_hd.o(.text)
    RCC_IRQHandler                           0x08000293   Thumb Code     0  startup_stm32f10x_hd.o(.text)
    RTCAlarm_IRQHandler                      0x08000293   Thumb Code     0  startup_stm32f10x_hd.o(.text)
    RTC_IRQHandler                           0x08000293   Thumb Code     0  startup_stm32f10x_hd.o(.text)
    SDIO_IRQHandler                          0x08000293   Thumb Code     0  startup_stm32f10x_hd.o(.text)
    SPI1_IRQHandler                          0x08000293   Thumb Code     0  startup_stm32f10x_hd.o(.text)
    SPI2_IRQHandler                          0x08000293   Thumb Code     0  startup_stm32f10x_hd.o(.text)
    SPI3_IRQHandler                          0x08000293   Thumb Code     0  startup_stm32f10x_hd.o(.text)
    TAMPER_IRQHandler                        0x08000293   Thumb Code     0  startup_stm32f10x_hd.o(.text)
    TIM1_BRK_IRQHandler                      0x08000293   Thumb Code     0  startup_stm32f10x_hd.o(.text)
    TIM1_CC_IRQHandler                       0x08000293   Thumb Code     0  startup_stm32f10x_hd.o(.text)
    TIM1_TRG_COM_IRQHandler                  0x08000293   Thumb Code     0  startup_stm32f10x_hd.o(.text)
    TIM1_UP_IRQHandler                       0x08000293   Thumb Code     0  startup_stm32f10x_hd.o(.text)
    TIM2_IRQHandler                          0x08000293   Thumb Code     0  startup_stm32f10x_hd.o(.text)
    TIM3_IRQHandler                          0x08000293   Thumb Code     0  startup_stm32f10x_hd.o(.text)
    TIM4_IRQHandler                          0x08000293   Thumb Code     0  startup_stm32f10x_hd.o(.text)
    TIM5_IRQHandler                          0x08000293   Thumb Code     0  startup_stm32f10x_hd.o(.text)
    TIM6_IRQHandler                          0x08000293   Thumb Code     0  startup_stm32f10x_hd.o(.text)
    TIM7_IRQHandler                          0x08000293   Thumb Code     0  startup_stm32f10x_hd.o(.text)
    TIM8_BRK_IRQHandler                      0x08000293   Thumb Code     0  startup_stm32f10x_hd.o(.text)
    TIM8_CC_IRQHandler                       0x08000293   Thumb Code     0  startup_stm32f10x_hd.o(.text)
    TIM8_TRG_COM_IRQHandler                  0x08000293   Thumb Code     0  startup_stm32f10x_hd.o(.text)
    TIM8_UP_IRQHandler                       0x08000293   Thumb Code     0  startup_stm32f10x_hd.o(.text)
    UART4_IRQHandler                         0x08000293   Thumb Code     0  startup_stm32f10x_hd.o(.text)
    UART5_IRQHandler                         0x08000293   Thumb Code     0  startup_stm32f10x_hd.o(.text)
    USBWakeUp_IRQHandler                     0x08000293   Thumb Code     0  startup_stm32f10x_hd.o(.text)
    USB_HP_CAN1_TX_IRQHandler                0x08000293   Thumb Code     0  startup_stm32f10x_hd.o(.text)
    USB_LP_CAN1_RX0_IRQHandler               0x08000293   Thumb Code     0  startup_stm32f10x_hd.o(.text)
    WWDG_IRQHandler                          0x08000293   Thumb Code     0  startup_stm32f10x_hd.o(.text)
    __user_initial_stackheap                 0x08000295   Thumb Code     0  startup_stm32f10x_hd.o(.text)
    NVIC_PriorityGroupConfig                 0x080002b9   Thumb Code    10  misc.o(.text)
    NVIC_Init                                0x080002c3   Thumb Code   100  misc.o(.text)
    NVIC_SetVectorTable                      0x08000327   Thumb Code    14  misc.o(.text)
    NVIC_SystemLPConfig                      0x08000335   Thumb Code    34  misc.o(.text)
    SysTick_CLKSourceConfig                  0x08000357   Thumb Code    40  misc.o(.text)
    GPIO_DeInit                              0x08000395   Thumb Code   172  stm32f10x_gpio.o(.text)
    GPIO_AFIODeInit                          0x08000441   Thumb Code    20  stm32f10x_gpio.o(.text)
    GPIO_Init                                0x08000455   Thumb Code   278  stm32f10x_gpio.o(.text)
    GPIO_StructInit                          0x0800056b   Thumb Code    16  stm32f10x_gpio.o(.text)
    GPIO_ReadInputDataBit                    0x0800057b   Thumb Code    18  stm32f10x_gpio.o(.text)
    GPIO_ReadInputData                       0x0800058d   Thumb Code     8  stm32f10x_gpio.o(.text)
    GPIO_ReadOutputDataBit                   0x08000595   Thumb Code    18  stm32f10x_gpio.o(.text)
    GPIO_ReadOutputData                      0x080005a7   Thumb Code     8  stm32f10x_gpio.o(.text)
    GPIO_SetBits                             0x080005af   Thumb Code     4  stm32f10x_gpio.o(.text)
    GPIO_ResetBits                           0x080005b3   Thumb Code     4  stm32f10x_gpio.o(.text)
    GPIO_WriteBit                            0x080005b7   Thumb Code    10  stm32f10x_gpio.o(.text)
    GPIO_Write                               0x080005c1   Thumb Code     4  stm32f10x_gpio.o(.text)
    GPIO_PinLockConfig                       0x080005c5   Thumb Code    18  stm32f10x_gpio.o(.text)
    GPIO_EventOutputConfig                   0x080005d7   Thumb Code    26  stm32f10x_gpio.o(.text)
    GPIO_EventOutputCmd                      0x080005f1   Thumb Code     6  stm32f10x_gpio.o(.text)
    GPIO_PinRemapConfig                      0x080005f7   Thumb Code   138  stm32f10x_gpio.o(.text)
    GPIO_EXTILineConfig                      0x08000681   Thumb Code    66  stm32f10x_gpio.o(.text)
    GPIO_ETH_MediaInterfaceConfig            0x080006c3   Thumb Code     8  stm32f10x_gpio.o(.text)
    RCC_DeInit                               0x080006f1   Thumb Code    64  stm32f10x_rcc.o(.text)
    RCC_HSEConfig                            0x08000731   Thumb Code    70  stm32f10x_rcc.o(.text)
    RCC_GetFlagStatus                        0x08000777   Thumb Code    56  stm32f10x_rcc.o(.text)
    RCC_WaitForHSEStartUp                    0x080007af   Thumb Code    56  stm32f10x_rcc.o(.text)
    RCC_AdjustHSICalibrationValue            0x080007e7   Thumb Code    20  stm32f10x_rcc.o(.text)
    RCC_HSICmd                               0x080007fb   Thumb Code     6  stm32f10x_rcc.o(.text)
    RCC_PLLConfig                            0x08000801   Thumb Code    24  stm32f10x_rcc.o(.text)
    RCC_PLLCmd                               0x08000819   Thumb Code     6  stm32f10x_rcc.o(.text)
    RCC_SYSCLKConfig                         0x0800081f   Thumb Code    18  stm32f10x_rcc.o(.text)
    RCC_GetSYSCLKSource                      0x08000831   Thumb Code    10  stm32f10x_rcc.o(.text)
    RCC_HCLKConfig                           0x0800083b   Thumb Code    18  stm32f10x_rcc.o(.text)
    RCC_PCLK1Config                          0x0800084d   Thumb Code    18  stm32f10x_rcc.o(.text)
    RCC_PCLK2Config                          0x0800085f   Thumb Code    20  stm32f10x_rcc.o(.text)
    RCC_ITConfig                             0x08000873   Thumb Code    26  stm32f10x_rcc.o(.text)
    RCC_USBCLKConfig                         0x0800088d   Thumb Code     8  stm32f10x_rcc.o(.text)
    RCC_ADCCLKConfig                         0x08000895   Thumb Code    18  stm32f10x_rcc.o(.text)
    RCC_LSEConfig                            0x080008a7   Thumb Code    50  stm32f10x_rcc.o(.text)
    RCC_LSICmd                               0x080008d9   Thumb Code     6  stm32f10x_rcc.o(.text)
    RCC_RTCCLKConfig                         0x080008df   Thumb Code    12  stm32f10x_rcc.o(.text)
    RCC_RTCCLKCmd                            0x080008eb   Thumb Code     8  stm32f10x_rcc.o(.text)
    RCC_GetClocksFreq                        0x080008f3   Thumb Code   192  stm32f10x_rcc.o(.text)
    RCC_AHBPeriphClockCmd                    0x080009b3   Thumb Code    26  stm32f10x_rcc.o(.text)
    RCC_APB2PeriphClockCmd                   0x080009cd   Thumb Code    26  stm32f10x_rcc.o(.text)
    RCC_APB1PeriphClockCmd                   0x080009e7   Thumb Code    26  stm32f10x_rcc.o(.text)
    RCC_APB2PeriphResetCmd                   0x08000a01   Thumb Code    26  stm32f10x_rcc.o(.text)
    RCC_APB1PeriphResetCmd                   0x08000a1b   Thumb Code    26  stm32f10x_rcc.o(.text)
    RCC_BackupResetCmd                       0x08000a35   Thumb Code     8  stm32f10x_rcc.o(.text)
    RCC_ClockSecuritySystemCmd               0x08000a3d   Thumb Code     6  stm32f10x_rcc.o(.text)
    RCC_MCOConfig                            0x08000a43   Thumb Code     6  stm32f10x_rcc.o(.text)
    RCC_ClearFlag                            0x08000a49   Thumb Code    14  stm32f10x_rcc.o(.text)
    RCC_GetITStatus                          0x08000a57   Thumb Code    20  stm32f10x_rcc.o(.text)
    RCC_ClearITPendingBit                    0x08000a6b   Thumb Code     6  stm32f10x_rcc.o(.text)
    USART_DeInit                             0x08000a95   Thumb Code   134  stm32f10x_usart.o(.text)
    USART_Init                               0x08000b1b   Thumb Code   210  stm32f10x_usart.o(.text)
    USART_StructInit                         0x08000bed   Thumb Code    24  stm32f10x_usart.o(.text)
    USART_ClockInit                          0x08000c05   Thumb Code    34  stm32f10x_usart.o(.text)
    USART_ClockStructInit                    0x08000c27   Thumb Code    12  stm32f10x_usart.o(.text)
    USART_Cmd                                0x08000c33   Thumb Code    24  stm32f10x_usart.o(.text)
    USART_ITConfig                           0x08000c4b   Thumb Code    74  stm32f10x_usart.o(.text)
    USART_DMACmd                             0x08000c95   Thumb Code    18  stm32f10x_usart.o(.text)
    USART_SetAddress                         0x08000ca7   Thumb Code    18  stm32f10x_usart.o(.text)
    USART_WakeUpConfig                       0x08000cb9   Thumb Code    18  stm32f10x_usart.o(.text)
    USART_ReceiverWakeUpCmd                  0x08000ccb   Thumb Code    24  stm32f10x_usart.o(.text)
    USART_LINBreakDetectLengthConfig         0x08000ce3   Thumb Code    18  stm32f10x_usart.o(.text)
    USART_LINCmd                             0x08000cf5   Thumb Code    24  stm32f10x_usart.o(.text)
    USART_SendData                           0x08000d0d   Thumb Code     8  stm32f10x_usart.o(.text)
    USART_ReceiveData                        0x08000d15   Thumb Code    10  stm32f10x_usart.o(.text)
    USART_SendBreak                          0x08000d1f   Thumb Code    10  stm32f10x_usart.o(.text)
    USART_SetGuardTime                       0x08000d29   Thumb Code    16  stm32f10x_usart.o(.text)
    USART_SetPrescaler                       0x08000d39   Thumb Code    16  stm32f10x_usart.o(.text)
    USART_SmartCardCmd                       0x08000d49   Thumb Code    24  stm32f10x_usart.o(.text)
    USART_SmartCardNACKCmd                   0x08000d61   Thumb Code    24  stm32f10x_usart.o(.text)
    USART_HalfDuplexCmd                      0x08000d79   Thumb Code    24  stm32f10x_usart.o(.text)
    USART_OverSampling8Cmd                   0x08000d91   Thumb Code    22  stm32f10x_usart.o(.text)
    USART_OneBitMethodCmd                    0x08000da7   Thumb Code    24  stm32f10x_usart.o(.text)
    USART_IrDAConfig                         0x08000dbf   Thumb Code    18  stm32f10x_usart.o(.text)
    USART_IrDACmd                            0x08000dd1   Thumb Code    24  stm32f10x_usart.o(.text)
    USART_GetFlagStatus                      0x08000de9   Thumb Code    26  stm32f10x_usart.o(.text)
    USART_ClearFlag                          0x08000e03   Thumb Code    18  stm32f10x_usart.o(.text)
    USART_GetITStatus                        0x08000e15   Thumb Code    84  stm32f10x_usart.o(.text)
    USART_ClearITPendingBit                  0x08000e69   Thumb Code    52  stm32f10x_usart.o(.text)
    EXTI_DeInit                              0x08000e9d   Thumb Code    28  stm32f10x_exti.o(.text)
    EXTI_Init                                0x08000eb9   Thumb Code   142  stm32f10x_exti.o(.text)
    EXTI_StructInit                          0x08000f47   Thumb Code    16  stm32f10x_exti.o(.text)
    EXTI_GenerateSWInterrupt                 0x08000f57   Thumb Code    16  stm32f10x_exti.o(.text)
    EXTI_GetFlagStatus                       0x08000f67   Thumb Code    22  stm32f10x_exti.o(.text)
    EXTI_ClearFlag                           0x08000f7d   Thumb Code     8  stm32f10x_exti.o(.text)
    EXTI_GetITStatus                         0x08000f85   Thumb Code    34  stm32f10x_exti.o(.text)
    EXTI_ClearITPendingBit                   0x08000fa7   Thumb Code     8  stm32f10x_exti.o(.text)
    main                                     0x08000fb9   Thumb Code    70  main.o(.text)
    NMI_Handler                              0x08001011   Thumb Code     2  stm32f10x_it.o(.text)
    HardFault_Handler                        0x08001013   Thumb Code     4  stm32f10x_it.o(.text)
    MemManage_Handler                        0x08001017   Thumb Code     4  stm32f10x_it.o(.text)
    BusFault_Handler                         0x0800101b   Thumb Code     4  stm32f10x_it.o(.text)
    UsageFault_Handler                       0x0800101f   Thumb Code     4  stm32f10x_it.o(.text)
    SVC_Handler                              0x08001023   Thumb Code     2  stm32f10x_it.o(.text)
    DebugMon_Handler                         0x08001025   Thumb Code     2  stm32f10x_it.o(.text)
    PendSV_Handler                           0x08001027   Thumb Code     2  stm32f10x_it.o(.text)
    SysTick_Handler                          0x08001029   Thumb Code     2  stm32f10x_it.o(.text)
    SystemInit                               0x0800110b   Thumb Code    78  system_stm32f10x.o(.text)
    SystemCoreClockUpdate                    0x08001159   Thumb Code   142  system_stm32f10x.o(.text)
    MCP41010_Init                            0x0800120d   Thumb Code   122  mcp41010.o(.text)
    MCP41010_SetResistor                     0x080015ab   Thumb Code   194  mcp41010.o(.text)
    SetChannelValue                          0x0800166d   Thumb Code   246  mcp41010.o(.text)
    delay_init                               0x08001791   Thumb Code    52  delay.o(.text)
    delay_ms                                 0x080017c5   Thumb Code    56  delay.o(.text)
    delay_us                                 0x080017fd   Thumb Code    56  delay.o(.text)
    USART1_Init                              0x0800183d   Thumb Code   158  usart.o(.text)
    USART2_Init                              0x080018db   Thumb Code   154  usart.o(.text)
    USART3_Init                              0x08001975   Thumb Code   158  usart.o(.text)
    USART1_IRQHandler                        0x08001a13   Thumb Code    64  usart.o(.text)
    USART2_IRQHandler                        0x08001a53   Thumb Code    64  usart.o(.text)
    USART3_IRQHandler                        0x08001a93   Thumb Code   122  usart.o(.text)
    printf1                                  0x08001b0d   Thumb Code    88  usart.o(.text)
    printf2                                  0x08001b65   Thumb Code    88  usart.o(.text)
    printf3                                  0x08001bbd   Thumb Code    88  usart.o(.text)
    TEST_Init                                0x08001c41   Thumb Code    72  exti.o(.text)
    EXTIX_Init                               0x08001c89   Thumb Code   360  exti.o(.text)
    EXTI0_IRQHandler                         0x08001df1   Thumb Code    60  exti.o(.text)
    EXTI1_IRQHandler                         0x08001e2d   Thumb Code    70  exti.o(.text)
    EXTI2_IRQHandler                         0x08001e73   Thumb Code    70  exti.o(.text)
    EXTI3_IRQHandler                         0x08001eb9   Thumb Code    70  exti.o(.text)
    EXTI4_IRQHandler                         0x08001eff   Thumb Code   138  exti.o(.text)
    __c89vsnprintf                           0x08001fa5   Thumb Code    48  c89vsnprintf.o(.text)
    __aeabi_memclr4                          0x08001fd9   Thumb Code     0  rt_memclr_w.o(.text)
    __aeabi_memclr8                          0x08001fd9   Thumb Code     0  rt_memclr_w.o(.text)
    __rt_memclr_w                            0x08001fd9   Thumb Code    78  rt_memclr_w.o(.text)
    _memset_w                                0x08001fdd   Thumb Code     0  rt_memclr_w.o(.text)
    __use_two_region_memory                  0x08002027   Thumb Code     2  heapauxi.o(.text)
    __rt_heap_escrow$2region                 0x08002029   Thumb Code     2  heapauxi.o(.text)
    __rt_heap_expand$2region                 0x0800202b   Thumb Code     2  heapauxi.o(.text)
    _printf_pre_padding                      0x0800202d   Thumb Code    44  _printf_pad.o(.text)
    _printf_post_padding                     0x08002059   Thumb Code    34  _printf_pad.o(.text)
    _printf_truncate_signed                  0x0800207b   Thumb Code    18  _printf_truncate.o(.text)
    _printf_truncate_unsigned                0x0800208d   Thumb Code    18  _printf_truncate.o(.text)
    _printf_str                              0x0800209f   Thumb Code    82  _printf_str.o(.text)
    _printf_int_dec                          0x080020f1   Thumb Code   100  _printf_dec.o(.text)
    _printf_charcount                        0x08002165   Thumb Code    40  _printf_charcount.o(.text)
    _printf_char_common                      0x08002197   Thumb Code    32  _printf_char_common.o(.text)
    _sputc                                   0x080021bd   Thumb Code    10  _sputc.o(.text)
    _snputc                                  0x080021c7   Thumb Code    16  _snputc.o(.text)
    _printf_wctomb                           0x080021d9   Thumb Code   182  _printf_wctomb.o(.text)
    _printf_longlong_dec                     0x08002295   Thumb Code   104  _printf_longlong_dec.o(.text)
    _printf_longlong_oct                     0x0800230d   Thumb Code    68  _printf_oct_int_ll.o(.text)
    _printf_int_oct                          0x08002351   Thumb Code    24  _printf_oct_int_ll.o(.text)
    _printf_ll_oct                           0x08002369   Thumb Code    12  _printf_oct_int_ll.o(.text)
    _printf_longlong_hex                     0x0800237d   Thumb Code    86  _printf_hex_int_ll_ptr.o(.text)
    _printf_int_hex                          0x080023d3   Thumb Code    28  _printf_hex_int_ll_ptr.o(.text)
    _printf_ll_hex                           0x080023ef   Thumb Code    12  _printf_hex_int_ll_ptr.o(.text)
    _printf_hex_ptr                          0x080023fb   Thumb Code    18  _printf_hex_int_ll_ptr.o(.text)
    __printf                                 0x08002411   Thumb Code   388  __printf_flags_ss_wp.o(.text)
    _ll_udiv10                               0x08002599   Thumb Code   138  lludiv10.o(.text)
    _printf_int_common                       0x08002623   Thumb Code   178  _printf_intcommon.o(.text)
    __lib_sel_fp_printf                      0x080026d5   Thumb Code     2  _printf_fp_dec.o(.text)
    _printf_fp_dec_real                      0x08002883   Thumb Code   616  _printf_fp_dec.o(.text)
    _printf_cs_common                        0x08002aeb   Thumb Code    20  _printf_char.o(.text)
    _printf_char                             0x08002aff   Thumb Code    16  _printf_char.o(.text)
    _printf_string                           0x08002b0f   Thumb Code     8  _printf_char.o(.text)
    _printf_lcs_common                       0x08002b17   Thumb Code    20  _printf_wchar.o(.text)
    _printf_wchar                            0x08002b2b   Thumb Code    16  _printf_wchar.o(.text)
    _printf_wstring                          0x08002b3b   Thumb Code     8  _printf_wchar.o(.text)
    _wcrtomb                                 0x08002b43   Thumb Code    64  _wcrtomb.o(.text)
    __user_setup_stackheap                   0x08002b83   Thumb Code    74  sys_stackheap_outer.o(.text)
    __rt_ctype_table                         0x08002bcd   Thumb Code    16  rt_ctype_table.o(.text)
    __rt_locale                              0x08002bdd   Thumb Code     8  rt_locale_intlibspace.o(.text)
    _printf_fp_infnan                        0x08002be5   Thumb Code   112  _printf_fp_infnan.o(.text)
    _btod_etento                             0x08002c65   Thumb Code   212  bigflt0.o(.text)
    exit                                     0x08002d3d   Thumb Code    12  exit.o(.text)
    __user_libspace                          0x08002d49   Thumb Code     8  libspace.o(.text)
    __user_perproc_libspace                  0x08002d49   Thumb Code     0  libspace.o(.text)
    __user_perthread_libspace                0x08002d49   Thumb Code     0  libspace.o(.text)
    strcmp                                   0x08002d51   Thumb Code   128  strcmpv7m.o(.text)
    _sys_exit                                0x08002dd1   Thumb Code     8  sys_exit.o(.text)
    __I$use$semihosting                      0x08002ddd   Thumb Code     0  use_no_semi.o(.text)
    __use_no_semihosting_swi                 0x08002ddd   Thumb Code     2  use_no_semi.o(.text)
    __semihosting_library_function           0x08002ddf   Thumb Code     0  indicate_semi.o(.text)
    _btod_d2e                                0x08002ddf   Thumb Code    62  btod.o(CL$$btod_d2e)
    _d2e_denorm_low                          0x08002e1d   Thumb Code    70  btod.o(CL$$btod_d2e_denorm_low)
    _d2e_norm_op1                            0x08002e63   Thumb Code    96  btod.o(CL$$btod_d2e_norm_op1)
    __btod_div_common                        0x08002ec3   Thumb Code   696  btod.o(CL$$btod_div_common)
    _e2e                                     0x080031fb   Thumb Code   198  btod.o(CL$$btod_e2e)
    _btod_ediv                               0x080032c1   Thumb Code    40  btod.o(CL$$btod_ediv)
    _btod_emul                               0x080032e9   Thumb Code    40  btod.o(CL$$btod_emul)
    __btod_mult_common                       0x08003311   Thumb Code   580  btod.o(CL$$btod_mult_common)
    __ARM_fpclassify                         0x08003555   Thumb Code    40  fpclassify.o(i.__ARM_fpclassify)
    _is_digit                                0x0800357d   Thumb Code    14  __printf_wp.o(i._is_digit)
    _get_lc_numeric                          0x0800358d   Thumb Code    44  lc_numeric_c.o(locale$$code)
    _get_lc_ctype                            0x080035b9   Thumb Code    44  lc_ctype_c.o(locale$$code)
    __aeabi_dadd                             0x080035e5   Thumb Code     0  daddsub_clz.o(x$fpl$dadd)
    _dadd                                    0x080035e5   Thumb Code   332  daddsub_clz.o(x$fpl$dadd)
    __aeabi_ddiv                             0x08003735   Thumb Code     0  ddiv.o(x$fpl$ddiv)
    _ddiv                                    0x08003735   Thumb Code   552  ddiv.o(x$fpl$ddiv)
    __aeabi_d2iz                             0x080039e5   Thumb Code     0  dfix.o(x$fpl$dfix)
    _dfix                                    0x080039e5   Thumb Code    94  dfix.o(x$fpl$dfix)
    __aeabi_i2d                              0x08003a43   Thumb Code     0  dflt_clz.o(x$fpl$dflt)
    _dflt                                    0x08003a43   Thumb Code    46  dflt_clz.o(x$fpl$dflt)
    __fpl_dnaninf                            0x08003a71   Thumb Code   156  dnaninf.o(x$fpl$dnaninf)
    __fpl_dretinf                            0x08003b0d   Thumb Code    12  dretinf.o(x$fpl$dretinf)
    __aeabi_dsub                             0x08003b19   Thumb Code     0  daddsub_clz.o(x$fpl$dsub)
    _dsub                                    0x08003b19   Thumb Code   464  daddsub_clz.o(x$fpl$dsub)
    _printf_fp_dec                           0x08003ced   Thumb Code     4  printf1.o(x$fpl$printf1)
    __I$use$fp                               0x08003cf0   Number         0  usenofp.o(x$fpl$usenofp)
    Region$$Table$$Base                      0x08003dc8   Number         0  anon$$obj.o(Region$$Table)
    Region$$Table$$Limit                     0x08003de8   Number         0  anon$$obj.o(Region$$Table)
    __ctype                                  0x08003e11   Data           0  lc_ctype_c.o(locale$$data)
    SystemCoreClock                          0x20000014   Data           4  system_stm32f10x.o(.data)
    AHBPrescTable                            0x20000018   Data          16  system_stm32f10x.o(.data)
    Rx1Flag                                  0x2000002c   Data           2  usart.o(.data)
    Rx2Flag                                  0x2000002e   Data           2  usart.o(.data)
    Rx3Flag                                  0x20000030   Data           2  usart.o(.data)
    Rx4Flag                                  0x20000032   Data           2  usart.o(.data)
    Rx5Flag                                  0x20000034   Data           2  usart.o(.data)
    USART_RX3_STA                            0x20000036   Data           2  usart.o(.data)
    Rx1Buf                                   0x20000038   Data         100  usart.o(.bss)
    Rx2Buf                                   0x2000009c   Data         100  usart.o(.bss)
    Rx3Buf                                   0x20000100   Data         100  usart.o(.bss)
    Rx4Buf                                   0x20000164   Data         100  usart.o(.bss)
    Rx5Buf                                   0x200001c8   Data         100  usart.o(.bss)
    __libspace_start                         0x2000022c   Data          96  libspace.o(.bss)
    __temporary_stack_top$libspace           0x2000028c   Data           0  libspace.o(.bss)



==============================================================================

Memory Map of the image

  Image Entry point : 0x08000131

  Load Region LR_IROM1 (Base: 0x08000000, Size: 0x00003f4c, Max: 0x00080000, ABSOLUTE)

    Execution Region ER_IROM1 (Base: 0x08000000, Size: 0x00003f14, Max: 0x00080000, ABSOLUTE)

    Base Addr    Size         Type   Attr      Idx    E Section Name        Object

    0x08000000   0x00000130   Data   RO           19    RESET               startup_stm32f10x_hd.o
    0x08000130   0x00000008   Code   RO          441  * !!!main             c_w.l(__main.o)
    0x08000138   0x00000034   Code   RO          776    !!!scatter          c_w.l(__scatter.o)
    0x0800016c   0x0000001a   Code   RO          778    !!handler_copy      c_w.l(__scatter_copy.o)
    0x08000186   0x00000002   PAD
    0x08000188   0x0000001c   Code   RO          780    !!handler_zi        c_w.l(__scatter_zi.o)
    0x080001a4   0x00000000   Code   RO          547    .ARM.Collect$$_printf_percent$$00000000  c_w.l(_printf_percent.o)
    0x080001a4   0x00000006   Code   RO          536    .ARM.Collect$$_printf_percent$$00000001  c_w.l(_printf_n.o)
    0x080001aa   0x00000006   Code   RO          538    .ARM.Collect$$_printf_percent$$00000002  c_w.l(_printf_p.o)
    0x080001b0   0x00000006   Code   RO          543    .ARM.Collect$$_printf_percent$$00000003  c_w.l(_printf_f.o)
    0x080001b6   0x00000006   Code   RO          544    .ARM.Collect$$_printf_percent$$00000004  c_w.l(_printf_e.o)
    0x080001bc   0x00000006   Code   RO          545    .ARM.Collect$$_printf_percent$$00000005  c_w.l(_printf_g.o)
    0x080001c2   0x00000006   Code   RO          546    .ARM.Collect$$_printf_percent$$00000006  c_w.l(_printf_a.o)
    0x080001c8   0x0000000a   Code   RO          551    .ARM.Collect$$_printf_percent$$00000007  c_w.l(_printf_ll.o)
    0x080001d2   0x00000006   Code   RO          540    .ARM.Collect$$_printf_percent$$00000008  c_w.l(_printf_i.o)
    0x080001d8   0x00000006   Code   RO          541    .ARM.Collect$$_printf_percent$$00000009  c_w.l(_printf_d.o)
    0x080001de   0x00000006   Code   RO          542    .ARM.Collect$$_printf_percent$$0000000A  c_w.l(_printf_u.o)
    0x080001e4   0x00000006   Code   RO          539    .ARM.Collect$$_printf_percent$$0000000B  c_w.l(_printf_o.o)
    0x080001ea   0x00000006   Code   RO          537    .ARM.Collect$$_printf_percent$$0000000C  c_w.l(_printf_x.o)
    0x080001f0   0x00000006   Code   RO          548    .ARM.Collect$$_printf_percent$$0000000D  c_w.l(_printf_lli.o)
    0x080001f6   0x00000006   Code   RO          549    .ARM.Collect$$_printf_percent$$0000000E  c_w.l(_printf_lld.o)
    0x080001fc   0x00000006   Code   RO          550    .ARM.Collect$$_printf_percent$$0000000F  c_w.l(_printf_llu.o)
    0x08000202   0x00000006   Code   RO          555    .ARM.Collect$$_printf_percent$$00000010  c_w.l(_printf_llo.o)
    0x08000208   0x00000006   Code   RO          556    .ARM.Collect$$_printf_percent$$00000011  c_w.l(_printf_llx.o)
    0x0800020e   0x0000000a   Code   RO          552    .ARM.Collect$$_printf_percent$$00000012  c_w.l(_printf_l.o)
    0x08000218   0x00000006   Code   RO          534    .ARM.Collect$$_printf_percent$$00000013  c_w.l(_printf_c.o)
    0x0800021e   0x00000006   Code   RO          535    .ARM.Collect$$_printf_percent$$00000014  c_w.l(_printf_s.o)
    0x08000224   0x00000006   Code   RO          553    .ARM.Collect$$_printf_percent$$00000015  c_w.l(_printf_lc.o)
    0x0800022a   0x00000006   Code   RO          554    .ARM.Collect$$_printf_percent$$00000016  c_w.l(_printf_ls.o)
    0x08000230   0x00000004   Code   RO          591    .ARM.Collect$$_printf_percent$$00000017  c_w.l(_printf_percent_end.o)
    0x08000234   0x00000002   Code   RO          640    .ARM.Collect$$libinit$$00000000  c_w.l(libinit.o)
    0x08000236   0x00000000   Code   RO          656    .ARM.Collect$$libinit$$00000002  c_w.l(libinit2.o)
    0x08000236   0x00000000   Code   RO          659    .ARM.Collect$$libinit$$00000008  c_w.l(libinit2.o)
    0x08000236   0x00000000   Code   RO          661    .ARM.Collect$$libinit$$0000000A  c_w.l(libinit2.o)
    0x08000236   0x00000000   Code   RO          663    .ARM.Collect$$libinit$$0000000C  c_w.l(libinit2.o)
    0x08000236   0x00000006   Code   RO          664    .ARM.Collect$$libinit$$0000000D  c_w.l(libinit2.o)
    0x0800023c   0x00000000   Code   RO          666    .ARM.Collect$$libinit$$0000000F  c_w.l(libinit2.o)
    0x0800023c   0x0000000c   Code   RO          667    .ARM.Collect$$libinit$$00000010  c_w.l(libinit2.o)
    0x08000248   0x00000000   Code   RO          668    .ARM.Collect$$libinit$$00000011  c_w.l(libinit2.o)
    0x08000248   0x00000000   Code   RO          670    .ARM.Collect$$libinit$$00000013  c_w.l(libinit2.o)
    0x08000248   0x0000000a   Code   RO          671    .ARM.Collect$$libinit$$00000014  c_w.l(libinit2.o)
    0x08000252   0x00000000   Code   RO          672    .ARM.Collect$$libinit$$00000015  c_w.l(libinit2.o)
    0x08000252   0x00000000   Code   RO          674    .ARM.Collect$$libinit$$00000017  c_w.l(libinit2.o)
    0x08000252   0x00000000   Code   RO          676    .ARM.Collect$$libinit$$00000019  c_w.l(libinit2.o)
    0x08000252   0x00000000   Code   RO          678    .ARM.Collect$$libinit$$0000001B  c_w.l(libinit2.o)
    0x08000252   0x00000000   Code   RO          680    .ARM.Collect$$libinit$$0000001D  c_w.l(libinit2.o)
    0x08000252   0x00000000   Code   RO          682    .ARM.Collect$$libinit$$0000001F  c_w.l(libinit2.o)
    0x08000252   0x00000000   Code   RO          684    .ARM.Collect$$libinit$$00000021  c_w.l(libinit2.o)
    0x08000252   0x00000000   Code   RO          686    .ARM.Collect$$libinit$$00000023  c_w.l(libinit2.o)
    0x08000252   0x00000000   Code   RO          690    .ARM.Collect$$libinit$$0000002A  c_w.l(libinit2.o)
    0x08000252   0x00000000   Code   RO          692    .ARM.Collect$$libinit$$0000002C  c_w.l(libinit2.o)
    0x08000252   0x00000000   Code   RO          694    .ARM.Collect$$libinit$$0000002E  c_w.l(libinit2.o)
    0x08000252   0x00000000   Code   RO          696    .ARM.Collect$$libinit$$00000030  c_w.l(libinit2.o)
    0x08000252   0x00000002   Code   RO          697    .ARM.Collect$$libinit$$00000031  c_w.l(libinit2.o)
    0x08000254   0x00000002   Code   RO          717    .ARM.Collect$$libshutdown$$00000000  c_w.l(libshutdown.o)
    0x08000256   0x00000000   Code   RO          731    .ARM.Collect$$libshutdown$$00000003  c_w.l(libshutdown2.o)
    0x08000256   0x00000000   Code   RO          734    .ARM.Collect$$libshutdown$$00000006  c_w.l(libshutdown2.o)
    0x08000256   0x00000000   Code   RO          737    .ARM.Collect$$libshutdown$$00000009  c_w.l(libshutdown2.o)
    0x08000256   0x00000000   Code   RO          739    .ARM.Collect$$libshutdown$$0000000B  c_w.l(libshutdown2.o)
    0x08000256   0x00000000   Code   RO          742    .ARM.Collect$$libshutdown$$0000000E  c_w.l(libshutdown2.o)
    0x08000256   0x00000002   Code   RO          743    .ARM.Collect$$libshutdown$$0000000F  c_w.l(libshutdown2.o)
    0x08000258   0x00000000   Code   RO          463    .ARM.Collect$$rtentry$$00000000  c_w.l(rtentry.o)
    0x08000258   0x00000000   Code   RO          565    .ARM.Collect$$rtentry$$00000002  c_w.l(rtentry2.o)
    0x08000258   0x00000006   Code   RO          577    .ARM.Collect$$rtentry$$00000004  c_w.l(rtentry4.o)
    0x0800025e   0x00000000   Code   RO          567    .ARM.Collect$$rtentry$$00000009  c_w.l(rtentry2.o)
    0x0800025e   0x00000004   Code   RO          568    .ARM.Collect$$rtentry$$0000000A  c_w.l(rtentry2.o)
    0x08000262   0x00000000   Code   RO          570    .ARM.Collect$$rtentry$$0000000C  c_w.l(rtentry2.o)
    0x08000262   0x00000008   Code   RO          571    .ARM.Collect$$rtentry$$0000000D  c_w.l(rtentry2.o)
    0x0800026a   0x00000002   Code   RO          648    .ARM.Collect$$rtexit$$00000000  c_w.l(rtexit.o)
    0x0800026c   0x00000000   Code   RO          699    .ARM.Collect$$rtexit$$00000002  c_w.l(rtexit2.o)
    0x0800026c   0x00000004   Code   RO          700    .ARM.Collect$$rtexit$$00000003  c_w.l(rtexit2.o)
    0x08000270   0x00000006   Code   RO          701    .ARM.Collect$$rtexit$$00000004  c_w.l(rtexit2.o)
    0x08000276   0x00000002   PAD
    0x08000278   0x00000040   Code   RO           20    .text               startup_stm32f10x_hd.o
    0x080002b8   0x000000dc   Code   RO           24    .text               misc.o
    0x08000394   0x0000035c   Code   RO          119    .text               stm32f10x_gpio.o
    0x080006f0   0x000003a4   Code   RO          131    .text               stm32f10x_rcc.o
    0x08000a94   0x00000408   Code   RO          145    .text               stm32f10x_usart.o
    0x08000e9c   0x0000011c   Code   RO          157    .text               stm32f10x_exti.o
    0x08000fb8   0x00000058   Code   RO          169    .text               main.o
    0x08001010   0x0000001a   Code   RO          239    .text               stm32f10x_it.o
    0x0800102a   0x00000002   PAD
    0x0800102c   0x000001e0   Code   RO          254    .text               system_stm32f10x.o
    0x0800120c   0x00000584   Code   RO          272    .text               mcp41010.o
    0x08001790   0x000000ac   Code   RO          293    .text               delay.o
    0x0800183c   0x00000404   Code   RO          325    .text               usart.o
    0x08001c40   0x00000364   Code   RO          403    .text               exti.o
    0x08001fa4   0x00000034   Code   RO          433    .text               c_w.l(c89vsnprintf.o)
    0x08001fd8   0x0000004e   Code   RO          437    .text               c_w.l(rt_memclr_w.o)
    0x08002026   0x00000006   Code   RO          439    .text               c_w.l(heapauxi.o)
    0x0800202c   0x0000004e   Code   RO          466    .text               c_w.l(_printf_pad.o)
    0x0800207a   0x00000024   Code   RO          468    .text               c_w.l(_printf_truncate.o)
    0x0800209e   0x00000052   Code   RO          470    .text               c_w.l(_printf_str.o)
    0x080020f0   0x00000074   Code   RO          472    .text               c_w.l(_printf_dec.o)
    0x08002164   0x00000028   Code   RO          474    .text               c_w.l(_printf_charcount.o)
    0x0800218c   0x00000030   Code   RO          476    .text               c_w.l(_printf_char_common.o)
    0x080021bc   0x0000000a   Code   RO          478    .text               c_w.l(_sputc.o)
    0x080021c6   0x00000010   Code   RO          480    .text               c_w.l(_snputc.o)
    0x080021d6   0x00000002   PAD
    0x080021d8   0x000000bc   Code   RO          482    .text               c_w.l(_printf_wctomb.o)
    0x08002294   0x00000078   Code   RO          485    .text               c_w.l(_printf_longlong_dec.o)
    0x0800230c   0x00000070   Code   RO          491    .text               c_w.l(_printf_oct_int_ll.o)
    0x0800237c   0x00000094   Code   RO          511    .text               c_w.l(_printf_hex_int_ll_ptr.o)
    0x08002410   0x00000188   Code   RO          531    .text               c_w.l(__printf_flags_ss_wp.o)
    0x08002598   0x0000008a   Code   RO          579    .text               c_w.l(lludiv10.o)
    0x08002622   0x000000b2   Code   RO          581    .text               c_w.l(_printf_intcommon.o)
    0x080026d4   0x00000416   Code   RO          583    .text               c_w.l(_printf_fp_dec.o)
    0x08002aea   0x0000002c   Code   RO          587    .text               c_w.l(_printf_char.o)
    0x08002b16   0x0000002c   Code   RO          589    .text               c_w.l(_printf_wchar.o)
    0x08002b42   0x00000040   Code   RO          592    .text               c_w.l(_wcrtomb.o)
    0x08002b82   0x0000004a   Code   RO          594    .text               c_w.l(sys_stackheap_outer.o)
    0x08002bcc   0x00000010   Code   RO          596    .text               c_w.l(rt_ctype_table.o)
    0x08002bdc   0x00000008   Code   RO          601    .text               c_w.l(rt_locale_intlibspace.o)
    0x08002be4   0x00000080   Code   RO          603    .text               c_w.l(_printf_fp_infnan.o)
    0x08002c64   0x000000d8   Code   RO          605    .text               c_w.l(bigflt0.o)
    0x08002d3c   0x0000000c   Code   RO          633    .text               c_w.l(exit.o)
    0x08002d48   0x00000008   Code   RO          645    .text               c_w.l(libspace.o)
    0x08002d50   0x00000080   Code   RO          653    .text               c_w.l(strcmpv7m.o)
    0x08002dd0   0x0000000c   Code   RO          709    .text               c_w.l(sys_exit.o)
    0x08002ddc   0x00000002   Code   RO          720    .text               c_w.l(use_no_semi.o)
    0x08002dde   0x00000000   Code   RO          722    .text               c_w.l(indicate_semi.o)
    0x08002dde   0x0000003e   Code   RO          608    CL$$btod_d2e        c_w.l(btod.o)
    0x08002e1c   0x00000046   Code   RO          610    CL$$btod_d2e_denorm_low  c_w.l(btod.o)
    0x08002e62   0x00000060   Code   RO          609    CL$$btod_d2e_norm_op1  c_w.l(btod.o)
    0x08002ec2   0x00000338   Code   RO          618    CL$$btod_div_common  c_w.l(btod.o)
    0x080031fa   0x000000c6   Code   RO          615    CL$$btod_e2e        c_w.l(btod.o)
    0x080032c0   0x00000028   Code   RO          612    CL$$btod_ediv       c_w.l(btod.o)
    0x080032e8   0x00000028   Code   RO          611    CL$$btod_emul       c_w.l(btod.o)
    0x08003310   0x00000244   Code   RO          617    CL$$btod_mult_common  c_w.l(btod.o)
    0x08003554   0x00000028   Code   RO          643    i.__ARM_fpclassify  m_ws.l(fpclassify.o)
    0x0800357c   0x0000000e   Code   RO          524    i._is_digit         c_w.l(__printf_wp.o)
    0x0800358a   0x00000002   PAD
    0x0800358c   0x0000002c   Code   RO          631    locale$$code        c_w.l(lc_numeric_c.o)
    0x080035b8   0x0000002c   Code   RO          651    locale$$code        c_w.l(lc_ctype_c.o)
    0x080035e4   0x00000150   Code   RO          443    x$fpl$dadd          fz_ws.l(daddsub_clz.o)
    0x08003734   0x000002b0   Code   RO          450    x$fpl$ddiv          fz_ws.l(ddiv.o)
    0x080039e4   0x0000005e   Code   RO          453    x$fpl$dfix          fz_ws.l(dfix.o)
    0x08003a42   0x0000002e   Code   RO          458    x$fpl$dflt          fz_ws.l(dflt_clz.o)
    0x08003a70   0x0000009c   Code   RO          557    x$fpl$dnaninf       fz_ws.l(dnaninf.o)
    0x08003b0c   0x0000000c   Code   RO          559    x$fpl$dretinf       fz_ws.l(dretinf.o)
    0x08003b18   0x000001d4   Code   RO          445    x$fpl$dsub          fz_ws.l(daddsub_clz.o)
    0x08003cec   0x00000004   Code   RO          561    x$fpl$printf1       fz_ws.l(printf1.o)
    0x08003cf0   0x00000000   Code   RO          563    x$fpl$usenofp       fz_ws.l(usenofp.o)
    0x08003cf0   0x00000008   Data   RO          483    .constdata          c_w.l(_printf_wctomb.o)
    0x08003cf8   0x00000028   Data   RO          512    .constdata          c_w.l(_printf_hex_int_ll_ptr.o)
    0x08003d20   0x00000011   Data   RO          532    .constdata          c_w.l(__printf_flags_ss_wp.o)
    0x08003d31   0x00000003   PAD
    0x08003d34   0x00000094   Data   RO          606    .constdata          c_w.l(bigflt0.o)
    0x08003dc8   0x00000020   Data   RO          774    Region$$Table       anon$$obj.o
    0x08003de8   0x0000001c   Data   RO          630    locale$$data        c_w.l(lc_numeric_c.o)
    0x08003e04   0x00000110   Data   RO          650    locale$$data        c_w.l(lc_ctype_c.o)


    Execution Region RW_IRAM1 (Base: 0x20000000, Size: 0x00000890, Max: 0x00010000, ABSOLUTE)

    Base Addr    Size         Type   Attr      Idx    E Section Name        Object

    0x20000000   0x00000014   Data   RW          132    .data               stm32f10x_rcc.o
    0x20000014   0x00000014   Data   RW          255    .data               system_stm32f10x.o
    0x20000028   0x00000004   Data   RW          294    .data               delay.o
    0x2000002c   0x0000000c   Data   RW          327    .data               usart.o
    0x20000038   0x000001f4   Zero   RW          326    .bss                usart.o
    0x2000022c   0x00000060   Zero   RW          646    .bss                c_w.l(libspace.o)
    0x2000028c   0x00000004   PAD
    0x20000290   0x00000200   Zero   RW           18    HEAP                startup_stm32f10x_hd.o
    0x20000490   0x00000400   Zero   RW           17    STACK               startup_stm32f10x_hd.o


==============================================================================

Image component sizes


      Code (inc. data)   RO Data    RW Data    ZI Data      Debug   Object Name

         0          0          0          0          0       4304   core_cm3.o
       172          8          0          4          0       1187   delay.o
       868         28          0          0          0       1888   exti.o
        88         18          0          0          0     203803   main.o
      1412         84          0          0          0       2813   mcp41010.o
       220         22          0          0          0     232297   misc.o
        64         26        304          0       1536        820   startup_stm32f10x_hd.o
       284         10          0          0          0       2311   stm32f10x_exti.o
       860         38          0          0          0       5725   stm32f10x_gpio.o
        26          0          0          0          0       1278   stm32f10x_it.o
       932         36          0         20          0       8956   stm32f10x_rcc.o
      1032         22          0          0          0       8448   stm32f10x_usart.o
       480         38          0         20          0       1995   system_stm32f10x.o
      1028         44          0         12        500       4715   usart.o

    ----------------------------------------------------------------------
      7468        374        336         56       2036     480540   Object Totals
         0          0         32          0          0          0   (incl. Generated)
         2          0          0          0          0          0   (incl. Padding)

    ----------------------------------------------------------------------

      Code (inc. data)   RO Data    RW Data    ZI Data      Debug   Library Member Name

         8          0          0          0          0         68   __main.o
       392          4         17          0          0         92   __printf_flags_ss_wp.o
        14          0          0          0          0         68   __printf_wp.o
        52          8          0          0          0          0   __scatter.o
        26          0          0          0          0          0   __scatter_copy.o
        28          0          0          0          0          0   __scatter_zi.o
         6          0          0          0          0          0   _printf_a.o
         6          0          0          0          0          0   _printf_c.o
        44          0          0          0          0        108   _printf_char.o
        48          6          0          0          0         96   _printf_char_common.o
        40          0          0          0          0         68   _printf_charcount.o
         6          0          0          0          0          0   _printf_d.o
       116         16          0          0          0         92   _printf_dec.o
         6          0          0          0          0          0   _printf_e.o
         6          0          0          0          0          0   _printf_f.o
      1046          0          0          0          0        216   _printf_fp_dec.o
       128         16          0          0          0         84   _printf_fp_infnan.o
         6          0          0          0          0          0   _printf_g.o
       148          4         40          0          0        160   _printf_hex_int_ll_ptr.o
         6          0          0          0          0          0   _printf_i.o
       178          0          0          0          0         88   _printf_intcommon.o
        10          0          0          0          0          0   _printf_l.o
         6          0          0          0          0          0   _printf_lc.o
        10          0          0          0          0          0   _printf_ll.o
         6          0          0          0          0          0   _printf_lld.o
         6          0          0          0          0          0   _printf_lli.o
         6          0          0          0          0          0   _printf_llo.o
         6          0          0          0          0          0   _printf_llu.o
         6          0          0          0          0          0   _printf_llx.o
       120         16          0          0          0         92   _printf_longlong_dec.o
         6          0          0          0          0          0   _printf_ls.o
         6          0          0          0          0          0   _printf_n.o
         6          0          0          0          0          0   _printf_o.o
       112          8          0          0          0        124   _printf_oct_int_ll.o
         6          0          0          0          0          0   _printf_p.o
        78          0          0          0          0        108   _printf_pad.o
         0          0          0          0          0          0   _printf_percent.o
         4          0          0          0          0          0   _printf_percent_end.o
         6          0          0          0          0          0   _printf_s.o
        82          0          0          0          0         80   _printf_str.o
        36          0          0          0          0         84   _printf_truncate.o
         6          0          0          0          0          0   _printf_u.o
        44          0          0          0          0        108   _printf_wchar.o
       188          6          8          0          0         92   _printf_wctomb.o
         6          0          0          0          0          0   _printf_x.o
        16          0          0          0          0         68   _snputc.o
        10          0          0          0          0         68   _sputc.o
        64          0          0          0          0         92   _wcrtomb.o
       216          4        148          0          0         96   bigflt0.o
      1910        128          0          0          0        672   btod.o
        52          4          0          0          0         80   c89vsnprintf.o
        12          0          0          0          0         72   exit.o
         6          0          0          0          0        152   heapauxi.o
         0          0          0          0          0          0   indicate_semi.o
        44         10        272          0          0         76   lc_ctype_c.o
        44         10         28          0          0         76   lc_numeric_c.o
         2          0          0          0          0          0   libinit.o
        30          0          0          0          0          0   libinit2.o
         2          0          0          0          0          0   libshutdown.o
         2          0          0          0          0          0   libshutdown2.o
         8          4          0          0         96         68   libspace.o
       138          0          0          0          0         80   lludiv10.o
        16          4          0          0          0         76   rt_ctype_table.o
         8          4          0          0          0         68   rt_locale_intlibspace.o
        78          0          0          0          0         80   rt_memclr_w.o
         0          0          0          0          0          0   rtentry.o
        12          0          0          0          0          0   rtentry2.o
         6          0          0          0          0          0   rtentry4.o
         2          0          0          0          0          0   rtexit.o
        10          0          0          0          0          0   rtexit2.o
       128          0          0          0          0         68   strcmpv7m.o
        12          4          0          0          0         68   sys_exit.o
        74          0          0          0          0         80   sys_stackheap_outer.o
         2          0          0          0          0         68   use_no_semi.o
       804         16          0          0          0        272   daddsub_clz.o
       688        140          0          0          0        208   ddiv.o
        94          4          0          0          0         92   dfix.o
        46          0          0          0          0         68   dflt_clz.o
       156          4          0          0          0         92   dnaninf.o
        12          0          0          0          0         68   dretinf.o
         4          0          0          0          0         68   printf1.o
         0          0          0          0          0          0   usenofp.o
        40          0          0          0          0         68   fpclassify.o

    ----------------------------------------------------------------------
      7828        420        516          0        100       4872   Library Totals
         8          0          3          0          4          0   (incl. Padding)

    ----------------------------------------------------------------------

      Code (inc. data)   RO Data    RW Data    ZI Data      Debug   Library Name

      5976        256        513          0         96       3936   c_w.l
      1804        164          0          0          0        868   fz_ws.l
        40          0          0          0          0         68   m_ws.l

    ----------------------------------------------------------------------
      7828        420        516          0        100       4872   Library Totals

    ----------------------------------------------------------------------

==============================================================================


      Code (inc. data)   RO Data    RW Data    ZI Data      Debug   

     15296        794        852         56       2136     481924   Grand Totals
     15296        794        852         56       2136     481924   ELF Image Totals
     15296        794        852         56          0          0   ROM Totals

==============================================================================

    Total RO  Size (Code + RO Data)                16148 (  15.77kB)
    Total RW  Size (RW Data + ZI Data)              2192 (   2.14kB)
    Total ROM Size (Code + RO Data + RW Data)      16204 (  15.82kB)

==============================================================================

